[0.015s] Invoking command in '/home/alsnac/Codes/GIT/6DOF_Servo/build/servo6dof_moveit': CMAKE_PREFIX_PATH=${CMAKE_PREFIX_PATH}:/opt/ros/humble /usr/bin/cmake /home/alsnac/Codes/GIT/6DOF_Servo/servo6dof/servo6dof_moveit -DCMAKE_INSTALL_PREFIX=/home/alsnac/Codes/GIT/6DOF_Servo/install/servo6dof_moveit
[0.092s] -- The C compiler identification is GNU 11.4.0
[0.176s] -- The CXX compiler identification is GNU 11.4.0
[0.187s] -- Detecting C compiler ABI info
[0.288s] -- Detecting C compiler ABI info - done
[0.297s] -- Check for working C compiler: /usr/bin/cc - skipped
[0.298s] -- Detecting C compile features
[0.298s] -- Detecting C compile features - done
[0.302s] -- Detecting CXX compiler ABI info
[0.422s] -- Detecting CXX compiler ABI info - done
[0.432s] -- Check for working CXX compiler: /usr/bin/c++ - skipped
[0.432s] -- Detecting CXX compile features
[0.433s] -- Detecting CXX compile features - done
[0.437s] -- Found ament_cmake: 1.3.10 (/opt/ros/humble/share/ament_cmake/cmake)
[0.642s] -- Found Python3: /usr/bin/python3 (found version "3.10.12") found components: Interpreter 
[0.767s] -- Found ament_lint_auto: 0.12.11 (/opt/ros/humble/share/ament_lint_auto/cmake)
[0.874s] -- Added test 'lint_cmake' to check CMake code style
[0.875s] -- Added test 'xmllint' to check XML markup files
[0.877s] -- Configuring done
[0.881s] -- Generating done
[0.882s] -- Build files have been written to: /home/alsnac/Codes/GIT/6DOF_Servo/build/servo6dof_moveit
[0.888s] Invoked command in '/home/alsnac/Codes/GIT/6DOF_Servo/build/servo6dof_moveit' returned '0': CMAKE_PREFIX_PATH=${CMAKE_PREFIX_PATH}:/opt/ros/humble /usr/bin/cmake /home/alsnac/Codes/GIT/6DOF_Servo/servo6dof/servo6dof_moveit -DCMAKE_INSTALL_PREFIX=/home/alsnac/Codes/GIT/6DOF_Servo/install/servo6dof_moveit
[0.891s] Invoking command in '/home/alsnac/Codes/GIT/6DOF_Servo/build/servo6dof_moveit': CMAKE_PREFIX_PATH=${CMAKE_PREFIX_PATH}:/opt/ros/humble /usr/bin/cmake --build /home/alsnac/Codes/GIT/6DOF_Servo/build/servo6dof_moveit -- -j16 -l16
[0.950s] Invoked command in '/home/alsnac/Codes/GIT/6DOF_Servo/build/servo6dof_moveit' returned '0': CMAKE_PREFIX_PATH=${CMAKE_PREFIX_PATH}:/opt/ros/humble /usr/bin/cmake --build /home/alsnac/Codes/GIT/6DOF_Servo/build/servo6dof_moveit -- -j16 -l16
[1.005s] Invoking command in '/home/alsnac/Codes/GIT/6DOF_Servo/build/servo6dof_moveit': CMAKE_PREFIX_PATH=${CMAKE_PREFIX_PATH}:/opt/ros/humble /usr/bin/cmake --install /home/alsnac/Codes/GIT/6DOF_Servo/build/servo6dof_moveit
[1.015s] -- Install configuration: ""
[1.015s] -- Installing: /home/alsnac/Codes/GIT/6DOF_Servo/install/servo6dof_moveit/share/ament_index/resource_index/package_run_dependencies/servo6dof_moveit
[1.016s] -- Installing: /home/alsnac/Codes/GIT/6DOF_Servo/install/servo6dof_moveit/share/ament_index/resource_index/parent_prefix_path/servo6dof_moveit
[1.016s] -- Installing: /home/alsnac/Codes/GIT/6DOF_Servo/install/servo6dof_moveit/share/servo6dof_moveit/environment/ament_prefix_path.sh
[1.016s] -- Installing: /home/alsnac/Codes/GIT/6DOF_Servo/install/servo6dof_moveit/share/servo6dof_moveit/environment/ament_prefix_path.dsv
[1.017s] -- Installing: /home/alsnac/Codes/GIT/6DOF_Servo/install/servo6dof_moveit/share/servo6dof_moveit/environment/path.sh
[1.017s] -- Installing: /home/alsnac/Codes/GIT/6DOF_Servo/install/servo6dof_moveit/share/servo6dof_moveit/environment/path.dsv
[1.017s] -- Installing: /home/alsnac/Codes/GIT/6DOF_Servo/install/servo6dof_moveit/share/servo6dof_moveit/local_setup.bash
[1.017s] -- Installing: /home/alsnac/Codes/GIT/6DOF_Servo/install/servo6dof_moveit/share/servo6dof_moveit/local_setup.sh
[1.017s] -- Installing: /home/alsnac/Codes/GIT/6DOF_Servo/install/servo6dof_moveit/share/servo6dof_moveit/local_setup.zsh
[1.017s] -- Installing: /home/alsnac/Codes/GIT/6DOF_Servo/install/servo6dof_moveit/share/servo6dof_moveit/local_setup.dsv
[1.018s] -- Installing: /home/alsnac/Codes/GIT/6DOF_Servo/install/servo6dof_moveit/share/servo6dof_moveit/package.dsv
[1.018s] -- Installing: /home/alsnac/Codes/GIT/6DOF_Servo/install/servo6dof_moveit/share/ament_index/resource_index/packages/servo6dof_moveit
[1.018s] -- Installing: /home/alsnac/Codes/GIT/6DOF_Servo/install/servo6dof_moveit/share/servo6dof_moveit/cmake/servo6dof_moveitConfig.cmake
[1.018s] -- Installing: /home/alsnac/Codes/GIT/6DOF_Servo/install/servo6dof_moveit/share/servo6dof_moveit/cmake/servo6dof_moveitConfig-version.cmake
[1.018s] -- Installing: /home/alsnac/Codes/GIT/6DOF_Servo/install/servo6dof_moveit/share/servo6dof_moveit/package.xml
[1.023s] Invoked command in '/home/alsnac/Codes/GIT/6DOF_Servo/build/servo6dof_moveit' returned '0': CMAKE_PREFIX_PATH=${CMAKE_PREFIX_PATH}:/opt/ros/humble /usr/bin/cmake --install /home/alsnac/Codes/GIT/6DOF_Servo/build/servo6dof_moveit
