[0.015s] Invoking command in '/home/alsnac/Codes/GIT/6DOF_Servo/servo6dof/servo6dof_description/build/servo6dof_description': CMAKE_PREFIX_PATH=/opt/ros/humble /usr/bin/cmake /home/alsnac/Codes/GIT/6DOF_Servo/servo6dof/servo6dof_description -DCMAKE_INSTALL_PREFIX=/home/alsnac/Codes/GIT/6DOF_Servo/servo6dof/servo6dof_description/install/servo6dof_description
[0.098s] -- The C compiler identification is GNU 11.4.0
[0.176s] -- The CXX compiler identification is GNU 11.4.0
[0.186s] -- Detecting C compiler ABI info
[0.292s] -- Detecting C compiler ABI info - done
[0.302s] -- Check for working C compiler: /usr/bin/cc - skipped
[0.302s] -- Detecting C compile features
[0.303s] -- Detecting C compile features - done
[0.306s] -- Detecting CXX compiler ABI info
[0.423s] -- Detecting CXX compiler ABI info - done
[0.434s] -- Check for working CXX compiler: /usr/bin/c++ - skipped
[0.434s] -- Detecting CXX compile features
[0.434s] -- Detecting CXX compile features - done
[0.438s] -- Found ament_cmake: 1.3.10 (/opt/ros/humble/share/ament_cmake/cmake)
[0.639s] -- Found Python3: /usr/bin/python3 (found version "3.10.12") found components: Interpreter 
[0.758s] -- Found ament_lint_auto: 0.12.11 (/opt/ros/humble/share/ament_lint_auto/cmake)
[0.874s] -- Added test 'cppcheck' to perform static code analysis on C / C++ code
[0.874s] -- Configured cppcheck include dirs: 
[0.874s] -- Configured cppcheck exclude dirs and/or files: 
[0.876s] -- Added test 'flake8' to check Python code syntax and style conventions
[0.879s] -- Added test 'lint_cmake' to check CMake code style
[0.881s] -- Added test 'pep257' to check Python code against some of the docstring style conventions in PEP 257
[0.892s] -- Added test 'uncrustify' to check C / C++ code style
[0.892s] -- Configured uncrustify additional arguments: 
[0.894s] -- Added test 'xmllint' to check XML markup files
[0.896s] -- Configuring done
[0.900s] -- Generating done
[0.902s] -- Build files have been written to: /home/alsnac/Codes/GIT/6DOF_Servo/servo6dof/servo6dof_description/build/servo6dof_description
[0.908s] Invoked command in '/home/alsnac/Codes/GIT/6DOF_Servo/servo6dof/servo6dof_description/build/servo6dof_description' returned '0': CMAKE_PREFIX_PATH=/opt/ros/humble /usr/bin/cmake /home/alsnac/Codes/GIT/6DOF_Servo/servo6dof/servo6dof_description -DCMAKE_INSTALL_PREFIX=/home/alsnac/Codes/GIT/6DOF_Servo/servo6dof/servo6dof_description/install/servo6dof_description
[0.911s] Invoking command in '/home/alsnac/Codes/GIT/6DOF_Servo/servo6dof/servo6dof_description/build/servo6dof_description': CMAKE_PREFIX_PATH=/opt/ros/humble /usr/bin/cmake --build /home/alsnac/Codes/GIT/6DOF_Servo/servo6dof/servo6dof_description/build/servo6dof_description -- -j16 -l16
[0.974s] Invoked command in '/home/alsnac/Codes/GIT/6DOF_Servo/servo6dof/servo6dof_description/build/servo6dof_description' returned '0': CMAKE_PREFIX_PATH=/opt/ros/humble /usr/bin/cmake --build /home/alsnac/Codes/GIT/6DOF_Servo/servo6dof/servo6dof_description/build/servo6dof_description -- -j16 -l16
[1.032s] Invoking command in '/home/alsnac/Codes/GIT/6DOF_Servo/servo6dof/servo6dof_description/build/servo6dof_description': CMAKE_PREFIX_PATH=/opt/ros/humble /usr/bin/cmake --install /home/alsnac/Codes/GIT/6DOF_Servo/servo6dof/servo6dof_description/build/servo6dof_description
[1.042s] -- Install configuration: ""
[1.042s] -- Installing: /home/alsnac/Codes/GIT/6DOF_Servo/servo6dof/servo6dof_description/install/servo6dof_description/share/servo6dof_description/meshes
[1.042s] -- Installing: /home/alsnac/Codes/GIT/6DOF_Servo/servo6dof/servo6dof_description/install/servo6dof_description/share/servo6dof_description/meshes/garra_pinca.stl
[1.043s] -- Installing: /home/alsnac/Codes/GIT/6DOF_Servo/servo6dof/servo6dof_description/install/servo6dof_description/share/servo6dof_description/meshes/garra_elo2.stl
[1.043s] -- Installing: /home/alsnac/Codes/GIT/6DOF_Servo/servo6dof/servo6dof_description/install/servo6dof_description/share/servo6dof_description/meshes/manipulator_elo3.stl
[1.049s] -- Installing: /home/alsnac/Codes/GIT/6DOF_Servo/servo6dof/servo6dof_description/install/servo6dof_description/share/servo6dof_description/meshes/base_garra.stl
[1.050s] -- Installing: /home/alsnac/Codes/GIT/6DOF_Servo/servo6dof/servo6dof_description/install/servo6dof_description/share/servo6dof_description/meshes/servo.stl
[1.051s] -- Installing: /home/alsnac/Codes/GIT/6DOF_Servo/servo6dof/servo6dof_description/install/servo6dof_description/share/servo6dof_description/meshes/basement.stl
[1.055s] -- Installing: /home/alsnac/Codes/GIT/6DOF_Servo/servo6dof/servo6dof_description/install/servo6dof_description/share/servo6dof_description/meshes/manipulator_elo1.stl
[1.057s] -- Installing: /home/alsnac/Codes/GIT/6DOF_Servo/servo6dof/servo6dof_description/install/servo6dof_description/share/servo6dof_description/meshes/manipulator_elo2.stl
[1.058s] -- Installing: /home/alsnac/Codes/GIT/6DOF_Servo/servo6dof/servo6dof_description/install/servo6dof_description/share/servo6dof_description/meshes/manipulator_garra_fixa.stl
[1.059s] -- Installing: /home/alsnac/Codes/GIT/6DOF_Servo/servo6dof/servo6dof_description/install/servo6dof_description/share/servo6dof_description/meshes/manipulator_elo4.stl
[1.061s] -- Installing: /home/alsnac/Codes/GIT/6DOF_Servo/servo6dof/servo6dof_description/install/servo6dof_description/share/servo6dof_description/meshes/garra_elo1.stl
[1.061s] -- Installing: /home/alsnac/Codes/GIT/6DOF_Servo/servo6dof/servo6dof_description/install/servo6dof_description/share/servo6dof_description/urdf
[1.061s] -- Installing: /home/alsnac/Codes/GIT/6DOF_Servo/servo6dof/servo6dof_description/install/servo6dof_description/share/servo6dof_description/urdf/servo6dof.urdf.xacro
[1.061s] -- Installing: /home/alsnac/Codes/GIT/6DOF_Servo/servo6dof/servo6dof_description/install/servo6dof_description/share/servo6dof_description/urdf/servo6dof.urdf
[1.062s] -- Installing: /home/alsnac/Codes/GIT/6DOF_Servo/servo6dof/servo6dof_description/install/servo6dof_description/share/servo6dof_description/launch
[1.062s] -- Installing: /home/alsnac/Codes/GIT/6DOF_Servo/servo6dof/servo6dof_description/install/servo6dof_description/share/servo6dof_description/launch/display.launch.py
[1.062s] -- Installing: /home/alsnac/Codes/GIT/6DOF_Servo/servo6dof/servo6dof_description/install/servo6dof_description/share/servo6dof_description/launch/gazebo.launch.py
[1.062s] -- Installing: /home/alsnac/Codes/GIT/6DOF_Servo/servo6dof/servo6dof_description/install/servo6dof_description/share/servo6dof_description/rviz
[1.062s] -- Installing: /home/alsnac/Codes/GIT/6DOF_Servo/servo6dof/servo6dof_description/install/servo6dof_description/share/servo6dof_description/rviz/display.rviz
[1.062s] -- Installing: /home/alsnac/Codes/GIT/6DOF_Servo/servo6dof/servo6dof_description/install/servo6dof_description/share/servo6dof_description/models
[1.062s] -- Installing: /home/alsnac/Codes/GIT/6DOF_Servo/servo6dof/servo6dof_description/install/servo6dof_description/share/servo6dof_description/models/sun
[1.063s] -- Installing: /home/alsnac/Codes/GIT/6DOF_Servo/servo6dof/servo6dof_description/install/servo6dof_description/share/servo6dof_description/models/sun/model-1_3.sdf
[1.063s] -- Installing: /home/alsnac/Codes/GIT/6DOF_Servo/servo6dof/servo6dof_description/install/servo6dof_description/share/servo6dof_description/models/sun/model.sdf
[1.063s] -- Installing: /home/alsnac/Codes/GIT/6DOF_Servo/servo6dof/servo6dof_description/install/servo6dof_description/share/servo6dof_description/models/sun/model-1_4.sdf
[1.063s] -- Installing: /home/alsnac/Codes/GIT/6DOF_Servo/servo6dof/servo6dof_description/install/servo6dof_description/share/servo6dof_description/models/sun/model.config
[1.063s] -- Installing: /home/alsnac/Codes/GIT/6DOF_Servo/servo6dof/servo6dof_description/install/servo6dof_description/share/servo6dof_description/models/sun/model-1_2.sdf
[1.063s] -- Installing: /home/alsnac/Codes/GIT/6DOF_Servo/servo6dof/servo6dof_description/install/servo6dof_description/share/servo6dof_description/models/ground_plane
[1.064s] -- Installing: /home/alsnac/Codes/GIT/6DOF_Servo/servo6dof/servo6dof_description/install/servo6dof_description/share/servo6dof_description/models/ground_plane/model-1_3.sdf
[1.064s] -- Installing: /home/alsnac/Codes/GIT/6DOF_Servo/servo6dof/servo6dof_description/install/servo6dof_description/share/servo6dof_description/models/ground_plane/model.sdf
[1.064s] -- Installing: /home/alsnac/Codes/GIT/6DOF_Servo/servo6dof/servo6dof_description/install/servo6dof_description/share/servo6dof_description/models/ground_plane/model-1_4.sdf
[1.064s] -- Installing: /home/alsnac/Codes/GIT/6DOF_Servo/servo6dof/servo6dof_description/install/servo6dof_description/share/servo6dof_description/models/ground_plane/model.config
[1.064s] -- Installing: /home/alsnac/Codes/GIT/6DOF_Servo/servo6dof/servo6dof_description/install/servo6dof_description/share/servo6dof_description/models/ground_plane/model-1_2.sdf
[1.065s] -- Installing: /home/alsnac/Codes/GIT/6DOF_Servo/servo6dof/servo6dof_description/install/servo6dof_description/share/ament_index/resource_index/package_run_dependencies/servo6dof_description
[1.065s] -- Installing: /home/alsnac/Codes/GIT/6DOF_Servo/servo6dof/servo6dof_description/install/servo6dof_description/share/ament_index/resource_index/parent_prefix_path/servo6dof_description
[1.065s] -- Installing: /home/alsnac/Codes/GIT/6DOF_Servo/servo6dof/servo6dof_description/install/servo6dof_description/share/servo6dof_description/environment/ament_prefix_path.sh
[1.065s] -- Installing: /home/alsnac/Codes/GIT/6DOF_Servo/servo6dof/servo6dof_description/install/servo6dof_description/share/servo6dof_description/environment/ament_prefix_path.dsv
[1.066s] -- Installing: /home/alsnac/Codes/GIT/6DOF_Servo/servo6dof/servo6dof_description/install/servo6dof_description/share/servo6dof_description/environment/path.sh
[1.066s] -- Installing: /home/alsnac/Codes/GIT/6DOF_Servo/servo6dof/servo6dof_description/install/servo6dof_description/share/servo6dof_description/environment/path.dsv
[1.066s] -- Installing: /home/alsnac/Codes/GIT/6DOF_Servo/servo6dof/servo6dof_description/install/servo6dof_description/share/servo6dof_description/local_setup.bash
[1.066s] -- Installing: /home/alsnac/Codes/GIT/6DOF_Servo/servo6dof/servo6dof_description/install/servo6dof_description/share/servo6dof_description/local_setup.sh
[1.067s] -- Installing: /home/alsnac/Codes/GIT/6DOF_Servo/servo6dof/servo6dof_description/install/servo6dof_description/share/servo6dof_description/local_setup.zsh
[1.067s] -- Installing: /home/alsnac/Codes/GIT/6DOF_Servo/servo6dof/servo6dof_description/install/servo6dof_description/share/servo6dof_description/local_setup.dsv
[1.067s] -- Installing: /home/alsnac/Codes/GIT/6DOF_Servo/servo6dof/servo6dof_description/install/servo6dof_description/share/servo6dof_description/package.dsv
[1.067s] -- Installing: /home/alsnac/Codes/GIT/6DOF_Servo/servo6dof/servo6dof_description/install/servo6dof_description/share/ament_index/resource_index/packages/servo6dof_description
[1.068s] -- Installing: /home/alsnac/Codes/GIT/6DOF_Servo/servo6dof/servo6dof_description/install/servo6dof_description/share/servo6dof_description/cmake/servo6dof_descriptionConfig.cmake
[1.068s] -- Installing: /home/alsnac/Codes/GIT/6DOF_Servo/servo6dof/servo6dof_description/install/servo6dof_description/share/servo6dof_description/cmake/servo6dof_descriptionConfig-version.cmake
[1.068s] -- Installing: /home/alsnac/Codes/GIT/6DOF_Servo/servo6dof/servo6dof_description/install/servo6dof_description/share/servo6dof_description/package.xml
[1.072s] Invoked command in '/home/alsnac/Codes/GIT/6DOF_Servo/servo6dof/servo6dof_description/build/servo6dof_description' returned '0': CMAKE_PREFIX_PATH=/opt/ros/humble /usr/bin/cmake --install /home/alsnac/Codes/GIT/6DOF_Servo/servo6dof/servo6dof_description/build/servo6dof_description
