[0.108s] DEBUG:colcon:Command line arguments: ['/usr/bin/colcon', 'build']
[0.109s] DEBUG:colcon:Parsed command line arguments: Namespace(log_base=None, log_level=None, verb_name='build', build_base='build', install_base='install', merge_install=False, symlink_install=False, test_result_base=None, continue_on_error=False, executor='parallel', parallel_workers=16, event_handlers=None, ignore_user_meta=False, metas=['./colcon.meta'], base_paths=['.'], packages_ignore=None, packages_ignore_regex=None, paths=None, packages_up_to=None, packages_up_to_regex=None, packages_above=None, packages_above_and_dependencies=None, packages_above_depth=None, packages_select_by_dep=None, packages_skip_by_dep=None, packages_skip_up_to=None, packages_select_build_failed=False, packages_skip_build_finished=False, packages_select_test_failures=False, packages_skip_test_passed=False, packages_select=None, packages_skip=None, packages_select_regex=None, packages_skip_regex=None, packages_start=None, packages_end=None, allow_overriding=[], cmake_args=None, cmake_target=None, cmake_target_skip_unavailable=False, cmake_clean_cache=False, cmake_clean_first=False, cmake_force_configure=False, ament_cmake_args=None, catkin_cmake_args=None, catkin_skip_building_tests=False, mixin_files=None, mixin=None, verb_parser=<colcon_mixin.mixin.mixin_argument.MixinArgumentDecorator object at 0x70fb4b2a48e0>, verb_extension=<colcon_core.verb.build.BuildVerb object at 0x70fb4b2a4370>, main=<bound method BuildVerb.main of <colcon_core.verb.build.BuildVerb object at 0x70fb4b2a4370>>, mixin_verb=('build',))
[0.289s] Level 1:colcon.colcon_core.package_discovery:discover_packages(colcon_meta) check parameters
[0.289s] Level 1:colcon.colcon_core.package_discovery:discover_packages(recursive) check parameters
[0.289s] Level 1:colcon.colcon_core.package_discovery:discover_packages(ignore) check parameters
[0.289s] Level 1:colcon.colcon_core.package_discovery:discover_packages(path) check parameters
[0.289s] Level 1:colcon.colcon_core.package_discovery:discover_packages(colcon_meta) discover
[0.289s] Level 1:colcon.colcon_core.package_discovery:discover_packages(recursive) discover
[0.289s] INFO:colcon.colcon_core.package_discovery:Crawling recursively for packages in '/home/alsnac/6DOF_Servo/servo6dof'
[0.289s] Level 1:colcon.colcon_core.package_identification:_identify(.) by extensions ['ignore', 'ignore_ament_install']
[0.289s] Level 1:colcon.colcon_core.package_identification:_identify(.) by extension 'ignore'
[0.289s] Level 1:colcon.colcon_core.package_identification:_identify(.) by extension 'ignore_ament_install'
[0.289s] Level 1:colcon.colcon_core.package_identification:_identify(.) by extensions ['colcon_pkg']
[0.289s] Level 1:colcon.colcon_core.package_identification:_identify(.) by extension 'colcon_pkg'
[0.289s] Level 1:colcon.colcon_core.package_identification:_identify(.) by extensions ['colcon_meta']
[0.289s] Level 1:colcon.colcon_core.package_identification:_identify(.) by extension 'colcon_meta'
[0.290s] Level 1:colcon.colcon_core.package_identification:_identify(.) by extensions ['ros']
[0.290s] Level 1:colcon.colcon_core.package_identification:_identify(.) by extension 'ros'
[0.311s] Level 1:colcon.colcon_core.package_identification:_identify(.) by extensions ['cmake', 'python']
[0.311s] Level 1:colcon.colcon_core.package_identification:_identify(.) by extension 'cmake'
[0.311s] Level 1:colcon.colcon_core.package_identification:_identify(.) by extension 'python'
[0.311s] Level 1:colcon.colcon_core.package_identification:_identify(.) by extensions ['python_setup_py']
[0.311s] Level 1:colcon.colcon_core.package_identification:_identify(.) by extension 'python_setup_py'
[0.311s] Level 1:colcon.colcon_core.package_identification:_identify(build) by extensions ['ignore', 'ignore_ament_install']
[0.311s] Level 1:colcon.colcon_core.package_identification:_identify(build) by extension 'ignore'
[0.311s] Level 1:colcon.colcon_core.package_identification:_identify(build) ignored
[0.311s] Level 1:colcon.colcon_core.package_identification:_identify(install) by extensions ['ignore', 'ignore_ament_install']
[0.311s] Level 1:colcon.colcon_core.package_identification:_identify(install) by extension 'ignore'
[0.311s] Level 1:colcon.colcon_core.package_identification:_identify(install) ignored
[0.311s] Level 1:colcon.colcon_core.package_identification:_identify(log) by extensions ['ignore', 'ignore_ament_install']
[0.312s] Level 1:colcon.colcon_core.package_identification:_identify(log) by extension 'ignore'
[0.312s] Level 1:colcon.colcon_core.package_identification:_identify(log) ignored
[0.312s] Level 1:colcon.colcon_core.package_identification:_identify(servo6dof_description) by extensions ['ignore', 'ignore_ament_install']
[0.312s] Level 1:colcon.colcon_core.package_identification:_identify(servo6dof_description) by extension 'ignore'
[0.312s] Level 1:colcon.colcon_core.package_identification:_identify(servo6dof_description) by extension 'ignore_ament_install'
[0.312s] Level 1:colcon.colcon_core.package_identification:_identify(servo6dof_description) by extensions ['colcon_pkg']
[0.312s] Level 1:colcon.colcon_core.package_identification:_identify(servo6dof_description) by extension 'colcon_pkg'
[0.312s] Level 1:colcon.colcon_core.package_identification:_identify(servo6dof_description) by extensions ['colcon_meta']
[0.312s] Level 1:colcon.colcon_core.package_identification:_identify(servo6dof_description) by extension 'colcon_meta'
[0.312s] Level 1:colcon.colcon_core.package_identification:_identify(servo6dof_description) by extensions ['ros']
[0.312s] Level 1:colcon.colcon_core.package_identification:_identify(servo6dof_description) by extension 'ros'
[0.314s] DEBUG:colcon.colcon_core.package_identification:Package 'servo6dof_description' with type 'ros.ament_cmake' and name 'servo6dof_description'
[0.314s] Level 1:colcon.colcon_core.package_discovery:discover_packages(recursive) using defaults
[0.314s] Level 1:colcon.colcon_core.package_discovery:discover_packages(ignore) discover
[0.314s] Level 1:colcon.colcon_core.package_discovery:discover_packages(ignore) using defaults
[0.314s] Level 1:colcon.colcon_core.package_discovery:discover_packages(path) discover
[0.314s] Level 1:colcon.colcon_core.package_discovery:discover_packages(path) using defaults
[0.332s] Level 1:colcon.colcon_core.package_discovery:discover_packages(prefix_path) check parameters
[0.332s] Level 1:colcon.colcon_core.package_discovery:discover_packages(prefix_path) discover
[0.337s] DEBUG:colcon.colcon_installed_package_information.package_discovery:Found 55 installed packages in /home/alsnac/ws_moveit/install
[0.339s] DEBUG:colcon.colcon_installed_package_information.package_discovery:Found 472 installed packages in /opt/ros/humble
[0.343s] Level 1:colcon.colcon_core.package_discovery:discover_packages(prefix_path) using defaults
[0.391s] Level 5:colcon.colcon_core.verb:set package 'servo6dof_description' build argument 'cmake_args' from command line to 'None'
[0.391s] Level 5:colcon.colcon_core.verb:set package 'servo6dof_description' build argument 'cmake_target' from command line to 'None'
[0.391s] Level 5:colcon.colcon_core.verb:set package 'servo6dof_description' build argument 'cmake_target_skip_unavailable' from command line to 'False'
[0.391s] Level 5:colcon.colcon_core.verb:set package 'servo6dof_description' build argument 'cmake_clean_cache' from command line to 'False'
[0.391s] Level 5:colcon.colcon_core.verb:set package 'servo6dof_description' build argument 'cmake_clean_first' from command line to 'False'
[0.392s] Level 5:colcon.colcon_core.verb:set package 'servo6dof_description' build argument 'cmake_force_configure' from command line to 'False'
[0.392s] Level 5:colcon.colcon_core.verb:set package 'servo6dof_description' build argument 'ament_cmake_args' from command line to 'None'
[0.392s] Level 5:colcon.colcon_core.verb:set package 'servo6dof_description' build argument 'catkin_cmake_args' from command line to 'None'
[0.392s] Level 5:colcon.colcon_core.verb:set package 'servo6dof_description' build argument 'catkin_skip_building_tests' from command line to 'False'
[0.392s] DEBUG:colcon.colcon_core.verb:Building package 'servo6dof_description' with the following arguments: {'ament_cmake_args': None, 'build_base': '/home/alsnac/6DOF_Servo/servo6dof/build/servo6dof_description', 'catkin_cmake_args': None, 'catkin_skip_building_tests': False, 'cmake_args': None, 'cmake_clean_cache': False, 'cmake_clean_first': False, 'cmake_force_configure': False, 'cmake_target': None, 'cmake_target_skip_unavailable': False, 'install_base': '/home/alsnac/6DOF_Servo/servo6dof/install/servo6dof_description', 'merge_install': False, 'path': '/home/alsnac/6DOF_Servo/servo6dof/servo6dof_description', 'symlink_install': False, 'test_result_base': None}
[0.392s] INFO:colcon.colcon_core.executor:Executing jobs using 'parallel' executor
[0.393s] DEBUG:colcon.colcon_parallel_executor.executor.parallel:run_until_complete
[0.393s] INFO:colcon.colcon_ros.task.ament_cmake.build:Building ROS package in '/home/alsnac/6DOF_Servo/servo6dof/servo6dof_description' with build type 'ament_cmake'
[0.393s] INFO:colcon.colcon_cmake.task.cmake.build:Building CMake package in '/home/alsnac/6DOF_Servo/servo6dof/servo6dof_description'
[0.395s] INFO:colcon.colcon_core.plugin_system:Skipping extension 'colcon_core.shell.bat': Not used on non-Windows systems
[0.395s] INFO:colcon.colcon_core.shell:Skip shell extension 'powershell' for command environment: Not usable outside of PowerShell
[0.395s] DEBUG:colcon.colcon_core.shell:Skip shell extension 'dsv' for command environment
[0.412s] DEBUG:colcon.colcon_core.event_handler.log_command:Invoking command in '/home/alsnac/6DOF_Servo/servo6dof/build/servo6dof_description': CMAKE_PREFIX_PATH=${CMAKE_PREFIX_PATH}:/home/alsnac/ws_moveit/install/moveit_configs_utils:/home/alsnac/ws_moveit/install/launch_param_builder:/opt/ros/humble /usr/bin/cmake --build /home/alsnac/6DOF_Servo/servo6dof/build/servo6dof_description -- -j16 -l16
[0.736s] DEBUG:colcon.colcon_core.event_handler.log_command:Invoked command in '/home/alsnac/6DOF_Servo/servo6dof/build/servo6dof_description' returned '0': CMAKE_PREFIX_PATH=${CMAKE_PREFIX_PATH}:/home/alsnac/ws_moveit/install/moveit_configs_utils:/home/alsnac/ws_moveit/install/launch_param_builder:/opt/ros/humble /usr/bin/cmake --build /home/alsnac/6DOF_Servo/servo6dof/build/servo6dof_description -- -j16 -l16
[0.803s] DEBUG:colcon.colcon_core.event_handler.log_command:Invoking command in '/home/alsnac/6DOF_Servo/servo6dof/build/servo6dof_description': CMAKE_PREFIX_PATH=${CMAKE_PREFIX_PATH}:/home/alsnac/ws_moveit/install/moveit_configs_utils:/home/alsnac/ws_moveit/install/launch_param_builder:/opt/ros/humble /usr/bin/cmake --install /home/alsnac/6DOF_Servo/servo6dof/build/servo6dof_description
[0.827s] Level 1:colcon.colcon_core.environment:create_environment_scripts_only(servo6dof_description)
[0.828s] DEBUG:colcon.colcon_core.event_handler.log_command:Invoked command in '/home/alsnac/6DOF_Servo/servo6dof/build/servo6dof_description' returned '0': CMAKE_PREFIX_PATH=${CMAKE_PREFIX_PATH}:/home/alsnac/ws_moveit/install/moveit_configs_utils:/home/alsnac/ws_moveit/install/launch_param_builder:/opt/ros/humble /usr/bin/cmake --install /home/alsnac/6DOF_Servo/servo6dof/build/servo6dof_description
[0.829s] Level 1:colcon.colcon_core.environment:checking '/home/alsnac/6DOF_Servo/servo6dof/install/servo6dof_description' for CMake module files
[0.830s] Level 1:colcon.colcon_core.environment:checking '/home/alsnac/6DOF_Servo/servo6dof/install/servo6dof_description' for CMake config files
[0.830s] Level 1:colcon.colcon_core.shell:create_environment_hook('servo6dof_description', 'cmake_prefix_path')
[0.830s] INFO:colcon.colcon_core.shell:Creating environment hook '/home/alsnac/6DOF_Servo/servo6dof/install/servo6dof_description/share/servo6dof_description/hook/cmake_prefix_path.ps1'
[0.831s] INFO:colcon.colcon_core.shell:Creating environment descriptor '/home/alsnac/6DOF_Servo/servo6dof/install/servo6dof_description/share/servo6dof_description/hook/cmake_prefix_path.dsv'
[0.832s] INFO:colcon.colcon_core.shell:Creating environment hook '/home/alsnac/6DOF_Servo/servo6dof/install/servo6dof_description/share/servo6dof_description/hook/cmake_prefix_path.sh'
[0.832s] Level 1:colcon.colcon_core.environment:checking '/home/alsnac/6DOF_Servo/servo6dof/install/servo6dof_description/bin'
[0.832s] Level 1:colcon.colcon_core.environment:checking '/home/alsnac/6DOF_Servo/servo6dof/install/servo6dof_description/lib/pkgconfig/servo6dof_description.pc'
[0.833s] Level 1:colcon.colcon_core.environment:checking '/home/alsnac/6DOF_Servo/servo6dof/install/servo6dof_description/lib/python3.10/site-packages'
[0.833s] Level 1:colcon.colcon_core.environment:checking '/home/alsnac/6DOF_Servo/servo6dof/install/servo6dof_description/bin'
[0.833s] INFO:colcon.colcon_core.shell:Creating package script '/home/alsnac/6DOF_Servo/servo6dof/install/servo6dof_description/share/servo6dof_description/package.ps1'
[0.834s] INFO:colcon.colcon_core.shell:Creating package descriptor '/home/alsnac/6DOF_Servo/servo6dof/install/servo6dof_description/share/servo6dof_description/package.dsv'
[0.834s] INFO:colcon.colcon_core.shell:Creating package script '/home/alsnac/6DOF_Servo/servo6dof/install/servo6dof_description/share/servo6dof_description/package.sh'
[0.834s] INFO:colcon.colcon_core.shell:Creating package script '/home/alsnac/6DOF_Servo/servo6dof/install/servo6dof_description/share/servo6dof_description/package.bash'
[0.835s] INFO:colcon.colcon_core.shell:Creating package script '/home/alsnac/6DOF_Servo/servo6dof/install/servo6dof_description/share/servo6dof_description/package.zsh'
[0.835s] Level 1:colcon.colcon_core.environment:create_file_with_runtime_dependencies(/home/alsnac/6DOF_Servo/servo6dof/install/servo6dof_description/share/colcon-core/packages/servo6dof_description)
[0.887s] Level 1:colcon.colcon_core.environment:create_environment_scripts_only(servo6dof_description)
[0.887s] Level 1:colcon.colcon_core.environment:checking '/home/alsnac/6DOF_Servo/servo6dof/install/servo6dof_description' for CMake module files
[0.888s] Level 1:colcon.colcon_core.environment:checking '/home/alsnac/6DOF_Servo/servo6dof/install/servo6dof_description' for CMake config files
[0.888s] Level 1:colcon.colcon_core.shell:create_environment_hook('servo6dof_description', 'cmake_prefix_path')
[0.888s] INFO:colcon.colcon_core.shell:Creating environment hook '/home/alsnac/6DOF_Servo/servo6dof/install/servo6dof_description/share/servo6dof_description/hook/cmake_prefix_path.ps1'
[0.888s] INFO:colcon.colcon_core.shell:Creating environment descriptor '/home/alsnac/6DOF_Servo/servo6dof/install/servo6dof_description/share/servo6dof_description/hook/cmake_prefix_path.dsv'
[0.889s] INFO:colcon.colcon_core.shell:Creating environment hook '/home/alsnac/6DOF_Servo/servo6dof/install/servo6dof_description/share/servo6dof_description/hook/cmake_prefix_path.sh'
[0.889s] Level 1:colcon.colcon_core.environment:checking '/home/alsnac/6DOF_Servo/servo6dof/install/servo6dof_description/bin'
[0.889s] Level 1:colcon.colcon_core.environment:checking '/home/alsnac/6DOF_Servo/servo6dof/install/servo6dof_description/lib/pkgconfig/servo6dof_description.pc'
[0.889s] Level 1:colcon.colcon_core.environment:checking '/home/alsnac/6DOF_Servo/servo6dof/install/servo6dof_description/lib/python3.10/site-packages'
[0.889s] Level 1:colcon.colcon_core.environment:checking '/home/alsnac/6DOF_Servo/servo6dof/install/servo6dof_description/bin'
[0.890s] INFO:colcon.colcon_core.shell:Creating package script '/home/alsnac/6DOF_Servo/servo6dof/install/servo6dof_description/share/servo6dof_description/package.ps1'
[0.890s] INFO:colcon.colcon_core.shell:Creating package descriptor '/home/alsnac/6DOF_Servo/servo6dof/install/servo6dof_description/share/servo6dof_description/package.dsv'
[0.890s] INFO:colcon.colcon_core.shell:Creating package script '/home/alsnac/6DOF_Servo/servo6dof/install/servo6dof_description/share/servo6dof_description/package.sh'
[0.891s] INFO:colcon.colcon_core.shell:Creating package script '/home/alsnac/6DOF_Servo/servo6dof/install/servo6dof_description/share/servo6dof_description/package.bash'
[0.891s] INFO:colcon.colcon_core.shell:Creating package script '/home/alsnac/6DOF_Servo/servo6dof/install/servo6dof_description/share/servo6dof_description/package.zsh'
[0.892s] Level 1:colcon.colcon_core.environment:create_file_with_runtime_dependencies(/home/alsnac/6DOF_Servo/servo6dof/install/servo6dof_description/share/colcon-core/packages/servo6dof_description)
[0.892s] DEBUG:colcon.colcon_parallel_executor.executor.parallel:closing loop
[0.892s] DEBUG:colcon.colcon_parallel_executor.executor.parallel:loop closed
[0.892s] DEBUG:colcon.colcon_parallel_executor.executor.parallel:run_until_complete finished with '0'
[0.892s] DEBUG:colcon.colcon_core.event_reactor:joining thread
[0.897s] INFO:colcon.colcon_core.plugin_system:Skipping extension 'colcon_notification.desktop_notification.terminal_notifier': Not used on non-Darwin systems
[0.897s] INFO:colcon.colcon_core.plugin_system:Skipping extension 'colcon_notification.desktop_notification.win32': Not used on non-Windows systems
[0.897s] INFO:colcon.colcon_notification.desktop_notification:Sending desktop notification using 'notify2'
[0.902s] DEBUG:colcon.colcon_core.event_reactor:joined thread
[0.903s] INFO:colcon.colcon_core.shell:Creating prefix script '/home/alsnac/6DOF_Servo/servo6dof/install/local_setup.ps1'
[0.904s] INFO:colcon.colcon_core.shell:Creating prefix util module '/home/alsnac/6DOF_Servo/servo6dof/install/_local_setup_util_ps1.py'
[0.905s] INFO:colcon.colcon_core.shell:Creating prefix chain script '/home/alsnac/6DOF_Servo/servo6dof/install/setup.ps1'
[0.908s] INFO:colcon.colcon_core.shell:Creating prefix script '/home/alsnac/6DOF_Servo/servo6dof/install/local_setup.sh'
[0.909s] INFO:colcon.colcon_core.shell:Creating prefix util module '/home/alsnac/6DOF_Servo/servo6dof/install/_local_setup_util_sh.py'
[0.909s] INFO:colcon.colcon_core.shell:Creating prefix chain script '/home/alsnac/6DOF_Servo/servo6dof/install/setup.sh'
[0.913s] INFO:colcon.colcon_core.shell:Creating prefix script '/home/alsnac/6DOF_Servo/servo6dof/install/local_setup.bash'
[0.913s] INFO:colcon.colcon_core.shell:Creating prefix chain script '/home/alsnac/6DOF_Servo/servo6dof/install/setup.bash'
[0.916s] INFO:colcon.colcon_core.shell:Creating prefix script '/home/alsnac/6DOF_Servo/servo6dof/install/local_setup.zsh'
[0.917s] INFO:colcon.colcon_core.shell:Creating prefix chain script '/home/alsnac/6DOF_Servo/servo6dof/install/setup.zsh'
