[0.030s] Invoking command in '/home/alsnac/Codes/GIT/6DOF_Servo/servo6dof/build/servo6dof_moveit': CMAKE_PREFIX_PATH=/opt/ros/humble /usr/bin/cmake /home/alsnac/Codes/GIT/6DOF_Servo/servo6dof/servo6dof_moveit -DCMAKE_INSTALL_PREFIX=/home/alsnac/Codes/GIT/6DOF_Servo/servo6dof/install/servo6dof_moveit
[0.239s] -- The C compiler identification is GNU 11.4.0
[0.435s] -- The CXX compiler identification is GNU 11.4.0
[0.455s] -- Detecting C compiler ABI info
[0.638s] -- Detecting C compiler ABI info - done
[0.657s] -- Check for working C compiler: /usr/bin/cc - skipped
[0.657s] -- Detecting C compile features
[0.659s] -- Detecting C compile features - done
[0.666s] -- Detecting CXX compiler ABI info
[0.877s] -- Detecting CXX compiler ABI info - done
[0.897s] -- Check for working CXX compiler: /usr/bin/c++ - skipped
[0.898s] -- Detecting CXX compile features
[0.899s] -- Detecting CXX compile features - done
[0.912s] -- Found ament_cmake: 1.3.10 (/opt/ros/humble/share/ament_cmake/cmake)
[1.275s] -- Found Python3: /usr/bin/python3 (found version "3.10.12") found components: Interpreter 
[1.506s] -- Found ament_lint_auto: 0.12.11 (/opt/ros/humble/share/ament_lint_auto/cmake)
[1.700s] -- Added test 'lint_cmake' to check CMake code style
[1.704s] -- Added test 'xmllint' to check XML markup files
[1.707s] -- Configuring done
[1.716s] -- Generating done
[1.718s] -- Build files have been written to: /home/alsnac/Codes/GIT/6DOF_Servo/servo6dof/build/servo6dof_moveit
[1.728s] Invoked command in '/home/alsnac/Codes/GIT/6DOF_Servo/servo6dof/build/servo6dof_moveit' returned '0': CMAKE_PREFIX_PATH=/opt/ros/humble /usr/bin/cmake /home/alsnac/Codes/GIT/6DOF_Servo/servo6dof/servo6dof_moveit -DCMAKE_INSTALL_PREFIX=/home/alsnac/Codes/GIT/6DOF_Servo/servo6dof/install/servo6dof_moveit
[1.731s] Invoking command in '/home/alsnac/Codes/GIT/6DOF_Servo/servo6dof/build/servo6dof_moveit': CMAKE_PREFIX_PATH=/opt/ros/humble /usr/bin/cmake --build /home/alsnac/Codes/GIT/6DOF_Servo/servo6dof/build/servo6dof_moveit -- -j16 -l16
[1.827s] Invoked command in '/home/alsnac/Codes/GIT/6DOF_Servo/servo6dof/build/servo6dof_moveit' returned '0': CMAKE_PREFIX_PATH=/opt/ros/humble /usr/bin/cmake --build /home/alsnac/Codes/GIT/6DOF_Servo/servo6dof/build/servo6dof_moveit -- -j16 -l16
[1.885s] Invoking command in '/home/alsnac/Codes/GIT/6DOF_Servo/servo6dof/build/servo6dof_moveit': CMAKE_PREFIX_PATH=/opt/ros/humble /usr/bin/cmake --install /home/alsnac/Codes/GIT/6DOF_Servo/servo6dof/build/servo6dof_moveit
[1.903s] -- Install configuration: ""
[1.904s] -- Installing: /home/alsnac/Codes/GIT/6DOF_Servo/servo6dof/install/servo6dof_moveit/share/ament_index/resource_index/package_run_dependencies/servo6dof_moveit
[1.904s] -- Installing: /home/alsnac/Codes/GIT/6DOF_Servo/servo6dof/install/servo6dof_moveit/share/ament_index/resource_index/parent_prefix_path/servo6dof_moveit
[1.905s] -- Installing: /home/alsnac/Codes/GIT/6DOF_Servo/servo6dof/install/servo6dof_moveit/share/servo6dof_moveit/environment/ament_prefix_path.sh
[1.906s] -- Installing: /home/alsnac/Codes/GIT/6DOF_Servo/servo6dof/install/servo6dof_moveit/share/servo6dof_moveit/environment/ament_prefix_path.dsv
[1.906s] -- Installing: /home/alsnac/Codes/GIT/6DOF_Servo/servo6dof/install/servo6dof_moveit/share/servo6dof_moveit/environment/path.sh
[1.906s] -- Installing: /home/alsnac/Codes/GIT/6DOF_Servo/servo6dof/install/servo6dof_moveit/share/servo6dof_moveit/environment/path.dsv
[1.907s] -- Installing: /home/alsnac/Codes/GIT/6DOF_Servo/servo6dof/install/servo6dof_moveit/share/servo6dof_moveit/local_setup.bash
[1.907s] -- Installing: /home/alsnac/Codes/GIT/6DOF_Servo/servo6dof/install/servo6dof_moveit/share/servo6dof_moveit/local_setup.sh
[1.908s] -- Installing: /home/alsnac/Codes/GIT/6DOF_Servo/servo6dof/install/servo6dof_moveit/share/servo6dof_moveit/local_setup.zsh
[1.908s] -- Installing: /home/alsnac/Codes/GIT/6DOF_Servo/servo6dof/install/servo6dof_moveit/share/servo6dof_moveit/local_setup.dsv
[1.909s] -- Installing: /home/alsnac/Codes/GIT/6DOF_Servo/servo6dof/install/servo6dof_moveit/share/servo6dof_moveit/package.dsv
[1.909s] -- Installing: /home/alsnac/Codes/GIT/6DOF_Servo/servo6dof/install/servo6dof_moveit/share/ament_index/resource_index/packages/servo6dof_moveit
[1.910s] -- Installing: /home/alsnac/Codes/GIT/6DOF_Servo/servo6dof/install/servo6dof_moveit/share/servo6dof_moveit/cmake/servo6dof_moveitConfig.cmake
[1.910s] -- Installing: /home/alsnac/Codes/GIT/6DOF_Servo/servo6dof/install/servo6dof_moveit/share/servo6dof_moveit/cmake/servo6dof_moveitConfig-version.cmake
[1.911s] -- Installing: /home/alsnac/Codes/GIT/6DOF_Servo/servo6dof/install/servo6dof_moveit/share/servo6dof_moveit/package.xml
[1.917s] Invoked command in '/home/alsnac/Codes/GIT/6DOF_Servo/servo6dof/build/servo6dof_moveit' returned '0': CMAKE_PREFIX_PATH=/opt/ros/humble /usr/bin/cmake --install /home/alsnac/Codes/GIT/6DOF_Servo/servo6dof/build/servo6dof_moveit
