[0.033s] Invoking command in '/home/alsnac/Codes/GIT/6DOF_Servo/servo6dof/build/servo6dof_controller': CMAKE_PREFIX_PATH=${CMAKE_PREFIX_PATH}:/home/alsnac/ws_moveit/install/moveit_configs_utils:/home/alsnac/ws_moveit/install/launch_param_builder:/opt/ros/humble /usr/bin/cmake --build /home/alsnac/Codes/GIT/6DOF_Servo/servo6dof/build/servo6dof_controller -- -j16 -l16
[0.132s] Invoked command in '/home/alsnac/Codes/GIT/6DOF_Servo/servo6dof/build/servo6dof_controller' returned '0': CMAKE_PREFIX_PATH=${CMAKE_PREFIX_PATH}:/home/alsnac/ws_moveit/install/moveit_configs_utils:/home/alsnac/ws_moveit/install/launch_param_builder:/opt/ros/humble /usr/bin/cmake --build /home/alsnac/Codes/GIT/6DOF_Servo/servo6dof/build/servo6dof_controller -- -j16 -l16
[0.134s] Invoking command in '/home/alsnac/Codes/GIT/6DOF_Servo/servo6dof/build/servo6dof_controller': CMAKE_PREFIX_PATH=${CMAKE_PREFIX_PATH}:/home/alsnac/ws_moveit/install/moveit_configs_utils:/home/alsnac/ws_moveit/install/launch_param_builder:/opt/ros/humble /usr/bin/cmake --install /home/alsnac/Codes/GIT/6DOF_Servo/servo6dof/build/servo6dof_controller
[0.151s] -- Install configuration: ""
[0.151s] -- Up-to-date: /home/alsnac/Codes/GIT/6DOF_Servo/servo6dof/install/servo6dof_controller/share/servo6dof_controller/config
[0.151s] -- Up-to-date: /home/alsnac/Codes/GIT/6DOF_Servo/servo6dof/install/servo6dof_controller/share/servo6dof_controller/config/servo6dof_controllers.yaml
[0.151s] -- Up-to-date: /home/alsnac/Codes/GIT/6DOF_Servo/servo6dof/install/servo6dof_controller/share/servo6dof_controller/launch
[0.151s] -- Installing: /home/alsnac/Codes/GIT/6DOF_Servo/servo6dof/install/servo6dof_controller/share/servo6dof_controller/launch/controller.launch.py
[0.151s] -- Up-to-date: /home/alsnac/Codes/GIT/6DOF_Servo/servo6dof/install/servo6dof_controller/share/ament_index/resource_index/package_run_dependencies/servo6dof_controller
[0.152s] -- Up-to-date: /home/alsnac/Codes/GIT/6DOF_Servo/servo6dof/install/servo6dof_controller/share/ament_index/resource_index/parent_prefix_path/servo6dof_controller
[0.152s] -- Up-to-date: /home/alsnac/Codes/GIT/6DOF_Servo/servo6dof/install/servo6dof_controller/share/servo6dof_controller/environment/ament_prefix_path.sh
[0.152s] -- Up-to-date: /home/alsnac/Codes/GIT/6DOF_Servo/servo6dof/install/servo6dof_controller/share/servo6dof_controller/environment/ament_prefix_path.dsv
[0.152s] -- Up-to-date: /home/alsnac/Codes/GIT/6DOF_Servo/servo6dof/install/servo6dof_controller/share/servo6dof_controller/environment/path.sh
[0.152s] -- Up-to-date: /home/alsnac/Codes/GIT/6DOF_Servo/servo6dof/install/servo6dof_controller/share/servo6dof_controller/environment/path.dsv
[0.152s] -- Up-to-date: /home/alsnac/Codes/GIT/6DOF_Servo/servo6dof/install/servo6dof_controller/share/servo6dof_controller/local_setup.bash
[0.152s] -- Up-to-date: /home/alsnac/Codes/GIT/6DOF_Servo/servo6dof/install/servo6dof_controller/share/servo6dof_controller/local_setup.sh
[0.152s] -- Up-to-date: /home/alsnac/Codes/GIT/6DOF_Servo/servo6dof/install/servo6dof_controller/share/servo6dof_controller/local_setup.zsh
[0.152s] -- Up-to-date: /home/alsnac/Codes/GIT/6DOF_Servo/servo6dof/install/servo6dof_controller/share/servo6dof_controller/local_setup.dsv
[0.152s] -- Installing: /home/alsnac/Codes/GIT/6DOF_Servo/servo6dof/install/servo6dof_controller/share/servo6dof_controller/package.dsv
[0.152s] -- Up-to-date: /home/alsnac/Codes/GIT/6DOF_Servo/servo6dof/install/servo6dof_controller/share/ament_index/resource_index/packages/servo6dof_controller
[0.153s] -- Up-to-date: /home/alsnac/Codes/GIT/6DOF_Servo/servo6dof/install/servo6dof_controller/share/servo6dof_controller/cmake/servo6dof_controllerConfig.cmake
[0.153s] -- Up-to-date: /home/alsnac/Codes/GIT/6DOF_Servo/servo6dof/install/servo6dof_controller/share/servo6dof_controller/cmake/servo6dof_controllerConfig-version.cmake
[0.153s] -- Up-to-date: /home/alsnac/Codes/GIT/6DOF_Servo/servo6dof/install/servo6dof_controller/share/servo6dof_controller/package.xml
[0.173s] Invoked command in '/home/alsnac/Codes/GIT/6DOF_Servo/servo6dof/build/servo6dof_controller' returned '0': CMAKE_PREFIX_PATH=${CMAKE_PREFIX_PATH}:/home/alsnac/ws_moveit/install/moveit_configs_utils:/home/alsnac/ws_moveit/install/launch_param_builder:/opt/ros/humble /usr/bin/cmake --install /home/alsnac/Codes/GIT/6DOF_Servo/servo6dof/build/servo6dof_controller
