[0.042s] Invoking command in '/home/alsnac/Codes/GIT/6DOF_Servo/servo6dof/build/servo6dof_controller': CMAKE_PREFIX_PATH=${CMAKE_PREFIX_PATH}:/home/alsnac/ws_moveit/install/moveit_configs_utils:/home/alsnac/ws_moveit/install/launch_param_builder:/opt/ros/humble /usr/bin/cmake --build /home/alsnac/Codes/GIT/6DOF_Servo/servo6dof/build/servo6dof_controller -- -j16 -l16
[0.095s] -- Found ament_cmake: 1.3.11 (/opt/ros/humble/share/ament_cmake/cmake)
[0.280s] -- Found ament_lint_auto: 0.12.12 (/opt/ros/humble/share/ament_lint_auto/cmake)
[0.373s] -- Added test 'flake8' to check Python code syntax and style conventions
[0.373s] -- Added test 'lint_cmake' to check CMake code style
[0.374s] -- Added test 'pep257' to check Python code against some of the docstring style conventions in PEP 257
[0.375s] -- Added test 'xmllint' to check XML markup files
[0.376s] -- Configuring done
[0.381s] -- Generating done
[0.384s] -- Build files have been written to: /home/alsnac/Codes/GIT/6DOF_Servo/servo6dof/build/servo6dof_controller
[0.432s] Invoked command in '/home/alsnac/Codes/GIT/6DOF_Servo/servo6dof/build/servo6dof_controller' returned '0': CMAKE_PREFIX_PATH=${CMAKE_PREFIX_PATH}:/home/alsnac/ws_moveit/install/moveit_configs_utils:/home/alsnac/ws_moveit/install/launch_param_builder:/opt/ros/humble /usr/bin/cmake --build /home/alsnac/Codes/GIT/6DOF_Servo/servo6dof/build/servo6dof_controller -- -j16 -l16
[0.434s] Invoking command in '/home/alsnac/Codes/GIT/6DOF_Servo/servo6dof/build/servo6dof_controller': CMAKE_PREFIX_PATH=${CMAKE_PREFIX_PATH}:/home/alsnac/ws_moveit/install/moveit_configs_utils:/home/alsnac/ws_moveit/install/launch_param_builder:/opt/ros/humble /usr/bin/cmake --install /home/alsnac/Codes/GIT/6DOF_Servo/servo6dof/build/servo6dof_controller
[0.452s] -- Install configuration: ""
[0.452s] -- Up-to-date: /home/alsnac/Codes/GIT/6DOF_Servo/servo6dof/install/servo6dof_controller/share/servo6dof_controller/config
[0.452s] -- Up-to-date: /home/alsnac/Codes/GIT/6DOF_Servo/servo6dof/install/servo6dof_controller/share/servo6dof_controller/config/servo6dof_controllers.yaml
[0.453s] -- Up-to-date: /home/alsnac/Codes/GIT/6DOF_Servo/servo6dof/install/servo6dof_controller/share/servo6dof_controller/launch
[0.453s] -- Installing: /home/alsnac/Codes/GIT/6DOF_Servo/servo6dof/install/servo6dof_controller/share/servo6dof_controller/launch/controller.launch.py
[0.453s] -- Installing: /home/alsnac/Codes/GIT/6DOF_Servo/servo6dof/install/servo6dof_controller/share/ament_index/resource_index/package_run_dependencies/servo6dof_controller
[0.453s] -- Up-to-date: /home/alsnac/Codes/GIT/6DOF_Servo/servo6dof/install/servo6dof_controller/share/ament_index/resource_index/parent_prefix_path/servo6dof_controller
[0.453s] -- Up-to-date: /home/alsnac/Codes/GIT/6DOF_Servo/servo6dof/install/servo6dof_controller/share/servo6dof_controller/environment/ament_prefix_path.sh
[0.454s] -- Installing: /home/alsnac/Codes/GIT/6DOF_Servo/servo6dof/install/servo6dof_controller/share/servo6dof_controller/environment/ament_prefix_path.dsv
[0.454s] -- Up-to-date: /home/alsnac/Codes/GIT/6DOF_Servo/servo6dof/install/servo6dof_controller/share/servo6dof_controller/environment/path.sh
[0.454s] -- Installing: /home/alsnac/Codes/GIT/6DOF_Servo/servo6dof/install/servo6dof_controller/share/servo6dof_controller/environment/path.dsv
[0.454s] -- Up-to-date: /home/alsnac/Codes/GIT/6DOF_Servo/servo6dof/install/servo6dof_controller/share/servo6dof_controller/local_setup.bash
[0.454s] -- Up-to-date: /home/alsnac/Codes/GIT/6DOF_Servo/servo6dof/install/servo6dof_controller/share/servo6dof_controller/local_setup.sh
[0.454s] -- Up-to-date: /home/alsnac/Codes/GIT/6DOF_Servo/servo6dof/install/servo6dof_controller/share/servo6dof_controller/local_setup.zsh
[0.454s] -- Installing: /home/alsnac/Codes/GIT/6DOF_Servo/servo6dof/install/servo6dof_controller/share/servo6dof_controller/local_setup.dsv
[0.454s] -- Installing: /home/alsnac/Codes/GIT/6DOF_Servo/servo6dof/install/servo6dof_controller/share/servo6dof_controller/package.dsv
[0.454s] -- Up-to-date: /home/alsnac/Codes/GIT/6DOF_Servo/servo6dof/install/servo6dof_controller/share/ament_index/resource_index/packages/servo6dof_controller
[0.454s] -- Up-to-date: /home/alsnac/Codes/GIT/6DOF_Servo/servo6dof/install/servo6dof_controller/share/servo6dof_controller/cmake/servo6dof_controllerConfig.cmake
[0.454s] -- Up-to-date: /home/alsnac/Codes/GIT/6DOF_Servo/servo6dof/install/servo6dof_controller/share/servo6dof_controller/cmake/servo6dof_controllerConfig-version.cmake
[0.455s] -- Installing: /home/alsnac/Codes/GIT/6DOF_Servo/servo6dof/install/servo6dof_controller/share/servo6dof_controller/package.xml
[0.458s] Invoked command in '/home/alsnac/Codes/GIT/6DOF_Servo/servo6dof/build/servo6dof_controller' returned '0': CMAKE_PREFIX_PATH=${CMAKE_PREFIX_PATH}:/home/alsnac/ws_moveit/install/moveit_configs_utils:/home/alsnac/ws_moveit/install/launch_param_builder:/opt/ros/humble /usr/bin/cmake --install /home/alsnac/Codes/GIT/6DOF_Servo/servo6dof/build/servo6dof_controller
