[0.192s] DEBUG:colcon:Command line arguments: ['/usr/bin/colcon', 'build']
[0.192s] DEBUG:colcon:Parsed command line arguments: Namespace(log_base=None, log_level=None, verb_name='build', build_base='build', install_base='install', merge_install=False, symlink_install=False, test_result_base=None, continue_on_error=False, executor='parallel', parallel_workers=16, event_handlers=None, ignore_user_meta=False, metas=['./colcon.meta'], base_paths=['.'], packages_ignore=None, packages_ignore_regex=None, paths=None, packages_up_to=None, packages_up_to_regex=None, packages_above=None, packages_above_and_dependencies=None, packages_above_depth=None, packages_select_by_dep=None, packages_skip_by_dep=None, packages_skip_up_to=None, packages_select_build_failed=False, packages_skip_build_finished=False, packages_select_test_failures=False, packages_skip_test_passed=False, packages_select=None, packages_skip=None, packages_select_regex=None, packages_skip_regex=None, packages_start=None, packages_end=None, allow_overriding=[], cmake_args=None, cmake_target=None, cmake_target_skip_unavailable=False, cmake_clean_cache=False, cmake_clean_first=False, cmake_force_configure=False, ament_cmake_args=None, catkin_cmake_args=None, catkin_skip_building_tests=False, mixin_files=None, mixin=None, verb_parser=<colcon_mixin.mixin.mixin_argument.MixinArgumentDecorator object at 0x7ccd459a89a0>, verb_extension=<colcon_core.verb.build.BuildVerb object at 0x7ccd459a8430>, main=<bound method BuildVerb.main of <colcon_core.verb.build.BuildVerb object at 0x7ccd459a8430>>, mixin_verb=('build',))
[0.483s] Level 1:colcon.colcon_core.package_discovery:discover_packages(colcon_meta) check parameters
[0.483s] Level 1:colcon.colcon_core.package_discovery:discover_packages(recursive) check parameters
[0.483s] Level 1:colcon.colcon_core.package_discovery:discover_packages(ignore) check parameters
[0.483s] Level 1:colcon.colcon_core.package_discovery:discover_packages(path) check parameters
[0.483s] Level 1:colcon.colcon_core.package_discovery:discover_packages(colcon_meta) discover
[0.483s] Level 1:colcon.colcon_core.package_discovery:discover_packages(recursive) discover
[0.483s] INFO:colcon.colcon_core.package_discovery:Crawling recursively for packages in '/home/alsnac/Codes/GIT/6DOF_Servo/servo6dof'
[0.483s] Level 1:colcon.colcon_core.package_identification:_identify(.) by extensions ['ignore', 'ignore_ament_install']
[0.483s] Level 1:colcon.colcon_core.package_identification:_identify(.) by extension 'ignore'
[0.484s] Level 1:colcon.colcon_core.package_identification:_identify(.) by extension 'ignore_ament_install'
[0.484s] Level 1:colcon.colcon_core.package_identification:_identify(.) by extensions ['colcon_pkg']
[0.484s] Level 1:colcon.colcon_core.package_identification:_identify(.) by extension 'colcon_pkg'
[0.484s] Level 1:colcon.colcon_core.package_identification:_identify(.) by extensions ['colcon_meta']
[0.484s] Level 1:colcon.colcon_core.package_identification:_identify(.) by extension 'colcon_meta'
[0.484s] Level 1:colcon.colcon_core.package_identification:_identify(.) by extensions ['ros']
[0.484s] Level 1:colcon.colcon_core.package_identification:_identify(.) by extension 'ros'
[0.512s] Level 1:colcon.colcon_core.package_identification:_identify(.) by extensions ['cmake', 'python']
[0.512s] Level 1:colcon.colcon_core.package_identification:_identify(.) by extension 'cmake'
[0.512s] Level 1:colcon.colcon_core.package_identification:_identify(.) by extension 'python'
[0.512s] Level 1:colcon.colcon_core.package_identification:_identify(.) by extensions ['python_setup_py']
[0.512s] Level 1:colcon.colcon_core.package_identification:_identify(.) by extension 'python_setup_py'
[0.512s] Level 1:colcon.colcon_core.package_identification:_identify(build) by extensions ['ignore', 'ignore_ament_install']
[0.513s] Level 1:colcon.colcon_core.package_identification:_identify(build) by extension 'ignore'
[0.513s] Level 1:colcon.colcon_core.package_identification:_identify(build) ignored
[0.513s] Level 1:colcon.colcon_core.package_identification:_identify(install) by extensions ['ignore', 'ignore_ament_install']
[0.513s] Level 1:colcon.colcon_core.package_identification:_identify(install) by extension 'ignore'
[0.513s] Level 1:colcon.colcon_core.package_identification:_identify(install) ignored
[0.513s] Level 1:colcon.colcon_core.package_identification:_identify(log) by extensions ['ignore', 'ignore_ament_install']
[0.513s] Level 1:colcon.colcon_core.package_identification:_identify(log) by extension 'ignore'
[0.513s] Level 1:colcon.colcon_core.package_identification:_identify(log) ignored
[0.513s] Level 1:colcon.colcon_core.package_identification:_identify(servo6dof_controller) by extensions ['ignore', 'ignore_ament_install']
[0.513s] Level 1:colcon.colcon_core.package_identification:_identify(servo6dof_controller) by extension 'ignore'
[0.513s] Level 1:colcon.colcon_core.package_identification:_identify(servo6dof_controller) by extension 'ignore_ament_install'
[0.514s] Level 1:colcon.colcon_core.package_identification:_identify(servo6dof_controller) by extensions ['colcon_pkg']
[0.514s] Level 1:colcon.colcon_core.package_identification:_identify(servo6dof_controller) by extension 'colcon_pkg'
[0.514s] Level 1:colcon.colcon_core.package_identification:_identify(servo6dof_controller) by extensions ['colcon_meta']
[0.514s] Level 1:colcon.colcon_core.package_identification:_identify(servo6dof_controller) by extension 'colcon_meta'
[0.514s] Level 1:colcon.colcon_core.package_identification:_identify(servo6dof_controller) by extensions ['ros']
[0.514s] Level 1:colcon.colcon_core.package_identification:_identify(servo6dof_controller) by extension 'ros'
[0.517s] DEBUG:colcon.colcon_core.package_identification:Package 'servo6dof_controller' with type 'ros.ament_cmake' and name 'servo6dof_controller'
[0.517s] Level 1:colcon.colcon_core.package_identification:_identify(servo6dof_description) by extensions ['ignore', 'ignore_ament_install']
[0.517s] Level 1:colcon.colcon_core.package_identification:_identify(servo6dof_description) by extension 'ignore'
[0.517s] Level 1:colcon.colcon_core.package_identification:_identify(servo6dof_description) by extension 'ignore_ament_install'
[0.517s] Level 1:colcon.colcon_core.package_identification:_identify(servo6dof_description) by extensions ['colcon_pkg']
[0.517s] Level 1:colcon.colcon_core.package_identification:_identify(servo6dof_description) by extension 'colcon_pkg'
[0.517s] Level 1:colcon.colcon_core.package_identification:_identify(servo6dof_description) by extensions ['colcon_meta']
[0.517s] Level 1:colcon.colcon_core.package_identification:_identify(servo6dof_description) by extension 'colcon_meta'
[0.517s] Level 1:colcon.colcon_core.package_identification:_identify(servo6dof_description) by extensions ['ros']
[0.517s] Level 1:colcon.colcon_core.package_identification:_identify(servo6dof_description) by extension 'ros'
[0.520s] DEBUG:colcon.colcon_core.package_identification:Package 'servo6dof_description' with type 'ros.ament_cmake' and name 'servo6dof_description'
[0.520s] Level 1:colcon.colcon_core.package_identification:_identify(servo6dof_moveit) by extensions ['ignore', 'ignore_ament_install']
[0.520s] Level 1:colcon.colcon_core.package_identification:_identify(servo6dof_moveit) by extension 'ignore'
[0.520s] Level 1:colcon.colcon_core.package_identification:_identify(servo6dof_moveit) by extension 'ignore_ament_install'
[0.521s] Level 1:colcon.colcon_core.package_identification:_identify(servo6dof_moveit) by extensions ['colcon_pkg']
[0.521s] Level 1:colcon.colcon_core.package_identification:_identify(servo6dof_moveit) by extension 'colcon_pkg'
[0.521s] Level 1:colcon.colcon_core.package_identification:_identify(servo6dof_moveit) by extensions ['colcon_meta']
[0.521s] Level 1:colcon.colcon_core.package_identification:_identify(servo6dof_moveit) by extension 'colcon_meta'
[0.521s] Level 1:colcon.colcon_core.package_identification:_identify(servo6dof_moveit) by extensions ['ros']
[0.521s] Level 1:colcon.colcon_core.package_identification:_identify(servo6dof_moveit) by extension 'ros'
[0.522s] DEBUG:colcon.colcon_core.package_identification:Package 'servo6dof_moveit' with type 'ros.ament_cmake' and name 'servo6dof_moveit'
[0.522s] Level 1:colcon.colcon_core.package_discovery:discover_packages(recursive) using defaults
[0.522s] Level 1:colcon.colcon_core.package_discovery:discover_packages(ignore) discover
[0.522s] Level 1:colcon.colcon_core.package_discovery:discover_packages(ignore) using defaults
[0.522s] Level 1:colcon.colcon_core.package_discovery:discover_packages(path) discover
[0.522s] Level 1:colcon.colcon_core.package_discovery:discover_packages(path) using defaults
[0.549s] Level 1:colcon.colcon_core.package_discovery:discover_packages(prefix_path) check parameters
[0.549s] Level 1:colcon.colcon_core.package_discovery:discover_packages(prefix_path) discover
[0.556s] DEBUG:colcon.colcon_installed_package_information.package_discovery:Found 55 installed packages in /home/alsnac/ws_moveit/install
[0.560s] DEBUG:colcon.colcon_installed_package_information.package_discovery:Found 473 installed packages in /opt/ros/humble
[0.565s] Level 1:colcon.colcon_core.package_discovery:discover_packages(prefix_path) using defaults
[0.640s] Level 5:colcon.colcon_core.verb:set package 'servo6dof_controller' build argument 'cmake_args' from command line to 'None'
[0.640s] Level 5:colcon.colcon_core.verb:set package 'servo6dof_controller' build argument 'cmake_target' from command line to 'None'
[0.640s] Level 5:colcon.colcon_core.verb:set package 'servo6dof_controller' build argument 'cmake_target_skip_unavailable' from command line to 'False'
[0.640s] Level 5:colcon.colcon_core.verb:set package 'servo6dof_controller' build argument 'cmake_clean_cache' from command line to 'False'
[0.640s] Level 5:colcon.colcon_core.verb:set package 'servo6dof_controller' build argument 'cmake_clean_first' from command line to 'False'
[0.640s] Level 5:colcon.colcon_core.verb:set package 'servo6dof_controller' build argument 'cmake_force_configure' from command line to 'False'
[0.640s] Level 5:colcon.colcon_core.verb:set package 'servo6dof_controller' build argument 'ament_cmake_args' from command line to 'None'
[0.640s] Level 5:colcon.colcon_core.verb:set package 'servo6dof_controller' build argument 'catkin_cmake_args' from command line to 'None'
[0.640s] Level 5:colcon.colcon_core.verb:set package 'servo6dof_controller' build argument 'catkin_skip_building_tests' from command line to 'False'
[0.640s] DEBUG:colcon.colcon_core.verb:Building package 'servo6dof_controller' with the following arguments: {'ament_cmake_args': None, 'build_base': '/home/alsnac/Codes/GIT/6DOF_Servo/servo6dof/build/servo6dof_controller', 'catkin_cmake_args': None, 'catkin_skip_building_tests': False, 'cmake_args': None, 'cmake_clean_cache': False, 'cmake_clean_first': False, 'cmake_force_configure': False, 'cmake_target': None, 'cmake_target_skip_unavailable': False, 'install_base': '/home/alsnac/Codes/GIT/6DOF_Servo/servo6dof/install/servo6dof_controller', 'merge_install': False, 'path': '/home/alsnac/Codes/GIT/6DOF_Servo/servo6dof/servo6dof_controller', 'symlink_install': False, 'test_result_base': None}
[0.641s] Level 5:colcon.colcon_core.verb:set package 'servo6dof_description' build argument 'cmake_args' from command line to 'None'
[0.641s] Level 5:colcon.colcon_core.verb:set package 'servo6dof_description' build argument 'cmake_target' from command line to 'None'
[0.641s] Level 5:colcon.colcon_core.verb:set package 'servo6dof_description' build argument 'cmake_target_skip_unavailable' from command line to 'False'
[0.641s] Level 5:colcon.colcon_core.verb:set package 'servo6dof_description' build argument 'cmake_clean_cache' from command line to 'False'
[0.641s] Level 5:colcon.colcon_core.verb:set package 'servo6dof_description' build argument 'cmake_clean_first' from command line to 'False'
[0.641s] Level 5:colcon.colcon_core.verb:set package 'servo6dof_description' build argument 'cmake_force_configure' from command line to 'False'
[0.641s] Level 5:colcon.colcon_core.verb:set package 'servo6dof_description' build argument 'ament_cmake_args' from command line to 'None'
[0.641s] Level 5:colcon.colcon_core.verb:set package 'servo6dof_description' build argument 'catkin_cmake_args' from command line to 'None'
[0.641s] Level 5:colcon.colcon_core.verb:set package 'servo6dof_description' build argument 'catkin_skip_building_tests' from command line to 'False'
[0.641s] DEBUG:colcon.colcon_core.verb:Building package 'servo6dof_description' with the following arguments: {'ament_cmake_args': None, 'build_base': '/home/alsnac/Codes/GIT/6DOF_Servo/servo6dof/build/servo6dof_description', 'catkin_cmake_args': None, 'catkin_skip_building_tests': False, 'cmake_args': None, 'cmake_clean_cache': False, 'cmake_clean_first': False, 'cmake_force_configure': False, 'cmake_target': None, 'cmake_target_skip_unavailable': False, 'install_base': '/home/alsnac/Codes/GIT/6DOF_Servo/servo6dof/install/servo6dof_description', 'merge_install': False, 'path': '/home/alsnac/Codes/GIT/6DOF_Servo/servo6dof/servo6dof_description', 'symlink_install': False, 'test_result_base': None}
[0.641s] Level 5:colcon.colcon_core.verb:set package 'servo6dof_moveit' build argument 'cmake_args' from command line to 'None'
[0.641s] Level 5:colcon.colcon_core.verb:set package 'servo6dof_moveit' build argument 'cmake_target' from command line to 'None'
[0.641s] Level 5:colcon.colcon_core.verb:set package 'servo6dof_moveit' build argument 'cmake_target_skip_unavailable' from command line to 'False'
[0.642s] Level 5:colcon.colcon_core.verb:set package 'servo6dof_moveit' build argument 'cmake_clean_cache' from command line to 'False'
[0.642s] Level 5:colcon.colcon_core.verb:set package 'servo6dof_moveit' build argument 'cmake_clean_first' from command line to 'False'
[0.642s] Level 5:colcon.colcon_core.verb:set package 'servo6dof_moveit' build argument 'cmake_force_configure' from command line to 'False'
[0.642s] Level 5:colcon.colcon_core.verb:set package 'servo6dof_moveit' build argument 'ament_cmake_args' from command line to 'None'
[0.642s] Level 5:colcon.colcon_core.verb:set package 'servo6dof_moveit' build argument 'catkin_cmake_args' from command line to 'None'
[0.642s] Level 5:colcon.colcon_core.verb:set package 'servo6dof_moveit' build argument 'catkin_skip_building_tests' from command line to 'False'
[0.642s] DEBUG:colcon.colcon_core.verb:Building package 'servo6dof_moveit' with the following arguments: {'ament_cmake_args': None, 'build_base': '/home/alsnac/Codes/GIT/6DOF_Servo/servo6dof/build/servo6dof_moveit', 'catkin_cmake_args': None, 'catkin_skip_building_tests': False, 'cmake_args': None, 'cmake_clean_cache': False, 'cmake_clean_first': False, 'cmake_force_configure': False, 'cmake_target': None, 'cmake_target_skip_unavailable': False, 'install_base': '/home/alsnac/Codes/GIT/6DOF_Servo/servo6dof/install/servo6dof_moveit', 'merge_install': False, 'path': '/home/alsnac/Codes/GIT/6DOF_Servo/servo6dof/servo6dof_moveit', 'symlink_install': False, 'test_result_base': None}
[0.642s] INFO:colcon.colcon_core.executor:Executing jobs using 'parallel' executor
[0.643s] DEBUG:colcon.colcon_parallel_executor.executor.parallel:run_until_complete
[0.643s] INFO:colcon.colcon_ros.task.ament_cmake.build:Building ROS package in '/home/alsnac/Codes/GIT/6DOF_Servo/servo6dof/servo6dof_controller' with build type 'ament_cmake'
[0.643s] INFO:colcon.colcon_cmake.task.cmake.build:Building CMake package in '/home/alsnac/Codes/GIT/6DOF_Servo/servo6dof/servo6dof_controller'
[0.646s] INFO:colcon.colcon_core.plugin_system:Skipping extension 'colcon_core.shell.bat': Not used on non-Windows systems
[0.647s] INFO:colcon.colcon_core.shell:Skip shell extension 'powershell' for command environment: Not usable outside of PowerShell
[0.647s] DEBUG:colcon.colcon_core.shell:Skip shell extension 'dsv' for command environment
[0.658s] INFO:colcon.colcon_ros.task.ament_cmake.build:Building ROS package in '/home/alsnac/Codes/GIT/6DOF_Servo/servo6dof/servo6dof_description' with build type 'ament_cmake'
[0.658s] INFO:colcon.colcon_cmake.task.cmake.build:Building CMake package in '/home/alsnac/Codes/GIT/6DOF_Servo/servo6dof/servo6dof_description'
[0.658s] INFO:colcon.colcon_core.shell:Skip shell extension 'powershell' for command environment: Not usable outside of PowerShell
[0.659s] DEBUG:colcon.colcon_core.shell:Skip shell extension 'dsv' for command environment
[0.668s] INFO:colcon.colcon_ros.task.ament_cmake.build:Building ROS package in '/home/alsnac/Codes/GIT/6DOF_Servo/servo6dof/servo6dof_moveit' with build type 'ament_cmake'
[0.668s] INFO:colcon.colcon_cmake.task.cmake.build:Building CMake package in '/home/alsnac/Codes/GIT/6DOF_Servo/servo6dof/servo6dof_moveit'
[0.669s] INFO:colcon.colcon_core.shell:Skip shell extension 'powershell' for command environment: Not usable outside of PowerShell
[0.669s] DEBUG:colcon.colcon_core.shell:Skip shell extension 'dsv' for command environment
[0.687s] DEBUG:colcon.colcon_core.event_handler.log_command:Invoking command in '/home/alsnac/Codes/GIT/6DOF_Servo/servo6dof/build/servo6dof_controller': CMAKE_PREFIX_PATH=${CMAKE_PREFIX_PATH}:/home/alsnac/ws_moveit/install/moveit_configs_utils:/home/alsnac/ws_moveit/install/launch_param_builder:/opt/ros/humble /usr/bin/cmake --build /home/alsnac/Codes/GIT/6DOF_Servo/servo6dof/build/servo6dof_controller -- -j16 -l16
[0.692s] DEBUG:colcon.colcon_core.event_handler.log_command:Invoking command in '/home/alsnac/Codes/GIT/6DOF_Servo/servo6dof/build/servo6dof_description': CMAKE_PREFIX_PATH=${CMAKE_PREFIX_PATH}:/home/alsnac/ws_moveit/install/moveit_configs_utils:/home/alsnac/ws_moveit/install/launch_param_builder:/opt/ros/humble /usr/bin/cmake --build /home/alsnac/Codes/GIT/6DOF_Servo/servo6dof/build/servo6dof_description -- -j16 -l16
[0.700s] DEBUG:colcon.colcon_core.event_handler.log_command:Invoking command in '/home/alsnac/Codes/GIT/6DOF_Servo/servo6dof/build/servo6dof_moveit': CMAKE_PREFIX_PATH=${CMAKE_PREFIX_PATH}:/home/alsnac/ws_moveit/install/moveit_configs_utils:/home/alsnac/ws_moveit/install/launch_param_builder:/opt/ros/humble /usr/bin/cmake --build /home/alsnac/Codes/GIT/6DOF_Servo/servo6dof/build/servo6dof_moveit -- -j16 -l16
[0.779s] DEBUG:colcon.colcon_core.event_handler.log_command:Invoked command in '/home/alsnac/Codes/GIT/6DOF_Servo/servo6dof/build/servo6dof_description' returned '0': CMAKE_PREFIX_PATH=${CMAKE_PREFIX_PATH}:/home/alsnac/ws_moveit/install/moveit_configs_utils:/home/alsnac/ws_moveit/install/launch_param_builder:/opt/ros/humble /usr/bin/cmake --build /home/alsnac/Codes/GIT/6DOF_Servo/servo6dof/build/servo6dof_description -- -j16 -l16
[0.802s] DEBUG:colcon.colcon_core.event_handler.log_command:Invoking command in '/home/alsnac/Codes/GIT/6DOF_Servo/servo6dof/build/servo6dof_description': CMAKE_PREFIX_PATH=${CMAKE_PREFIX_PATH}:/home/alsnac/ws_moveit/install/moveit_configs_utils:/home/alsnac/ws_moveit/install/launch_param_builder:/opt/ros/humble /usr/bin/cmake --install /home/alsnac/Codes/GIT/6DOF_Servo/servo6dof/build/servo6dof_description
[0.803s] DEBUG:colcon.colcon_core.event_handler.log_command:Invoked command in '/home/alsnac/Codes/GIT/6DOF_Servo/servo6dof/build/servo6dof_moveit' returned '0': CMAKE_PREFIX_PATH=${CMAKE_PREFIX_PATH}:/home/alsnac/ws_moveit/install/moveit_configs_utils:/home/alsnac/ws_moveit/install/launch_param_builder:/opt/ros/humble /usr/bin/cmake --build /home/alsnac/Codes/GIT/6DOF_Servo/servo6dof/build/servo6dof_moveit -- -j16 -l16
[0.806s] DEBUG:colcon.colcon_core.event_handler.log_command:Invoking command in '/home/alsnac/Codes/GIT/6DOF_Servo/servo6dof/build/servo6dof_moveit': CMAKE_PREFIX_PATH=${CMAKE_PREFIX_PATH}:/home/alsnac/ws_moveit/install/moveit_configs_utils:/home/alsnac/ws_moveit/install/launch_param_builder:/opt/ros/humble /usr/bin/cmake --install /home/alsnac/Codes/GIT/6DOF_Servo/servo6dof/build/servo6dof_moveit
[0.825s] Level 1:colcon.colcon_core.environment:create_environment_scripts_only(servo6dof_description)
[0.826s] DEBUG:colcon.colcon_core.event_handler.log_command:Invoked command in '/home/alsnac/Codes/GIT/6DOF_Servo/servo6dof/build/servo6dof_description' returned '0': CMAKE_PREFIX_PATH=${CMAKE_PREFIX_PATH}:/home/alsnac/ws_moveit/install/moveit_configs_utils:/home/alsnac/ws_moveit/install/launch_param_builder:/opt/ros/humble /usr/bin/cmake --install /home/alsnac/Codes/GIT/6DOF_Servo/servo6dof/build/servo6dof_description
[0.831s] Level 1:colcon.colcon_core.environment:checking '/home/alsnac/Codes/GIT/6DOF_Servo/servo6dof/install/servo6dof_description' for CMake module files
[0.832s] Level 1:colcon.colcon_core.environment:checking '/home/alsnac/Codes/GIT/6DOF_Servo/servo6dof/install/servo6dof_description' for CMake config files
[0.832s] Level 1:colcon.colcon_core.shell:create_environment_hook('servo6dof_description', 'cmake_prefix_path')
[0.833s] INFO:colcon.colcon_core.shell:Creating environment hook '/home/alsnac/Codes/GIT/6DOF_Servo/servo6dof/install/servo6dof_description/share/servo6dof_description/hook/cmake_prefix_path.ps1'
[0.834s] INFO:colcon.colcon_core.shell:Creating environment descriptor '/home/alsnac/Codes/GIT/6DOF_Servo/servo6dof/install/servo6dof_description/share/servo6dof_description/hook/cmake_prefix_path.dsv'
[0.834s] INFO:colcon.colcon_core.shell:Creating environment hook '/home/alsnac/Codes/GIT/6DOF_Servo/servo6dof/install/servo6dof_description/share/servo6dof_description/hook/cmake_prefix_path.sh'
[0.835s] Level 1:colcon.colcon_core.environment:checking '/home/alsnac/Codes/GIT/6DOF_Servo/servo6dof/install/servo6dof_description/bin'
[0.835s] Level 1:colcon.colcon_core.environment:checking '/home/alsnac/Codes/GIT/6DOF_Servo/servo6dof/install/servo6dof_description/lib/pkgconfig/servo6dof_description.pc'
[0.836s] Level 1:colcon.colcon_core.environment:checking '/home/alsnac/Codes/GIT/6DOF_Servo/servo6dof/install/servo6dof_description/lib/python3.10/site-packages'
[0.836s] Level 1:colcon.colcon_core.environment:checking '/home/alsnac/Codes/GIT/6DOF_Servo/servo6dof/install/servo6dof_description/bin'
[0.836s] INFO:colcon.colcon_core.shell:Creating package script '/home/alsnac/Codes/GIT/6DOF_Servo/servo6dof/install/servo6dof_description/share/servo6dof_description/package.ps1'
[0.837s] INFO:colcon.colcon_core.shell:Creating package descriptor '/home/alsnac/Codes/GIT/6DOF_Servo/servo6dof/install/servo6dof_description/share/servo6dof_description/package.dsv'
[0.837s] INFO:colcon.colcon_core.shell:Creating package script '/home/alsnac/Codes/GIT/6DOF_Servo/servo6dof/install/servo6dof_description/share/servo6dof_description/package.sh'
[0.838s] INFO:colcon.colcon_core.shell:Creating package script '/home/alsnac/Codes/GIT/6DOF_Servo/servo6dof/install/servo6dof_description/share/servo6dof_description/package.bash'
[0.839s] INFO:colcon.colcon_core.shell:Creating package script '/home/alsnac/Codes/GIT/6DOF_Servo/servo6dof/install/servo6dof_description/share/servo6dof_description/package.zsh'
[0.840s] Level 1:colcon.colcon_core.environment:create_file_with_runtime_dependencies(/home/alsnac/Codes/GIT/6DOF_Servo/servo6dof/install/servo6dof_description/share/colcon-core/packages/servo6dof_description)
[0.841s] Level 1:colcon.colcon_core.environment:create_environment_scripts_only(servo6dof_description)
[0.842s] Level 1:colcon.colcon_core.environment:checking '/home/alsnac/Codes/GIT/6DOF_Servo/servo6dof/install/servo6dof_description' for CMake module files
[0.842s] Level 1:colcon.colcon_core.environment:checking '/home/alsnac/Codes/GIT/6DOF_Servo/servo6dof/install/servo6dof_description' for CMake config files
[0.843s] Level 1:colcon.colcon_core.shell:create_environment_hook('servo6dof_description', 'cmake_prefix_path')
[0.843s] INFO:colcon.colcon_core.shell:Creating environment hook '/home/alsnac/Codes/GIT/6DOF_Servo/servo6dof/install/servo6dof_description/share/servo6dof_description/hook/cmake_prefix_path.ps1'
[0.844s] INFO:colcon.colcon_core.shell:Creating environment descriptor '/home/alsnac/Codes/GIT/6DOF_Servo/servo6dof/install/servo6dof_description/share/servo6dof_description/hook/cmake_prefix_path.dsv'
[0.844s] INFO:colcon.colcon_core.shell:Creating environment hook '/home/alsnac/Codes/GIT/6DOF_Servo/servo6dof/install/servo6dof_description/share/servo6dof_description/hook/cmake_prefix_path.sh'
[0.845s] Level 1:colcon.colcon_core.environment:checking '/home/alsnac/Codes/GIT/6DOF_Servo/servo6dof/install/servo6dof_description/bin'
[0.845s] Level 1:colcon.colcon_core.environment:checking '/home/alsnac/Codes/GIT/6DOF_Servo/servo6dof/install/servo6dof_description/lib/pkgconfig/servo6dof_description.pc'
[0.845s] Level 1:colcon.colcon_core.environment:checking '/home/alsnac/Codes/GIT/6DOF_Servo/servo6dof/install/servo6dof_description/lib/python3.10/site-packages'
[0.845s] Level 1:colcon.colcon_core.environment:checking '/home/alsnac/Codes/GIT/6DOF_Servo/servo6dof/install/servo6dof_description/bin'
[0.845s] INFO:colcon.colcon_core.shell:Creating package script '/home/alsnac/Codes/GIT/6DOF_Servo/servo6dof/install/servo6dof_description/share/servo6dof_description/package.ps1'
[0.846s] INFO:colcon.colcon_core.shell:Creating package descriptor '/home/alsnac/Codes/GIT/6DOF_Servo/servo6dof/install/servo6dof_description/share/servo6dof_description/package.dsv'
[0.846s] INFO:colcon.colcon_core.shell:Creating package script '/home/alsnac/Codes/GIT/6DOF_Servo/servo6dof/install/servo6dof_description/share/servo6dof_description/package.sh'
[0.847s] INFO:colcon.colcon_core.shell:Creating package script '/home/alsnac/Codes/GIT/6DOF_Servo/servo6dof/install/servo6dof_description/share/servo6dof_description/package.bash'
[0.847s] INFO:colcon.colcon_core.shell:Creating package script '/home/alsnac/Codes/GIT/6DOF_Servo/servo6dof/install/servo6dof_description/share/servo6dof_description/package.zsh'
[0.848s] Level 1:colcon.colcon_core.environment:create_file_with_runtime_dependencies(/home/alsnac/Codes/GIT/6DOF_Servo/servo6dof/install/servo6dof_description/share/colcon-core/packages/servo6dof_description)
[0.850s] Level 1:colcon.colcon_core.environment:create_environment_scripts_only(servo6dof_moveit)
[0.850s] Level 1:colcon.colcon_core.environment:checking '/home/alsnac/Codes/GIT/6DOF_Servo/servo6dof/install/servo6dof_moveit' for CMake module files
[0.851s] DEBUG:colcon.colcon_core.event_handler.log_command:Invoked command in '/home/alsnac/Codes/GIT/6DOF_Servo/servo6dof/build/servo6dof_moveit' returned '0': CMAKE_PREFIX_PATH=${CMAKE_PREFIX_PATH}:/home/alsnac/ws_moveit/install/moveit_configs_utils:/home/alsnac/ws_moveit/install/launch_param_builder:/opt/ros/humble /usr/bin/cmake --install /home/alsnac/Codes/GIT/6DOF_Servo/servo6dof/build/servo6dof_moveit
[0.851s] Level 1:colcon.colcon_core.environment:checking '/home/alsnac/Codes/GIT/6DOF_Servo/servo6dof/install/servo6dof_moveit' for CMake config files
[0.852s] Level 1:colcon.colcon_core.shell:create_environment_hook('servo6dof_moveit', 'cmake_prefix_path')
[0.852s] INFO:colcon.colcon_core.shell:Creating environment hook '/home/alsnac/Codes/GIT/6DOF_Servo/servo6dof/install/servo6dof_moveit/share/servo6dof_moveit/hook/cmake_prefix_path.ps1'
[0.852s] INFO:colcon.colcon_core.shell:Creating environment descriptor '/home/alsnac/Codes/GIT/6DOF_Servo/servo6dof/install/servo6dof_moveit/share/servo6dof_moveit/hook/cmake_prefix_path.dsv'
[0.853s] INFO:colcon.colcon_core.shell:Creating environment hook '/home/alsnac/Codes/GIT/6DOF_Servo/servo6dof/install/servo6dof_moveit/share/servo6dof_moveit/hook/cmake_prefix_path.sh'
[0.853s] Level 1:colcon.colcon_core.environment:checking '/home/alsnac/Codes/GIT/6DOF_Servo/servo6dof/install/servo6dof_moveit/bin'
[0.853s] Level 1:colcon.colcon_core.environment:checking '/home/alsnac/Codes/GIT/6DOF_Servo/servo6dof/install/servo6dof_moveit/lib/pkgconfig/servo6dof_moveit.pc'
[0.854s] Level 1:colcon.colcon_core.environment:checking '/home/alsnac/Codes/GIT/6DOF_Servo/servo6dof/install/servo6dof_moveit/lib/python3.10/site-packages'
[0.854s] Level 1:colcon.colcon_core.environment:checking '/home/alsnac/Codes/GIT/6DOF_Servo/servo6dof/install/servo6dof_moveit/bin'
[0.854s] INFO:colcon.colcon_core.shell:Creating package script '/home/alsnac/Codes/GIT/6DOF_Servo/servo6dof/install/servo6dof_moveit/share/servo6dof_moveit/package.ps1'
[0.855s] INFO:colcon.colcon_core.shell:Creating package descriptor '/home/alsnac/Codes/GIT/6DOF_Servo/servo6dof/install/servo6dof_moveit/share/servo6dof_moveit/package.dsv'
[0.856s] INFO:colcon.colcon_core.shell:Creating package script '/home/alsnac/Codes/GIT/6DOF_Servo/servo6dof/install/servo6dof_moveit/share/servo6dof_moveit/package.sh'
[0.857s] INFO:colcon.colcon_core.shell:Creating package script '/home/alsnac/Codes/GIT/6DOF_Servo/servo6dof/install/servo6dof_moveit/share/servo6dof_moveit/package.bash'
[0.857s] INFO:colcon.colcon_core.shell:Creating package script '/home/alsnac/Codes/GIT/6DOF_Servo/servo6dof/install/servo6dof_moveit/share/servo6dof_moveit/package.zsh'
[0.858s] Level 1:colcon.colcon_core.environment:create_file_with_runtime_dependencies(/home/alsnac/Codes/GIT/6DOF_Servo/servo6dof/install/servo6dof_moveit/share/colcon-core/packages/servo6dof_moveit)
[0.859s] Level 1:colcon.colcon_core.environment:create_environment_scripts_only(servo6dof_moveit)
[0.859s] Level 1:colcon.colcon_core.environment:checking '/home/alsnac/Codes/GIT/6DOF_Servo/servo6dof/install/servo6dof_moveit' for CMake module files
[0.859s] Level 1:colcon.colcon_core.environment:checking '/home/alsnac/Codes/GIT/6DOF_Servo/servo6dof/install/servo6dof_moveit' for CMake config files
[0.860s] Level 1:colcon.colcon_core.shell:create_environment_hook('servo6dof_moveit', 'cmake_prefix_path')
[0.860s] INFO:colcon.colcon_core.shell:Creating environment hook '/home/alsnac/Codes/GIT/6DOF_Servo/servo6dof/install/servo6dof_moveit/share/servo6dof_moveit/hook/cmake_prefix_path.ps1'
[0.861s] INFO:colcon.colcon_core.shell:Creating environment descriptor '/home/alsnac/Codes/GIT/6DOF_Servo/servo6dof/install/servo6dof_moveit/share/servo6dof_moveit/hook/cmake_prefix_path.dsv'
[0.861s] INFO:colcon.colcon_core.shell:Creating environment hook '/home/alsnac/Codes/GIT/6DOF_Servo/servo6dof/install/servo6dof_moveit/share/servo6dof_moveit/hook/cmake_prefix_path.sh'
[0.862s] Level 1:colcon.colcon_core.environment:checking '/home/alsnac/Codes/GIT/6DOF_Servo/servo6dof/install/servo6dof_moveit/bin'
[0.862s] Level 1:colcon.colcon_core.environment:checking '/home/alsnac/Codes/GIT/6DOF_Servo/servo6dof/install/servo6dof_moveit/lib/pkgconfig/servo6dof_moveit.pc'
[0.862s] Level 1:colcon.colcon_core.environment:checking '/home/alsnac/Codes/GIT/6DOF_Servo/servo6dof/install/servo6dof_moveit/lib/python3.10/site-packages'
[0.862s] Level 1:colcon.colcon_core.environment:checking '/home/alsnac/Codes/GIT/6DOF_Servo/servo6dof/install/servo6dof_moveit/bin'
[0.863s] INFO:colcon.colcon_core.shell:Creating package script '/home/alsnac/Codes/GIT/6DOF_Servo/servo6dof/install/servo6dof_moveit/share/servo6dof_moveit/package.ps1'
[0.863s] INFO:colcon.colcon_core.shell:Creating package descriptor '/home/alsnac/Codes/GIT/6DOF_Servo/servo6dof/install/servo6dof_moveit/share/servo6dof_moveit/package.dsv'
[0.864s] INFO:colcon.colcon_core.shell:Creating package script '/home/alsnac/Codes/GIT/6DOF_Servo/servo6dof/install/servo6dof_moveit/share/servo6dof_moveit/package.sh'
[0.864s] INFO:colcon.colcon_core.shell:Creating package script '/home/alsnac/Codes/GIT/6DOF_Servo/servo6dof/install/servo6dof_moveit/share/servo6dof_moveit/package.bash'
[0.865s] INFO:colcon.colcon_core.shell:Creating package script '/home/alsnac/Codes/GIT/6DOF_Servo/servo6dof/install/servo6dof_moveit/share/servo6dof_moveit/package.zsh'
[0.865s] Level 1:colcon.colcon_core.environment:create_file_with_runtime_dependencies(/home/alsnac/Codes/GIT/6DOF_Servo/servo6dof/install/servo6dof_moveit/share/colcon-core/packages/servo6dof_moveit)
[1.076s] DEBUG:colcon.colcon_core.event_handler.log_command:Invoked command in '/home/alsnac/Codes/GIT/6DOF_Servo/servo6dof/build/servo6dof_controller' returned '0': CMAKE_PREFIX_PATH=${CMAKE_PREFIX_PATH}:/home/alsnac/ws_moveit/install/moveit_configs_utils:/home/alsnac/ws_moveit/install/launch_param_builder:/opt/ros/humble /usr/bin/cmake --build /home/alsnac/Codes/GIT/6DOF_Servo/servo6dof/build/servo6dof_controller -- -j16 -l16
[1.079s] DEBUG:colcon.colcon_core.event_handler.log_command:Invoking command in '/home/alsnac/Codes/GIT/6DOF_Servo/servo6dof/build/servo6dof_controller': CMAKE_PREFIX_PATH=${CMAKE_PREFIX_PATH}:/home/alsnac/ws_moveit/install/moveit_configs_utils:/home/alsnac/ws_moveit/install/launch_param_builder:/opt/ros/humble /usr/bin/cmake --install /home/alsnac/Codes/GIT/6DOF_Servo/servo6dof/build/servo6dof_controller
[1.102s] Level 1:colcon.colcon_core.environment:create_environment_scripts_only(servo6dof_controller)
[1.102s] Level 1:colcon.colcon_core.environment:checking '/home/alsnac/Codes/GIT/6DOF_Servo/servo6dof/install/servo6dof_controller' for CMake module files
[1.103s] DEBUG:colcon.colcon_core.event_handler.log_command:Invoked command in '/home/alsnac/Codes/GIT/6DOF_Servo/servo6dof/build/servo6dof_controller' returned '0': CMAKE_PREFIX_PATH=${CMAKE_PREFIX_PATH}:/home/alsnac/ws_moveit/install/moveit_configs_utils:/home/alsnac/ws_moveit/install/launch_param_builder:/opt/ros/humble /usr/bin/cmake --install /home/alsnac/Codes/GIT/6DOF_Servo/servo6dof/build/servo6dof_controller
[1.103s] Level 1:colcon.colcon_core.environment:checking '/home/alsnac/Codes/GIT/6DOF_Servo/servo6dof/install/servo6dof_controller' for CMake config files
[1.104s] Level 1:colcon.colcon_core.shell:create_environment_hook('servo6dof_controller', 'cmake_prefix_path')
[1.104s] INFO:colcon.colcon_core.shell:Creating environment hook '/home/alsnac/Codes/GIT/6DOF_Servo/servo6dof/install/servo6dof_controller/share/servo6dof_controller/hook/cmake_prefix_path.ps1'
[1.104s] INFO:colcon.colcon_core.shell:Creating environment descriptor '/home/alsnac/Codes/GIT/6DOF_Servo/servo6dof/install/servo6dof_controller/share/servo6dof_controller/hook/cmake_prefix_path.dsv'
[1.105s] INFO:colcon.colcon_core.shell:Creating environment hook '/home/alsnac/Codes/GIT/6DOF_Servo/servo6dof/install/servo6dof_controller/share/servo6dof_controller/hook/cmake_prefix_path.sh'
[1.105s] Level 1:colcon.colcon_core.environment:checking '/home/alsnac/Codes/GIT/6DOF_Servo/servo6dof/install/servo6dof_controller/bin'
[1.106s] Level 1:colcon.colcon_core.environment:checking '/home/alsnac/Codes/GIT/6DOF_Servo/servo6dof/install/servo6dof_controller/lib/pkgconfig/servo6dof_controller.pc'
[1.106s] Level 1:colcon.colcon_core.environment:checking '/home/alsnac/Codes/GIT/6DOF_Servo/servo6dof/install/servo6dof_controller/lib/python3.10/site-packages'
[1.106s] Level 1:colcon.colcon_core.environment:checking '/home/alsnac/Codes/GIT/6DOF_Servo/servo6dof/install/servo6dof_controller/bin'
[1.106s] INFO:colcon.colcon_core.shell:Creating package script '/home/alsnac/Codes/GIT/6DOF_Servo/servo6dof/install/servo6dof_controller/share/servo6dof_controller/package.ps1'
[1.107s] INFO:colcon.colcon_core.shell:Creating package descriptor '/home/alsnac/Codes/GIT/6DOF_Servo/servo6dof/install/servo6dof_controller/share/servo6dof_controller/package.dsv'
[1.107s] INFO:colcon.colcon_core.shell:Creating package script '/home/alsnac/Codes/GIT/6DOF_Servo/servo6dof/install/servo6dof_controller/share/servo6dof_controller/package.sh'
[1.108s] INFO:colcon.colcon_core.shell:Creating package script '/home/alsnac/Codes/GIT/6DOF_Servo/servo6dof/install/servo6dof_controller/share/servo6dof_controller/package.bash'
[1.108s] INFO:colcon.colcon_core.shell:Creating package script '/home/alsnac/Codes/GIT/6DOF_Servo/servo6dof/install/servo6dof_controller/share/servo6dof_controller/package.zsh'
[1.108s] Level 1:colcon.colcon_core.environment:create_file_with_runtime_dependencies(/home/alsnac/Codes/GIT/6DOF_Servo/servo6dof/install/servo6dof_controller/share/colcon-core/packages/servo6dof_controller)
[1.109s] Level 1:colcon.colcon_core.environment:create_environment_scripts_only(servo6dof_controller)
[1.109s] Level 1:colcon.colcon_core.environment:checking '/home/alsnac/Codes/GIT/6DOF_Servo/servo6dof/install/servo6dof_controller' for CMake module files
[1.110s] Level 1:colcon.colcon_core.environment:checking '/home/alsnac/Codes/GIT/6DOF_Servo/servo6dof/install/servo6dof_controller' for CMake config files
[1.110s] Level 1:colcon.colcon_core.shell:create_environment_hook('servo6dof_controller', 'cmake_prefix_path')
[1.110s] INFO:colcon.colcon_core.shell:Creating environment hook '/home/alsnac/Codes/GIT/6DOF_Servo/servo6dof/install/servo6dof_controller/share/servo6dof_controller/hook/cmake_prefix_path.ps1'
[1.111s] INFO:colcon.colcon_core.shell:Creating environment descriptor '/home/alsnac/Codes/GIT/6DOF_Servo/servo6dof/install/servo6dof_controller/share/servo6dof_controller/hook/cmake_prefix_path.dsv'
[1.111s] INFO:colcon.colcon_core.shell:Creating environment hook '/home/alsnac/Codes/GIT/6DOF_Servo/servo6dof/install/servo6dof_controller/share/servo6dof_controller/hook/cmake_prefix_path.sh'
[1.112s] Level 1:colcon.colcon_core.environment:checking '/home/alsnac/Codes/GIT/6DOF_Servo/servo6dof/install/servo6dof_controller/bin'
[1.112s] Level 1:colcon.colcon_core.environment:checking '/home/alsnac/Codes/GIT/6DOF_Servo/servo6dof/install/servo6dof_controller/lib/pkgconfig/servo6dof_controller.pc'
[1.112s] Level 1:colcon.colcon_core.environment:checking '/home/alsnac/Codes/GIT/6DOF_Servo/servo6dof/install/servo6dof_controller/lib/python3.10/site-packages'
[1.112s] Level 1:colcon.colcon_core.environment:checking '/home/alsnac/Codes/GIT/6DOF_Servo/servo6dof/install/servo6dof_controller/bin'
[1.113s] INFO:colcon.colcon_core.shell:Creating package script '/home/alsnac/Codes/GIT/6DOF_Servo/servo6dof/install/servo6dof_controller/share/servo6dof_controller/package.ps1'
[1.113s] INFO:colcon.colcon_core.shell:Creating package descriptor '/home/alsnac/Codes/GIT/6DOF_Servo/servo6dof/install/servo6dof_controller/share/servo6dof_controller/package.dsv'
[1.114s] INFO:colcon.colcon_core.shell:Creating package script '/home/alsnac/Codes/GIT/6DOF_Servo/servo6dof/install/servo6dof_controller/share/servo6dof_controller/package.sh'
[1.114s] INFO:colcon.colcon_core.shell:Creating package script '/home/alsnac/Codes/GIT/6DOF_Servo/servo6dof/install/servo6dof_controller/share/servo6dof_controller/package.bash'
[1.115s] INFO:colcon.colcon_core.shell:Creating package script '/home/alsnac/Codes/GIT/6DOF_Servo/servo6dof/install/servo6dof_controller/share/servo6dof_controller/package.zsh'
[1.115s] Level 1:colcon.colcon_core.environment:create_file_with_runtime_dependencies(/home/alsnac/Codes/GIT/6DOF_Servo/servo6dof/install/servo6dof_controller/share/colcon-core/packages/servo6dof_controller)
[1.115s] DEBUG:colcon.colcon_parallel_executor.executor.parallel:closing loop
[1.116s] DEBUG:colcon.colcon_parallel_executor.executor.parallel:loop closed
[1.116s] DEBUG:colcon.colcon_parallel_executor.executor.parallel:run_until_complete finished with '0'
[1.116s] DEBUG:colcon.colcon_core.event_reactor:joining thread
[1.125s] INFO:colcon.colcon_core.plugin_system:Skipping extension 'colcon_notification.desktop_notification.terminal_notifier': Not used on non-Darwin systems
[1.125s] INFO:colcon.colcon_core.plugin_system:Skipping extension 'colcon_notification.desktop_notification.win32': Not used on non-Windows systems
[1.125s] INFO:colcon.colcon_notification.desktop_notification:Sending desktop notification using 'notify2'
[1.131s] DEBUG:colcon.colcon_core.event_reactor:joined thread
[1.132s] INFO:colcon.colcon_core.shell:Creating prefix script '/home/alsnac/Codes/GIT/6DOF_Servo/servo6dof/install/local_setup.ps1'
[1.134s] INFO:colcon.colcon_core.shell:Creating prefix util module '/home/alsnac/Codes/GIT/6DOF_Servo/servo6dof/install/_local_setup_util_ps1.py'
[1.136s] INFO:colcon.colcon_core.shell:Creating prefix chain script '/home/alsnac/Codes/GIT/6DOF_Servo/servo6dof/install/setup.ps1'
[1.140s] INFO:colcon.colcon_core.shell:Creating prefix script '/home/alsnac/Codes/GIT/6DOF_Servo/servo6dof/install/local_setup.sh'
[1.141s] INFO:colcon.colcon_core.shell:Creating prefix util module '/home/alsnac/Codes/GIT/6DOF_Servo/servo6dof/install/_local_setup_util_sh.py'
[1.141s] INFO:colcon.colcon_core.shell:Creating prefix chain script '/home/alsnac/Codes/GIT/6DOF_Servo/servo6dof/install/setup.sh'
[1.145s] INFO:colcon.colcon_core.shell:Creating prefix script '/home/alsnac/Codes/GIT/6DOF_Servo/servo6dof/install/local_setup.bash'
[1.146s] INFO:colcon.colcon_core.shell:Creating prefix chain script '/home/alsnac/Codes/GIT/6DOF_Servo/servo6dof/install/setup.bash'
[1.150s] INFO:colcon.colcon_core.shell:Creating prefix script '/home/alsnac/Codes/GIT/6DOF_Servo/servo6dof/install/local_setup.zsh'
[1.150s] INFO:colcon.colcon_core.shell:Creating prefix chain script '/home/alsnac/Codes/GIT/6DOF_Servo/servo6dof/install/setup.zsh'
