[0.017s] Invoking command in '/home/alsnac/Codes/GIT/6DOF_Servo/servo6dof/build/servo6dof_moveit': CMAKE_PREFIX_PATH=${CMAKE_PREFIX_PATH}:/home/alsnac/arduinobot_ws/install/arduinobot_py_examples:/home/alsnac/ws_moveit/install/moveit_configs_utils:/home/alsnac/ws_moveit/install/launch_param_builder:/opt/ros/humble /usr/bin/cmake /home/alsnac/Codes/GIT/6DOF_Servo/servo6dof/servo6dof_moveit -DCMAKE_INSTALL_PREFIX=/home/alsnac/Codes/GIT/6DOF_Servo/servo6dof/install/servo6dof_moveit
[0.099s] -- The C compiler identification is GNU 11.4.0
[0.165s] -- The CXX compiler identification is GNU 11.4.0
[0.174s] -- Detecting C compiler ABI info
[0.273s] -- Detecting C compiler ABI info - done
[0.280s] -- Check for working C compiler: /usr/bin/cc - skipped
[0.280s] -- Detecting C compile features
[0.280s] -- Detecting C compile features - done
[0.282s] -- Detecting CXX compiler ABI info
[0.390s] -- Detecting CXX compiler ABI info - done
[0.396s] -- Check for working CXX compiler: /usr/bin/c++ - skipped
[0.396s] -- Detecting CXX compile features
[0.397s] -- Detecting CXX compile features - done
[0.406s] -- Found ament_cmake: 1.3.11 (/opt/ros/humble/share/ament_cmake/cmake)
[0.575s] -- Found Python3: /usr/bin/python3 (found version "3.10.12") found components: Interpreter 
[0.764s] -- Found ament_lint_auto: 0.12.12 (/opt/ros/humble/share/ament_lint_auto/cmake)
[0.885s] -- Added test 'lint_cmake' to check CMake code style
[0.887s] -- Added test 'xmllint' to check XML markup files
[0.890s] -- Configuring done
[0.893s] -- Generating done
[0.895s] -- Build files have been written to: /home/alsnac/Codes/GIT/6DOF_Servo/servo6dof/build/servo6dof_moveit
[0.899s] Invoked command in '/home/alsnac/Codes/GIT/6DOF_Servo/servo6dof/build/servo6dof_moveit' returned '0': CMAKE_PREFIX_PATH=${CMAKE_PREFIX_PATH}:/home/alsnac/arduinobot_ws/install/arduinobot_py_examples:/home/alsnac/ws_moveit/install/moveit_configs_utils:/home/alsnac/ws_moveit/install/launch_param_builder:/opt/ros/humble /usr/bin/cmake /home/alsnac/Codes/GIT/6DOF_Servo/servo6dof/servo6dof_moveit -DCMAKE_INSTALL_PREFIX=/home/alsnac/Codes/GIT/6DOF_Servo/servo6dof/install/servo6dof_moveit
[0.902s] Invoking command in '/home/alsnac/Codes/GIT/6DOF_Servo/servo6dof/build/servo6dof_moveit': CMAKE_PREFIX_PATH=${CMAKE_PREFIX_PATH}:/home/alsnac/arduinobot_ws/install/arduinobot_py_examples:/home/alsnac/ws_moveit/install/moveit_configs_utils:/home/alsnac/ws_moveit/install/launch_param_builder:/opt/ros/humble /usr/bin/cmake --build /home/alsnac/Codes/GIT/6DOF_Servo/servo6dof/build/servo6dof_moveit -- -j16 -l16
[0.963s] Invoked command in '/home/alsnac/Codes/GIT/6DOF_Servo/servo6dof/build/servo6dof_moveit' returned '0': CMAKE_PREFIX_PATH=${CMAKE_PREFIX_PATH}:/home/alsnac/arduinobot_ws/install/arduinobot_py_examples:/home/alsnac/ws_moveit/install/moveit_configs_utils:/home/alsnac/ws_moveit/install/launch_param_builder:/opt/ros/humble /usr/bin/cmake --build /home/alsnac/Codes/GIT/6DOF_Servo/servo6dof/build/servo6dof_moveit -- -j16 -l16
[0.977s] Invoking command in '/home/alsnac/Codes/GIT/6DOF_Servo/servo6dof/build/servo6dof_moveit': CMAKE_PREFIX_PATH=${CMAKE_PREFIX_PATH}:/home/alsnac/arduinobot_ws/install/arduinobot_py_examples:/home/alsnac/ws_moveit/install/moveit_configs_utils:/home/alsnac/ws_moveit/install/launch_param_builder:/opt/ros/humble /usr/bin/cmake --install /home/alsnac/Codes/GIT/6DOF_Servo/servo6dof/build/servo6dof_moveit
[0.989s] -- Install configuration: ""
[0.989s] -- Installing: /home/alsnac/Codes/GIT/6DOF_Servo/servo6dof/install/servo6dof_moveit/share/ament_index/resource_index/package_run_dependencies/servo6dof_moveit
[0.989s] -- Installing: /home/alsnac/Codes/GIT/6DOF_Servo/servo6dof/install/servo6dof_moveit/share/ament_index/resource_index/parent_prefix_path/servo6dof_moveit
[0.989s] -- Installing: /home/alsnac/Codes/GIT/6DOF_Servo/servo6dof/install/servo6dof_moveit/share/servo6dof_moveit/environment/ament_prefix_path.sh
[0.990s] -- Installing: /home/alsnac/Codes/GIT/6DOF_Servo/servo6dof/install/servo6dof_moveit/share/servo6dof_moveit/environment/ament_prefix_path.dsv
[0.990s] -- Installing: /home/alsnac/Codes/GIT/6DOF_Servo/servo6dof/install/servo6dof_moveit/share/servo6dof_moveit/environment/path.sh
[0.990s] -- Installing: /home/alsnac/Codes/GIT/6DOF_Servo/servo6dof/install/servo6dof_moveit/share/servo6dof_moveit/environment/path.dsv
[0.990s] -- Installing: /home/alsnac/Codes/GIT/6DOF_Servo/servo6dof/install/servo6dof_moveit/share/servo6dof_moveit/local_setup.bash
[0.990s] -- Installing: /home/alsnac/Codes/GIT/6DOF_Servo/servo6dof/install/servo6dof_moveit/share/servo6dof_moveit/local_setup.sh
[0.990s] -- Installing: /home/alsnac/Codes/GIT/6DOF_Servo/servo6dof/install/servo6dof_moveit/share/servo6dof_moveit/local_setup.zsh
[0.990s] -- Installing: /home/alsnac/Codes/GIT/6DOF_Servo/servo6dof/install/servo6dof_moveit/share/servo6dof_moveit/local_setup.dsv
[0.990s] -- Installing: /home/alsnac/Codes/GIT/6DOF_Servo/servo6dof/install/servo6dof_moveit/share/servo6dof_moveit/package.dsv
[0.991s] -- Installing: /home/alsnac/Codes/GIT/6DOF_Servo/servo6dof/install/servo6dof_moveit/share/ament_index/resource_index/packages/servo6dof_moveit
[0.991s] -- Installing: /home/alsnac/Codes/GIT/6DOF_Servo/servo6dof/install/servo6dof_moveit/share/servo6dof_moveit/cmake/servo6dof_moveitConfig.cmake
[0.991s] -- Installing: /home/alsnac/Codes/GIT/6DOF_Servo/servo6dof/install/servo6dof_moveit/share/servo6dof_moveit/cmake/servo6dof_moveitConfig-version.cmake
[0.991s] -- Installing: /home/alsnac/Codes/GIT/6DOF_Servo/servo6dof/install/servo6dof_moveit/share/servo6dof_moveit/package.xml
[0.993s] Invoked command in '/home/alsnac/Codes/GIT/6DOF_Servo/servo6dof/build/servo6dof_moveit' returned '0': CMAKE_PREFIX_PATH=${CMAKE_PREFIX_PATH}:/home/alsnac/arduinobot_ws/install/arduinobot_py_examples:/home/alsnac/ws_moveit/install/moveit_configs_utils:/home/alsnac/ws_moveit/install/launch_param_builder:/opt/ros/humble /usr/bin/cmake --install /home/alsnac/Codes/GIT/6DOF_Servo/servo6dof/build/servo6dof_moveit
