[0.100s] DEBUG:colcon:Command line arguments: ['/usr/bin/colcon', 'build']
[0.100s] DEBUG:colcon:Parsed command line arguments: Namespace(log_base=None, log_level=None, verb_name='build', build_base='build', install_base='install', merge_install=False, symlink_install=False, test_result_base=None, continue_on_error=False, executor='parallel', parallel_workers=16, event_handlers=None, ignore_user_meta=False, metas=['./colcon.meta'], base_paths=['.'], packages_ignore=None, packages_ignore_regex=None, paths=None, packages_up_to=None, packages_up_to_regex=None, packages_above=None, packages_above_and_dependencies=None, packages_above_depth=None, packages_select_by_dep=None, packages_skip_by_dep=None, packages_skip_up_to=None, packages_select_build_failed=False, packages_skip_build_finished=False, packages_select_test_failures=False, packages_skip_test_passed=False, packages_select=None, packages_skip=None, packages_select_regex=None, packages_skip_regex=None, packages_start=None, packages_end=None, allow_overriding=[], cmake_args=None, cmake_target=None, cmake_target_skip_unavailable=False, cmake_clean_cache=False, cmake_clean_first=False, cmake_force_configure=False, ament_cmake_args=None, catkin_cmake_args=None, catkin_skip_building_tests=False, mixin_files=None, mixin=None, verb_parser=<colcon_mixin.mixin.mixin_argument.MixinArgumentDecorator object at 0x74db91bb14e0>, verb_extension=<colcon_core.verb.build.BuildVerb object at 0x74db91bb0f70>, main=<bound method BuildVerb.main of <colcon_core.verb.build.BuildVerb object at 0x74db91bb0f70>>, mixin_verb=('build',))
[0.267s] Level 1:colcon.colcon_core.package_discovery:discover_packages(colcon_meta) check parameters
[0.267s] Level 1:colcon.colcon_core.package_discovery:discover_packages(recursive) check parameters
[0.267s] Level 1:colcon.colcon_core.package_discovery:discover_packages(ignore) check parameters
[0.267s] Level 1:colcon.colcon_core.package_discovery:discover_packages(path) check parameters
[0.267s] Level 1:colcon.colcon_core.package_discovery:discover_packages(colcon_meta) discover
[0.267s] Level 1:colcon.colcon_core.package_discovery:discover_packages(recursive) discover
[0.268s] INFO:colcon.colcon_core.package_discovery:Crawling recursively for packages in '/home/alsnac/Codes/GIT/6DOF_Servo/servo6dof'
[0.268s] Level 1:colcon.colcon_core.package_identification:_identify(.) by extensions ['ignore', 'ignore_ament_install']
[0.268s] Level 1:colcon.colcon_core.package_identification:_identify(.) by extension 'ignore'
[0.268s] Level 1:colcon.colcon_core.package_identification:_identify(.) by extension 'ignore_ament_install'
[0.268s] Level 1:colcon.colcon_core.package_identification:_identify(.) by extensions ['colcon_pkg']
[0.268s] Level 1:colcon.colcon_core.package_identification:_identify(.) by extension 'colcon_pkg'
[0.268s] Level 1:colcon.colcon_core.package_identification:_identify(.) by extensions ['colcon_meta']
[0.268s] Level 1:colcon.colcon_core.package_identification:_identify(.) by extension 'colcon_meta'
[0.268s] Level 1:colcon.colcon_core.package_identification:_identify(.) by extensions ['ros']
[0.268s] Level 1:colcon.colcon_core.package_identification:_identify(.) by extension 'ros'
[0.287s] Level 1:colcon.colcon_core.package_identification:_identify(.) by extensions ['cmake', 'python']
[0.287s] Level 1:colcon.colcon_core.package_identification:_identify(.) by extension 'cmake'
[0.287s] Level 1:colcon.colcon_core.package_identification:_identify(.) by extension 'python'
[0.287s] Level 1:colcon.colcon_core.package_identification:_identify(.) by extensions ['python_setup_py']
[0.287s] Level 1:colcon.colcon_core.package_identification:_identify(.) by extension 'python_setup_py'
[0.288s] Level 1:colcon.colcon_core.package_identification:_identify(build) by extensions ['ignore', 'ignore_ament_install']
[0.288s] Level 1:colcon.colcon_core.package_identification:_identify(build) by extension 'ignore'
[0.288s] Level 1:colcon.colcon_core.package_identification:_identify(build) ignored
[0.288s] Level 1:colcon.colcon_core.package_identification:_identify(install) by extensions ['ignore', 'ignore_ament_install']
[0.288s] Level 1:colcon.colcon_core.package_identification:_identify(install) by extension 'ignore'
[0.288s] Level 1:colcon.colcon_core.package_identification:_identify(install) ignored
[0.288s] Level 1:colcon.colcon_core.package_identification:_identify(log) by extensions ['ignore', 'ignore_ament_install']
[0.288s] Level 1:colcon.colcon_core.package_identification:_identify(log) by extension 'ignore'
[0.288s] Level 1:colcon.colcon_core.package_identification:_identify(log) ignored
[0.288s] Level 1:colcon.colcon_core.package_identification:_identify(servo6dof_controller) by extensions ['ignore', 'ignore_ament_install']
[0.288s] Level 1:colcon.colcon_core.package_identification:_identify(servo6dof_controller) by extension 'ignore'
[0.288s] Level 1:colcon.colcon_core.package_identification:_identify(servo6dof_controller) by extension 'ignore_ament_install'
[0.288s] Level 1:colcon.colcon_core.package_identification:_identify(servo6dof_controller) by extensions ['colcon_pkg']
[0.288s] Level 1:colcon.colcon_core.package_identification:_identify(servo6dof_controller) by extension 'colcon_pkg'
[0.288s] Level 1:colcon.colcon_core.package_identification:_identify(servo6dof_controller) by extensions ['colcon_meta']
[0.288s] Level 1:colcon.colcon_core.package_identification:_identify(servo6dof_controller) by extension 'colcon_meta'
[0.288s] Level 1:colcon.colcon_core.package_identification:_identify(servo6dof_controller) by extensions ['ros']
[0.288s] Level 1:colcon.colcon_core.package_identification:_identify(servo6dof_controller) by extension 'ros'
[0.290s] DEBUG:colcon.colcon_core.package_identification:Package 'servo6dof_controller' with type 'ros.ament_cmake' and name 'servo6dof_controller'
[0.291s] Level 1:colcon.colcon_core.package_identification:_identify(servo6dof_description) by extensions ['ignore', 'ignore_ament_install']
[0.291s] Level 1:colcon.colcon_core.package_identification:_identify(servo6dof_description) by extension 'ignore'
[0.291s] Level 1:colcon.colcon_core.package_identification:_identify(servo6dof_description) by extension 'ignore_ament_install'
[0.291s] Level 1:colcon.colcon_core.package_identification:_identify(servo6dof_description) by extensions ['colcon_pkg']
[0.291s] Level 1:colcon.colcon_core.package_identification:_identify(servo6dof_description) by extension 'colcon_pkg'
[0.291s] Level 1:colcon.colcon_core.package_identification:_identify(servo6dof_description) by extensions ['colcon_meta']
[0.291s] Level 1:colcon.colcon_core.package_identification:_identify(servo6dof_description) by extension 'colcon_meta'
[0.291s] Level 1:colcon.colcon_core.package_identification:_identify(servo6dof_description) by extensions ['ros']
[0.291s] Level 1:colcon.colcon_core.package_identification:_identify(servo6dof_description) by extension 'ros'
[0.293s] DEBUG:colcon.colcon_core.package_identification:Package 'servo6dof_description' with type 'ros.ament_cmake' and name 'servo6dof_description'
[0.293s] Level 1:colcon.colcon_core.package_identification:_identify(servo6dof_moveit) by extensions ['ignore', 'ignore_ament_install']
[0.293s] Level 1:colcon.colcon_core.package_identification:_identify(servo6dof_moveit) by extension 'ignore'
[0.293s] Level 1:colcon.colcon_core.package_identification:_identify(servo6dof_moveit) by extension 'ignore_ament_install'
[0.293s] Level 1:colcon.colcon_core.package_identification:_identify(servo6dof_moveit) by extensions ['colcon_pkg']
[0.293s] Level 1:colcon.colcon_core.package_identification:_identify(servo6dof_moveit) by extension 'colcon_pkg'
[0.293s] Level 1:colcon.colcon_core.package_identification:_identify(servo6dof_moveit) by extensions ['colcon_meta']
[0.293s] Level 1:colcon.colcon_core.package_identification:_identify(servo6dof_moveit) by extension 'colcon_meta'
[0.293s] Level 1:colcon.colcon_core.package_identification:_identify(servo6dof_moveit) by extensions ['ros']
[0.293s] Level 1:colcon.colcon_core.package_identification:_identify(servo6dof_moveit) by extension 'ros'
[0.294s] DEBUG:colcon.colcon_core.package_identification:Package 'servo6dof_moveit' with type 'ros.ament_cmake' and name 'servo6dof_moveit'
[0.294s] Level 1:colcon.colcon_core.package_discovery:discover_packages(recursive) using defaults
[0.294s] Level 1:colcon.colcon_core.package_discovery:discover_packages(ignore) discover
[0.294s] Level 1:colcon.colcon_core.package_discovery:discover_packages(ignore) using defaults
[0.294s] Level 1:colcon.colcon_core.package_discovery:discover_packages(path) discover
[0.294s] Level 1:colcon.colcon_core.package_discovery:discover_packages(path) using defaults
[0.311s] Level 1:colcon.colcon_core.package_discovery:discover_packages(prefix_path) check parameters
[0.311s] Level 1:colcon.colcon_core.package_discovery:discover_packages(prefix_path) discover
[0.314s] DEBUG:colcon.colcon_installed_package_information.package_discovery:Found 3 installed packages in /home/alsnac/Codes/GIT/6DOF_Servo/servo6dof/install
[0.314s] DEBUG:colcon.colcon_installed_package_information.package_discovery:Found 7 installed packages in /home/alsnac/arduinobot_ws/install
[0.316s] DEBUG:colcon.colcon_installed_package_information.package_discovery:Found 55 installed packages in /home/alsnac/ws_moveit/install
[0.318s] DEBUG:colcon.colcon_installed_package_information.package_discovery:Found 473 installed packages in /opt/ros/humble
[0.321s] Level 1:colcon.colcon_core.package_discovery:discover_packages(prefix_path) using defaults
[0.369s] Level 5:colcon.colcon_core.verb:set package 'servo6dof_description' build argument 'cmake_args' from command line to 'None'
[0.369s] Level 5:colcon.colcon_core.verb:set package 'servo6dof_description' build argument 'cmake_target' from command line to 'None'
[0.369s] Level 5:colcon.colcon_core.verb:set package 'servo6dof_description' build argument 'cmake_target_skip_unavailable' from command line to 'False'
[0.369s] Level 5:colcon.colcon_core.verb:set package 'servo6dof_description' build argument 'cmake_clean_cache' from command line to 'False'
[0.369s] Level 5:colcon.colcon_core.verb:set package 'servo6dof_description' build argument 'cmake_clean_first' from command line to 'False'
[0.369s] Level 5:colcon.colcon_core.verb:set package 'servo6dof_description' build argument 'cmake_force_configure' from command line to 'False'
[0.369s] Level 5:colcon.colcon_core.verb:set package 'servo6dof_description' build argument 'ament_cmake_args' from command line to 'None'
[0.369s] Level 5:colcon.colcon_core.verb:set package 'servo6dof_description' build argument 'catkin_cmake_args' from command line to 'None'
[0.369s] Level 5:colcon.colcon_core.verb:set package 'servo6dof_description' build argument 'catkin_skip_building_tests' from command line to 'False'
[0.369s] DEBUG:colcon.colcon_core.verb:Building package 'servo6dof_description' with the following arguments: {'ament_cmake_args': None, 'build_base': '/home/alsnac/Codes/GIT/6DOF_Servo/servo6dof/build/servo6dof_description', 'catkin_cmake_args': None, 'catkin_skip_building_tests': False, 'cmake_args': None, 'cmake_clean_cache': False, 'cmake_clean_first': False, 'cmake_force_configure': False, 'cmake_target': None, 'cmake_target_skip_unavailable': False, 'install_base': '/home/alsnac/Codes/GIT/6DOF_Servo/servo6dof/install/servo6dof_description', 'merge_install': False, 'path': '/home/alsnac/Codes/GIT/6DOF_Servo/servo6dof/servo6dof_description', 'symlink_install': False, 'test_result_base': None}
[0.370s] Level 5:colcon.colcon_core.verb:set package 'servo6dof_moveit' build argument 'cmake_args' from command line to 'None'
[0.370s] Level 5:colcon.colcon_core.verb:set package 'servo6dof_moveit' build argument 'cmake_target' from command line to 'None'
[0.370s] Level 5:colcon.colcon_core.verb:set package 'servo6dof_moveit' build argument 'cmake_target_skip_unavailable' from command line to 'False'
[0.370s] Level 5:colcon.colcon_core.verb:set package 'servo6dof_moveit' build argument 'cmake_clean_cache' from command line to 'False'
[0.370s] Level 5:colcon.colcon_core.verb:set package 'servo6dof_moveit' build argument 'cmake_clean_first' from command line to 'False'
[0.370s] Level 5:colcon.colcon_core.verb:set package 'servo6dof_moveit' build argument 'cmake_force_configure' from command line to 'False'
[0.370s] Level 5:colcon.colcon_core.verb:set package 'servo6dof_moveit' build argument 'ament_cmake_args' from command line to 'None'
[0.370s] Level 5:colcon.colcon_core.verb:set package 'servo6dof_moveit' build argument 'catkin_cmake_args' from command line to 'None'
[0.370s] Level 5:colcon.colcon_core.verb:set package 'servo6dof_moveit' build argument 'catkin_skip_building_tests' from command line to 'False'
[0.370s] DEBUG:colcon.colcon_core.verb:Building package 'servo6dof_moveit' with the following arguments: {'ament_cmake_args': None, 'build_base': '/home/alsnac/Codes/GIT/6DOF_Servo/servo6dof/build/servo6dof_moveit', 'catkin_cmake_args': None, 'catkin_skip_building_tests': False, 'cmake_args': None, 'cmake_clean_cache': False, 'cmake_clean_first': False, 'cmake_force_configure': False, 'cmake_target': None, 'cmake_target_skip_unavailable': False, 'install_base': '/home/alsnac/Codes/GIT/6DOF_Servo/servo6dof/install/servo6dof_moveit', 'merge_install': False, 'path': '/home/alsnac/Codes/GIT/6DOF_Servo/servo6dof/servo6dof_moveit', 'symlink_install': False, 'test_result_base': None}
[0.370s] Level 5:colcon.colcon_core.verb:set package 'servo6dof_controller' build argument 'cmake_args' from command line to 'None'
[0.370s] Level 5:colcon.colcon_core.verb:set package 'servo6dof_controller' build argument 'cmake_target' from command line to 'None'
[0.370s] Level 5:colcon.colcon_core.verb:set package 'servo6dof_controller' build argument 'cmake_target_skip_unavailable' from command line to 'False'
[0.370s] Level 5:colcon.colcon_core.verb:set package 'servo6dof_controller' build argument 'cmake_clean_cache' from command line to 'False'
[0.370s] Level 5:colcon.colcon_core.verb:set package 'servo6dof_controller' build argument 'cmake_clean_first' from command line to 'False'
[0.370s] Level 5:colcon.colcon_core.verb:set package 'servo6dof_controller' build argument 'cmake_force_configure' from command line to 'False'
[0.370s] Level 5:colcon.colcon_core.verb:set package 'servo6dof_controller' build argument 'ament_cmake_args' from command line to 'None'
[0.370s] Level 5:colcon.colcon_core.verb:set package 'servo6dof_controller' build argument 'catkin_cmake_args' from command line to 'None'
[0.370s] Level 5:colcon.colcon_core.verb:set package 'servo6dof_controller' build argument 'catkin_skip_building_tests' from command line to 'False'
[0.370s] DEBUG:colcon.colcon_core.verb:Building package 'servo6dof_controller' with the following arguments: {'ament_cmake_args': None, 'build_base': '/home/alsnac/Codes/GIT/6DOF_Servo/servo6dof/build/servo6dof_controller', 'catkin_cmake_args': None, 'catkin_skip_building_tests': False, 'cmake_args': None, 'cmake_clean_cache': False, 'cmake_clean_first': False, 'cmake_force_configure': False, 'cmake_target': None, 'cmake_target_skip_unavailable': False, 'install_base': '/home/alsnac/Codes/GIT/6DOF_Servo/servo6dof/install/servo6dof_controller', 'merge_install': False, 'path': '/home/alsnac/Codes/GIT/6DOF_Servo/servo6dof/servo6dof_controller', 'symlink_install': False, 'test_result_base': None}
[0.370s] INFO:colcon.colcon_core.executor:Executing jobs using 'parallel' executor
[0.371s] DEBUG:colcon.colcon_parallel_executor.executor.parallel:run_until_complete
[0.372s] INFO:colcon.colcon_ros.task.ament_cmake.build:Building ROS package in '/home/alsnac/Codes/GIT/6DOF_Servo/servo6dof/servo6dof_description' with build type 'ament_cmake'
[0.372s] INFO:colcon.colcon_cmake.task.cmake.build:Building CMake package in '/home/alsnac/Codes/GIT/6DOF_Servo/servo6dof/servo6dof_description'
[0.374s] INFO:colcon.colcon_core.plugin_system:Skipping extension 'colcon_core.shell.bat': Not used on non-Windows systems
[0.374s] INFO:colcon.colcon_core.shell:Skip shell extension 'powershell' for command environment: Not usable outside of PowerShell
[0.374s] DEBUG:colcon.colcon_core.shell:Skip shell extension 'dsv' for command environment
[0.382s] INFO:colcon.colcon_ros.task.ament_cmake.build:Building ROS package in '/home/alsnac/Codes/GIT/6DOF_Servo/servo6dof/servo6dof_moveit' with build type 'ament_cmake'
[0.382s] INFO:colcon.colcon_cmake.task.cmake.build:Building CMake package in '/home/alsnac/Codes/GIT/6DOF_Servo/servo6dof/servo6dof_moveit'
[0.382s] INFO:colcon.colcon_core.shell:Skip shell extension 'powershell' for command environment: Not usable outside of PowerShell
[0.382s] DEBUG:colcon.colcon_core.shell:Skip shell extension 'dsv' for command environment
[0.393s] DEBUG:colcon.colcon_core.event_handler.log_command:Invoking command in '/home/alsnac/Codes/GIT/6DOF_Servo/servo6dof/build/servo6dof_description': CMAKE_PREFIX_PATH=${CMAKE_PREFIX_PATH}:/home/alsnac/arduinobot_ws/install/arduinobot_py_examples:/home/alsnac/ws_moveit/install/moveit_configs_utils:/home/alsnac/ws_moveit/install/launch_param_builder:/opt/ros/humble /usr/bin/cmake --build /home/alsnac/Codes/GIT/6DOF_Servo/servo6dof/build/servo6dof_description -- -j16 -l16
[0.399s] DEBUG:colcon.colcon_core.event_handler.log_command:Invoking command in '/home/alsnac/Codes/GIT/6DOF_Servo/servo6dof/build/servo6dof_moveit': CMAKE_PREFIX_PATH=${CMAKE_PREFIX_PATH}:/home/alsnac/arduinobot_ws/install/arduinobot_py_examples:/home/alsnac/ws_moveit/install/moveit_configs_utils:/home/alsnac/ws_moveit/install/launch_param_builder:/opt/ros/humble /usr/bin/cmake --build /home/alsnac/Codes/GIT/6DOF_Servo/servo6dof/build/servo6dof_moveit -- -j16 -l16
[0.458s] DEBUG:colcon.colcon_core.event_handler.log_command:Invoked command in '/home/alsnac/Codes/GIT/6DOF_Servo/servo6dof/build/servo6dof_description' returned '0': CMAKE_PREFIX_PATH=${CMAKE_PREFIX_PATH}:/home/alsnac/arduinobot_ws/install/arduinobot_py_examples:/home/alsnac/ws_moveit/install/moveit_configs_utils:/home/alsnac/ws_moveit/install/launch_param_builder:/opt/ros/humble /usr/bin/cmake --build /home/alsnac/Codes/GIT/6DOF_Servo/servo6dof/build/servo6dof_description -- -j16 -l16
[0.474s] DEBUG:colcon.colcon_core.event_handler.log_command:Invoking command in '/home/alsnac/Codes/GIT/6DOF_Servo/servo6dof/build/servo6dof_description': CMAKE_PREFIX_PATH=${CMAKE_PREFIX_PATH}:/home/alsnac/arduinobot_ws/install/arduinobot_py_examples:/home/alsnac/ws_moveit/install/moveit_configs_utils:/home/alsnac/ws_moveit/install/launch_param_builder:/opt/ros/humble /usr/bin/cmake --install /home/alsnac/Codes/GIT/6DOF_Servo/servo6dof/build/servo6dof_description
[0.475s] DEBUG:colcon.colcon_core.event_handler.log_command:Invoked command in '/home/alsnac/Codes/GIT/6DOF_Servo/servo6dof/build/servo6dof_moveit' returned '0': CMAKE_PREFIX_PATH=${CMAKE_PREFIX_PATH}:/home/alsnac/arduinobot_ws/install/arduinobot_py_examples:/home/alsnac/ws_moveit/install/moveit_configs_utils:/home/alsnac/ws_moveit/install/launch_param_builder:/opt/ros/humble /usr/bin/cmake --build /home/alsnac/Codes/GIT/6DOF_Servo/servo6dof/build/servo6dof_moveit -- -j16 -l16
[0.477s] DEBUG:colcon.colcon_core.event_handler.log_command:Invoking command in '/home/alsnac/Codes/GIT/6DOF_Servo/servo6dof/build/servo6dof_moveit': CMAKE_PREFIX_PATH=${CMAKE_PREFIX_PATH}:/home/alsnac/arduinobot_ws/install/arduinobot_py_examples:/home/alsnac/ws_moveit/install/moveit_configs_utils:/home/alsnac/ws_moveit/install/launch_param_builder:/opt/ros/humble /usr/bin/cmake --install /home/alsnac/Codes/GIT/6DOF_Servo/servo6dof/build/servo6dof_moveit
[0.488s] Level 1:colcon.colcon_core.environment:create_environment_scripts_only(servo6dof_description)
[0.489s] DEBUG:colcon.colcon_core.event_handler.log_command:Invoked command in '/home/alsnac/Codes/GIT/6DOF_Servo/servo6dof/build/servo6dof_description' returned '0': CMAKE_PREFIX_PATH=${CMAKE_PREFIX_PATH}:/home/alsnac/arduinobot_ws/install/arduinobot_py_examples:/home/alsnac/ws_moveit/install/moveit_configs_utils:/home/alsnac/ws_moveit/install/launch_param_builder:/opt/ros/humble /usr/bin/cmake --install /home/alsnac/Codes/GIT/6DOF_Servo/servo6dof/build/servo6dof_description
[0.493s] Level 1:colcon.colcon_core.environment:checking '/home/alsnac/Codes/GIT/6DOF_Servo/servo6dof/install/servo6dof_description' for CMake module files
[0.493s] Level 1:colcon.colcon_core.environment:checking '/home/alsnac/Codes/GIT/6DOF_Servo/servo6dof/install/servo6dof_description' for CMake config files
[0.493s] Level 1:colcon.colcon_core.shell:create_environment_hook('servo6dof_description', 'cmake_prefix_path')
[0.493s] INFO:colcon.colcon_core.shell:Creating environment hook '/home/alsnac/Codes/GIT/6DOF_Servo/servo6dof/install/servo6dof_description/share/servo6dof_description/hook/cmake_prefix_path.ps1'
[0.494s] INFO:colcon.colcon_core.shell:Creating environment descriptor '/home/alsnac/Codes/GIT/6DOF_Servo/servo6dof/install/servo6dof_description/share/servo6dof_description/hook/cmake_prefix_path.dsv'
[0.494s] INFO:colcon.colcon_core.shell:Creating environment hook '/home/alsnac/Codes/GIT/6DOF_Servo/servo6dof/install/servo6dof_description/share/servo6dof_description/hook/cmake_prefix_path.sh'
[0.495s] Level 1:colcon.colcon_core.environment:checking '/home/alsnac/Codes/GIT/6DOF_Servo/servo6dof/install/servo6dof_description/bin'
[0.495s] Level 1:colcon.colcon_core.environment:checking '/home/alsnac/Codes/GIT/6DOF_Servo/servo6dof/install/servo6dof_description/lib/pkgconfig/servo6dof_description.pc'
[0.495s] Level 1:colcon.colcon_core.environment:checking '/home/alsnac/Codes/GIT/6DOF_Servo/servo6dof/install/servo6dof_description/lib/python3.10/site-packages'
[0.495s] Level 1:colcon.colcon_core.environment:checking '/home/alsnac/Codes/GIT/6DOF_Servo/servo6dof/install/servo6dof_description/bin'
[0.496s] INFO:colcon.colcon_core.shell:Creating package script '/home/alsnac/Codes/GIT/6DOF_Servo/servo6dof/install/servo6dof_description/share/servo6dof_description/package.ps1'
[0.496s] INFO:colcon.colcon_core.shell:Creating package descriptor '/home/alsnac/Codes/GIT/6DOF_Servo/servo6dof/install/servo6dof_description/share/servo6dof_description/package.dsv'
[0.497s] INFO:colcon.colcon_core.shell:Creating package script '/home/alsnac/Codes/GIT/6DOF_Servo/servo6dof/install/servo6dof_description/share/servo6dof_description/package.sh'
[0.497s] INFO:colcon.colcon_core.shell:Creating package script '/home/alsnac/Codes/GIT/6DOF_Servo/servo6dof/install/servo6dof_description/share/servo6dof_description/package.bash'
[0.498s] INFO:colcon.colcon_core.shell:Creating package script '/home/alsnac/Codes/GIT/6DOF_Servo/servo6dof/install/servo6dof_description/share/servo6dof_description/package.zsh'
[0.498s] Level 1:colcon.colcon_core.environment:create_file_with_runtime_dependencies(/home/alsnac/Codes/GIT/6DOF_Servo/servo6dof/install/servo6dof_description/share/colcon-core/packages/servo6dof_description)
[0.499s] Level 1:colcon.colcon_core.environment:create_environment_scripts_only(servo6dof_description)
[0.499s] Level 1:colcon.colcon_core.environment:checking '/home/alsnac/Codes/GIT/6DOF_Servo/servo6dof/install/servo6dof_description' for CMake module files
[0.499s] Level 1:colcon.colcon_core.environment:checking '/home/alsnac/Codes/GIT/6DOF_Servo/servo6dof/install/servo6dof_description' for CMake config files
[0.500s] Level 1:colcon.colcon_core.shell:create_environment_hook('servo6dof_description', 'cmake_prefix_path')
[0.500s] INFO:colcon.colcon_core.shell:Creating environment hook '/home/alsnac/Codes/GIT/6DOF_Servo/servo6dof/install/servo6dof_description/share/servo6dof_description/hook/cmake_prefix_path.ps1'
[0.501s] INFO:colcon.colcon_core.shell:Creating environment descriptor '/home/alsnac/Codes/GIT/6DOF_Servo/servo6dof/install/servo6dof_description/share/servo6dof_description/hook/cmake_prefix_path.dsv'
[0.501s] INFO:colcon.colcon_core.shell:Creating environment hook '/home/alsnac/Codes/GIT/6DOF_Servo/servo6dof/install/servo6dof_description/share/servo6dof_description/hook/cmake_prefix_path.sh'
[0.502s] Level 1:colcon.colcon_core.environment:checking '/home/alsnac/Codes/GIT/6DOF_Servo/servo6dof/install/servo6dof_description/bin'
[0.502s] Level 1:colcon.colcon_core.environment:checking '/home/alsnac/Codes/GIT/6DOF_Servo/servo6dof/install/servo6dof_description/lib/pkgconfig/servo6dof_description.pc'
[0.502s] Level 1:colcon.colcon_core.environment:checking '/home/alsnac/Codes/GIT/6DOF_Servo/servo6dof/install/servo6dof_description/lib/python3.10/site-packages'
[0.502s] Level 1:colcon.colcon_core.environment:checking '/home/alsnac/Codes/GIT/6DOF_Servo/servo6dof/install/servo6dof_description/bin'
[0.503s] INFO:colcon.colcon_core.shell:Creating package script '/home/alsnac/Codes/GIT/6DOF_Servo/servo6dof/install/servo6dof_description/share/servo6dof_description/package.ps1'
[0.503s] INFO:colcon.colcon_core.shell:Creating package descriptor '/home/alsnac/Codes/GIT/6DOF_Servo/servo6dof/install/servo6dof_description/share/servo6dof_description/package.dsv'
[0.503s] INFO:colcon.colcon_core.shell:Creating package script '/home/alsnac/Codes/GIT/6DOF_Servo/servo6dof/install/servo6dof_description/share/servo6dof_description/package.sh'
[0.504s] INFO:colcon.colcon_core.shell:Creating package script '/home/alsnac/Codes/GIT/6DOF_Servo/servo6dof/install/servo6dof_description/share/servo6dof_description/package.bash'
[0.504s] INFO:colcon.colcon_core.shell:Creating package script '/home/alsnac/Codes/GIT/6DOF_Servo/servo6dof/install/servo6dof_description/share/servo6dof_description/package.zsh'
[0.504s] Level 1:colcon.colcon_core.environment:create_file_with_runtime_dependencies(/home/alsnac/Codes/GIT/6DOF_Servo/servo6dof/install/servo6dof_description/share/colcon-core/packages/servo6dof_description)
[0.505s] INFO:colcon.colcon_ros.task.ament_cmake.build:Building ROS package in '/home/alsnac/Codes/GIT/6DOF_Servo/servo6dof/servo6dof_controller' with build type 'ament_cmake'
[0.505s] INFO:colcon.colcon_cmake.task.cmake.build:Building CMake package in '/home/alsnac/Codes/GIT/6DOF_Servo/servo6dof/servo6dof_controller'
[0.505s] INFO:colcon.colcon_core.shell:Skip shell extension 'powershell' for command environment: Not usable outside of PowerShell
[0.505s] DEBUG:colcon.colcon_core.shell:Skip shell extension 'dsv' for command environment
[0.514s] Level 1:colcon.colcon_core.environment:create_environment_scripts_only(servo6dof_moveit)
[0.514s] Level 1:colcon.colcon_core.environment:checking '/home/alsnac/Codes/GIT/6DOF_Servo/servo6dof/install/servo6dof_moveit' for CMake module files
[0.515s] DEBUG:colcon.colcon_core.event_handler.log_command:Invoked command in '/home/alsnac/Codes/GIT/6DOF_Servo/servo6dof/build/servo6dof_moveit' returned '0': CMAKE_PREFIX_PATH=${CMAKE_PREFIX_PATH}:/home/alsnac/arduinobot_ws/install/arduinobot_py_examples:/home/alsnac/ws_moveit/install/moveit_configs_utils:/home/alsnac/ws_moveit/install/launch_param_builder:/opt/ros/humble /usr/bin/cmake --install /home/alsnac/Codes/GIT/6DOF_Servo/servo6dof/build/servo6dof_moveit
[0.515s] Level 1:colcon.colcon_core.environment:checking '/home/alsnac/Codes/GIT/6DOF_Servo/servo6dof/install/servo6dof_moveit' for CMake config files
[0.516s] Level 1:colcon.colcon_core.shell:create_environment_hook('servo6dof_moveit', 'cmake_prefix_path')
[0.516s] INFO:colcon.colcon_core.shell:Creating environment hook '/home/alsnac/Codes/GIT/6DOF_Servo/servo6dof/install/servo6dof_moveit/share/servo6dof_moveit/hook/cmake_prefix_path.ps1'
[0.516s] INFO:colcon.colcon_core.shell:Creating environment descriptor '/home/alsnac/Codes/GIT/6DOF_Servo/servo6dof/install/servo6dof_moveit/share/servo6dof_moveit/hook/cmake_prefix_path.dsv'
[0.516s] INFO:colcon.colcon_core.shell:Creating environment hook '/home/alsnac/Codes/GIT/6DOF_Servo/servo6dof/install/servo6dof_moveit/share/servo6dof_moveit/hook/cmake_prefix_path.sh'
[0.517s] Level 1:colcon.colcon_core.environment:checking '/home/alsnac/Codes/GIT/6DOF_Servo/servo6dof/install/servo6dof_moveit/bin'
[0.517s] Level 1:colcon.colcon_core.environment:checking '/home/alsnac/Codes/GIT/6DOF_Servo/servo6dof/install/servo6dof_moveit/lib/pkgconfig/servo6dof_moveit.pc'
[0.517s] Level 1:colcon.colcon_core.environment:checking '/home/alsnac/Codes/GIT/6DOF_Servo/servo6dof/install/servo6dof_moveit/lib/python3.10/site-packages'
[0.517s] Level 1:colcon.colcon_core.environment:checking '/home/alsnac/Codes/GIT/6DOF_Servo/servo6dof/install/servo6dof_moveit/bin'
[0.518s] INFO:colcon.colcon_core.shell:Creating package script '/home/alsnac/Codes/GIT/6DOF_Servo/servo6dof/install/servo6dof_moveit/share/servo6dof_moveit/package.ps1'
[0.518s] INFO:colcon.colcon_core.shell:Creating package descriptor '/home/alsnac/Codes/GIT/6DOF_Servo/servo6dof/install/servo6dof_moveit/share/servo6dof_moveit/package.dsv'
[0.518s] INFO:colcon.colcon_core.shell:Creating package script '/home/alsnac/Codes/GIT/6DOF_Servo/servo6dof/install/servo6dof_moveit/share/servo6dof_moveit/package.sh'
[0.518s] INFO:colcon.colcon_core.shell:Creating package script '/home/alsnac/Codes/GIT/6DOF_Servo/servo6dof/install/servo6dof_moveit/share/servo6dof_moveit/package.bash'
[0.519s] INFO:colcon.colcon_core.shell:Creating package script '/home/alsnac/Codes/GIT/6DOF_Servo/servo6dof/install/servo6dof_moveit/share/servo6dof_moveit/package.zsh'
[0.519s] Level 1:colcon.colcon_core.environment:create_file_with_runtime_dependencies(/home/alsnac/Codes/GIT/6DOF_Servo/servo6dof/install/servo6dof_moveit/share/colcon-core/packages/servo6dof_moveit)
[0.519s] Level 1:colcon.colcon_core.environment:create_environment_scripts_only(servo6dof_moveit)
[0.520s] Level 1:colcon.colcon_core.environment:checking '/home/alsnac/Codes/GIT/6DOF_Servo/servo6dof/install/servo6dof_moveit' for CMake module files
[0.520s] Level 1:colcon.colcon_core.environment:checking '/home/alsnac/Codes/GIT/6DOF_Servo/servo6dof/install/servo6dof_moveit' for CMake config files
[0.520s] Level 1:colcon.colcon_core.shell:create_environment_hook('servo6dof_moveit', 'cmake_prefix_path')
[0.520s] INFO:colcon.colcon_core.shell:Creating environment hook '/home/alsnac/Codes/GIT/6DOF_Servo/servo6dof/install/servo6dof_moveit/share/servo6dof_moveit/hook/cmake_prefix_path.ps1'
[0.521s] INFO:colcon.colcon_core.shell:Creating environment descriptor '/home/alsnac/Codes/GIT/6DOF_Servo/servo6dof/install/servo6dof_moveit/share/servo6dof_moveit/hook/cmake_prefix_path.dsv'
[0.521s] INFO:colcon.colcon_core.shell:Creating environment hook '/home/alsnac/Codes/GIT/6DOF_Servo/servo6dof/install/servo6dof_moveit/share/servo6dof_moveit/hook/cmake_prefix_path.sh'
[0.521s] Level 1:colcon.colcon_core.environment:checking '/home/alsnac/Codes/GIT/6DOF_Servo/servo6dof/install/servo6dof_moveit/bin'
[0.521s] Level 1:colcon.colcon_core.environment:checking '/home/alsnac/Codes/GIT/6DOF_Servo/servo6dof/install/servo6dof_moveit/lib/pkgconfig/servo6dof_moveit.pc'
[0.522s] Level 1:colcon.colcon_core.environment:checking '/home/alsnac/Codes/GIT/6DOF_Servo/servo6dof/install/servo6dof_moveit/lib/python3.10/site-packages'
[0.522s] Level 1:colcon.colcon_core.environment:checking '/home/alsnac/Codes/GIT/6DOF_Servo/servo6dof/install/servo6dof_moveit/bin'
[0.522s] INFO:colcon.colcon_core.shell:Creating package script '/home/alsnac/Codes/GIT/6DOF_Servo/servo6dof/install/servo6dof_moveit/share/servo6dof_moveit/package.ps1'
[0.522s] INFO:colcon.colcon_core.shell:Creating package descriptor '/home/alsnac/Codes/GIT/6DOF_Servo/servo6dof/install/servo6dof_moveit/share/servo6dof_moveit/package.dsv'
[0.523s] INFO:colcon.colcon_core.shell:Creating package script '/home/alsnac/Codes/GIT/6DOF_Servo/servo6dof/install/servo6dof_moveit/share/servo6dof_moveit/package.sh'
[0.523s] INFO:colcon.colcon_core.shell:Creating package script '/home/alsnac/Codes/GIT/6DOF_Servo/servo6dof/install/servo6dof_moveit/share/servo6dof_moveit/package.bash'
[0.523s] INFO:colcon.colcon_core.shell:Creating package script '/home/alsnac/Codes/GIT/6DOF_Servo/servo6dof/install/servo6dof_moveit/share/servo6dof_moveit/package.zsh'
[0.524s] Level 1:colcon.colcon_core.environment:create_file_with_runtime_dependencies(/home/alsnac/Codes/GIT/6DOF_Servo/servo6dof/install/servo6dof_moveit/share/colcon-core/packages/servo6dof_moveit)
[0.528s] DEBUG:colcon.colcon_core.event_handler.log_command:Invoking command in '/home/alsnac/Codes/GIT/6DOF_Servo/servo6dof/build/servo6dof_controller': CMAKE_PREFIX_PATH=/home/alsnac/Codes/GIT/6DOF_Servo/servo6dof/install/servo6dof_description:/home/alsnac/arduinobot_ws/install/arduinobot_utils:/home/alsnac/arduinobot_ws/install/arduinobot_cpp_examples:/home/alsnac/arduinobot_ws/install/arduinobot_msgs:/home/alsnac/arduinobot_ws/install/arduinobot_moveit:/home/alsnac/arduinobot_ws/install/arduinobot_controller:/home/alsnac/arduinobot_ws/install/arduinobot_description:/home/alsnac/Codes/GIT/6DOF_Servo/servo6dof/install/servo6dof_moveit:/home/alsnac/Codes/GIT/6DOF_Servo/servo6dof/install/servo6dof_controller:/home/alsnac/ws_moveit/install/pilz_industrial_motion_planner_testutils:/home/alsnac/ws_moveit/install/moveit_runtime:/home/alsnac/ws_moveit/install/moveit2_tutorials:/home/alsnac/ws_moveit/install/moveit:/home/alsnac/ws_moveit/install/moveit_planners:/home/alsnac/ws_moveit/install/pilz_industrial_motion_planner:/home/alsnac/ws_moveit/install/moveit_visual_tools:/home/alsnac/ws_moveit/install/moveit_task_constructor_visualization:/home/alsnac/ws_moveit/install/moveit_task_constructor_demo:/home/alsnac/ws_moveit/install/moveit_task_constructor_capabilities:/home/alsnac/ws_moveit/install/moveit_task_constructor_core:/home/alsnac/ws_moveit/install/moveit_ros_control_interface:/home/alsnac/ws_moveit/install/moveit_plugins:/home/alsnac/ws_moveit/install/moveit_simple_controller_manager:/home/alsnac/ws_moveit/install/moveit_setup_assistant:/home/alsnac/ws_moveit/install/moveit_setup_srdf_plugins:/home/alsnac/ws_moveit/install/moveit_setup_core_plugins:/home/alsnac/ws_moveit/install/moveit_setup_controllers:/home/alsnac/ws_moveit/install/moveit_setup_app_plugins:/home/alsnac/ws_moveit/install/moveit_setup_framework:/home/alsnac/ws_moveit/install/moveit_servo:/home/alsnac/ws_moveit/install/moveit_ros:/home/alsnac/ws_moveit/install/moveit_ros_visualization:/home/alsnac/ws_moveit/install/moveit_hybrid_planning:/home/alsnac/ws_moveit/install/moveit_ros_planning_interface:/home/alsnac/ws_moveit/install/moveit_ros_benchmarks:/home/alsnac/ws_moveit/install/moveit_ros_warehouse:/home/alsnac/ws_moveit/install/moveit_ros_robot_interaction:/home/alsnac/ws_moveit/install/moveit_ros_perception:/home/alsnac/ws_moveit/install/moveit_resources_prbt_pg70_support:/home/alsnac/ws_moveit/install/moveit_resources_prbt_moveit_config:/home/alsnac/ws_moveit/install/moveit_ros_move_group:/home/alsnac/ws_moveit/install/moveit_planners_ompl:/home/alsnac/ws_moveit/install/moveit_ros_planning:/home/alsnac/ws_moveit/install/moveit_ros_occupancy_map_monitor:/home/alsnac/ws_moveit/install/moveit_resources_prbt_ikfast_manipulator_plugin:/home/alsnac/ws_moveit/install/moveit_planners_chomp:/home/alsnac/ws_moveit/install/moveit_kinematics:/home/alsnac/ws_moveit/install/moveit_chomp_optimizer_adapter:/home/alsnac/ws_moveit/install/chomp_motion_planner:/home/alsnac/ws_moveit/install/moveit_core:/home/alsnac/ws_moveit/install/srdfdom:/home/alsnac/ws_moveit/install/rviz_marker_tools:/home/alsnac/ws_moveit/install/rosparam_shortcuts:/home/alsnac/ws_moveit/install/moveit_task_constructor_msgs:/home/alsnac/ws_moveit/install/moveit_resources_prbt_support:/home/alsnac/ws_moveit/install/moveit_resources:/home/alsnac/ws_moveit/install/moveit_resources_pr2_description:/home/alsnac/ws_moveit/install/moveit_resources_panda_moveit_config:/home/alsnac/ws_moveit/install/moveit_resources_panda_description:/home/alsnac/ws_moveit/install/moveit_resources_fanuc_moveit_config:/home/alsnac/ws_moveit/install/moveit_resources_fanuc_description:/home/alsnac/ws_moveit/install/moveit_common:/home/alsnac/arduinobot_ws/install/arduinobot_py_examples:/home/alsnac/ws_moveit/install/moveit_configs_utils:/home/alsnac/ws_moveit/install/launch_param_builder:/opt/ros/humble /usr/bin/cmake --build /home/alsnac/Codes/GIT/6DOF_Servo/servo6dof/build/servo6dof_controller -- -j16 -l16
[1.082s] DEBUG:colcon.colcon_core.event_handler.log_command:Invoked command in '/home/alsnac/Codes/GIT/6DOF_Servo/servo6dof/build/servo6dof_controller' returned '2': CMAKE_PREFIX_PATH=/home/alsnac/Codes/GIT/6DOF_Servo/servo6dof/install/servo6dof_description:/home/alsnac/arduinobot_ws/install/arduinobot_utils:/home/alsnac/arduinobot_ws/install/arduinobot_cpp_examples:/home/alsnac/arduinobot_ws/install/arduinobot_msgs:/home/alsnac/arduinobot_ws/install/arduinobot_moveit:/home/alsnac/arduinobot_ws/install/arduinobot_controller:/home/alsnac/arduinobot_ws/install/arduinobot_description:/home/alsnac/Codes/GIT/6DOF_Servo/servo6dof/install/servo6dof_moveit:/home/alsnac/Codes/GIT/6DOF_Servo/servo6dof/install/servo6dof_controller:/home/alsnac/ws_moveit/install/pilz_industrial_motion_planner_testutils:/home/alsnac/ws_moveit/install/moveit_runtime:/home/alsnac/ws_moveit/install/moveit2_tutorials:/home/alsnac/ws_moveit/install/moveit:/home/alsnac/ws_moveit/install/moveit_planners:/home/alsnac/ws_moveit/install/pilz_industrial_motion_planner:/home/alsnac/ws_moveit/install/moveit_visual_tools:/home/alsnac/ws_moveit/install/moveit_task_constructor_visualization:/home/alsnac/ws_moveit/install/moveit_task_constructor_demo:/home/alsnac/ws_moveit/install/moveit_task_constructor_capabilities:/home/alsnac/ws_moveit/install/moveit_task_constructor_core:/home/alsnac/ws_moveit/install/moveit_ros_control_interface:/home/alsnac/ws_moveit/install/moveit_plugins:/home/alsnac/ws_moveit/install/moveit_simple_controller_manager:/home/alsnac/ws_moveit/install/moveit_setup_assistant:/home/alsnac/ws_moveit/install/moveit_setup_srdf_plugins:/home/alsnac/ws_moveit/install/moveit_setup_core_plugins:/home/alsnac/ws_moveit/install/moveit_setup_controllers:/home/alsnac/ws_moveit/install/moveit_setup_app_plugins:/home/alsnac/ws_moveit/install/moveit_setup_framework:/home/alsnac/ws_moveit/install/moveit_servo:/home/alsnac/ws_moveit/install/moveit_ros:/home/alsnac/ws_moveit/install/moveit_ros_visualization:/home/alsnac/ws_moveit/install/moveit_hybrid_planning:/home/alsnac/ws_moveit/install/moveit_ros_planning_interface:/home/alsnac/ws_moveit/install/moveit_ros_benchmarks:/home/alsnac/ws_moveit/install/moveit_ros_warehouse:/home/alsnac/ws_moveit/install/moveit_ros_robot_interaction:/home/alsnac/ws_moveit/install/moveit_ros_perception:/home/alsnac/ws_moveit/install/moveit_resources_prbt_pg70_support:/home/alsnac/ws_moveit/install/moveit_resources_prbt_moveit_config:/home/alsnac/ws_moveit/install/moveit_ros_move_group:/home/alsnac/ws_moveit/install/moveit_planners_ompl:/home/alsnac/ws_moveit/install/moveit_ros_planning:/home/alsnac/ws_moveit/install/moveit_ros_occupancy_map_monitor:/home/alsnac/ws_moveit/install/moveit_resources_prbt_ikfast_manipulator_plugin:/home/alsnac/ws_moveit/install/moveit_planners_chomp:/home/alsnac/ws_moveit/install/moveit_kinematics:/home/alsnac/ws_moveit/install/moveit_chomp_optimizer_adapter:/home/alsnac/ws_moveit/install/chomp_motion_planner:/home/alsnac/ws_moveit/install/moveit_core:/home/alsnac/ws_moveit/install/srdfdom:/home/alsnac/ws_moveit/install/rviz_marker_tools:/home/alsnac/ws_moveit/install/rosparam_shortcuts:/home/alsnac/ws_moveit/install/moveit_task_constructor_msgs:/home/alsnac/ws_moveit/install/moveit_resources_prbt_support:/home/alsnac/ws_moveit/install/moveit_resources:/home/alsnac/ws_moveit/install/moveit_resources_pr2_description:/home/alsnac/ws_moveit/install/moveit_resources_panda_moveit_config:/home/alsnac/ws_moveit/install/moveit_resources_panda_description:/home/alsnac/ws_moveit/install/moveit_resources_fanuc_moveit_config:/home/alsnac/ws_moveit/install/moveit_resources_fanuc_description:/home/alsnac/ws_moveit/install/moveit_common:/home/alsnac/arduinobot_ws/install/arduinobot_py_examples:/home/alsnac/ws_moveit/install/moveit_configs_utils:/home/alsnac/ws_moveit/install/launch_param_builder:/opt/ros/humble /usr/bin/cmake --build /home/alsnac/Codes/GIT/6DOF_Servo/servo6dof/build/servo6dof_controller -- -j16 -l16
[1.082s] Level 1:colcon.colcon_core.environment:create_environment_scripts_only(servo6dof_controller)
[1.082s] Level 1:colcon.colcon_core.environment:checking '/home/alsnac/Codes/GIT/6DOF_Servo/servo6dof/install/servo6dof_controller' for CMake module files
[1.083s] Level 1:colcon.colcon_core.environment:checking '/home/alsnac/Codes/GIT/6DOF_Servo/servo6dof/install/servo6dof_controller' for CMake config files
[1.083s] Level 1:colcon.colcon_core.shell:create_environment_hook('servo6dof_controller', 'cmake_prefix_path')
[1.083s] INFO:colcon.colcon_core.shell:Creating environment hook '/home/alsnac/Codes/GIT/6DOF_Servo/servo6dof/install/servo6dof_controller/share/servo6dof_controller/hook/cmake_prefix_path.ps1'
[1.084s] INFO:colcon.colcon_core.shell:Creating environment descriptor '/home/alsnac/Codes/GIT/6DOF_Servo/servo6dof/install/servo6dof_controller/share/servo6dof_controller/hook/cmake_prefix_path.dsv'
[1.084s] INFO:colcon.colcon_core.shell:Creating environment hook '/home/alsnac/Codes/GIT/6DOF_Servo/servo6dof/install/servo6dof_controller/share/servo6dof_controller/hook/cmake_prefix_path.sh'
[1.084s] Level 1:colcon.colcon_core.environment:checking '/home/alsnac/Codes/GIT/6DOF_Servo/servo6dof/install/servo6dof_controller/bin'
[1.084s] Level 1:colcon.colcon_core.environment:checking '/home/alsnac/Codes/GIT/6DOF_Servo/servo6dof/install/servo6dof_controller/lib/pkgconfig/servo6dof_controller.pc'
[1.085s] Level 1:colcon.colcon_core.environment:checking '/home/alsnac/Codes/GIT/6DOF_Servo/servo6dof/install/servo6dof_controller/lib/python3.10/site-packages'
[1.085s] Level 1:colcon.colcon_core.environment:checking '/home/alsnac/Codes/GIT/6DOF_Servo/servo6dof/install/servo6dof_controller/bin'
[1.085s] INFO:colcon.colcon_core.shell:Creating package script '/home/alsnac/Codes/GIT/6DOF_Servo/servo6dof/install/servo6dof_controller/share/servo6dof_controller/package.ps1'
[1.085s] INFO:colcon.colcon_core.shell:Creating package descriptor '/home/alsnac/Codes/GIT/6DOF_Servo/servo6dof/install/servo6dof_controller/share/servo6dof_controller/package.dsv'
[1.086s] INFO:colcon.colcon_core.shell:Creating package script '/home/alsnac/Codes/GIT/6DOF_Servo/servo6dof/install/servo6dof_controller/share/servo6dof_controller/package.sh'
[1.086s] INFO:colcon.colcon_core.shell:Creating package script '/home/alsnac/Codes/GIT/6DOF_Servo/servo6dof/install/servo6dof_controller/share/servo6dof_controller/package.bash'
[1.086s] INFO:colcon.colcon_core.shell:Creating package script '/home/alsnac/Codes/GIT/6DOF_Servo/servo6dof/install/servo6dof_controller/share/servo6dof_controller/package.zsh'
[1.087s] Level 1:colcon.colcon_core.environment:create_file_with_runtime_dependencies(/home/alsnac/Codes/GIT/6DOF_Servo/servo6dof/install/servo6dof_controller/share/colcon-core/packages/servo6dof_controller)
[1.097s] DEBUG:colcon.colcon_parallel_executor.executor.parallel:closing loop
[1.097s] DEBUG:colcon.colcon_parallel_executor.executor.parallel:loop closed
[1.098s] DEBUG:colcon.colcon_parallel_executor.executor.parallel:run_until_complete finished with '2'
[1.098s] DEBUG:colcon.colcon_core.event_reactor:joining thread
[1.103s] INFO:colcon.colcon_core.plugin_system:Skipping extension 'colcon_notification.desktop_notification.terminal_notifier': Not used on non-Darwin systems
[1.104s] INFO:colcon.colcon_core.plugin_system:Skipping extension 'colcon_notification.desktop_notification.win32': Not used on non-Windows systems
[1.104s] INFO:colcon.colcon_notification.desktop_notification:Sending desktop notification using 'notify2'
[1.108s] DEBUG:colcon.colcon_core.event_reactor:joined thread
[1.109s] INFO:colcon.colcon_core.shell:Creating prefix script '/home/alsnac/Codes/GIT/6DOF_Servo/servo6dof/install/local_setup.ps1'
[1.110s] INFO:colcon.colcon_core.shell:Creating prefix util module '/home/alsnac/Codes/GIT/6DOF_Servo/servo6dof/install/_local_setup_util_ps1.py'
[1.112s] INFO:colcon.colcon_core.shell:Creating prefix chain script '/home/alsnac/Codes/GIT/6DOF_Servo/servo6dof/install/setup.ps1'
[1.115s] INFO:colcon.colcon_core.shell:Creating prefix script '/home/alsnac/Codes/GIT/6DOF_Servo/servo6dof/install/local_setup.sh'
[1.116s] INFO:colcon.colcon_core.shell:Creating prefix util module '/home/alsnac/Codes/GIT/6DOF_Servo/servo6dof/install/_local_setup_util_sh.py'
[1.116s] INFO:colcon.colcon_core.shell:Creating prefix chain script '/home/alsnac/Codes/GIT/6DOF_Servo/servo6dof/install/setup.sh'
[1.119s] INFO:colcon.colcon_core.shell:Creating prefix script '/home/alsnac/Codes/GIT/6DOF_Servo/servo6dof/install/local_setup.bash'
[1.120s] INFO:colcon.colcon_core.shell:Creating prefix chain script '/home/alsnac/Codes/GIT/6DOF_Servo/servo6dof/install/setup.bash'
[1.123s] INFO:colcon.colcon_core.shell:Creating prefix script '/home/alsnac/Codes/GIT/6DOF_Servo/servo6dof/install/local_setup.zsh'
[1.123s] INFO:colcon.colcon_core.shell:Creating prefix chain script '/home/alsnac/Codes/GIT/6DOF_Servo/servo6dof/install/setup.zsh'
