[0.137s] DEBUG:colcon:Command line arguments: ['/usr/bin/colcon', 'build']
[0.137s] DEBUG:colcon:Parsed command line arguments: Namespace(log_base=None, log_level=None, verb_name='build', build_base='build', install_base='install', merge_install=False, symlink_install=False, test_result_base=None, continue_on_error=False, executor='parallel', parallel_workers=16, event_handlers=None, ignore_user_meta=False, metas=['./colcon.meta'], base_paths=['.'], packages_ignore=None, packages_ignore_regex=None, paths=None, packages_up_to=None, packages_up_to_regex=None, packages_above=None, packages_above_and_dependencies=None, packages_above_depth=None, packages_select_by_dep=None, packages_skip_by_dep=None, packages_skip_up_to=None, packages_select_build_failed=False, packages_skip_build_finished=False, packages_select_test_failures=False, packages_skip_test_passed=False, packages_select=None, packages_skip=None, packages_select_regex=None, packages_skip_regex=None, packages_start=None, packages_end=None, allow_overriding=[], cmake_args=None, cmake_target=None, cmake_target_skip_unavailable=False, cmake_clean_cache=False, cmake_clean_first=False, cmake_force_configure=False, ament_cmake_args=None, catkin_cmake_args=None, catkin_skip_building_tests=False, mixin_files=None, mixin=None, verb_parser=<colcon_mixin.mixin.mixin_argument.MixinArgumentDecorator object at 0x74368df63310>, verb_extension=<colcon_core.verb.build.BuildVerb object at 0x74368df62d10>, main=<bound method BuildVerb.main of <colcon_core.verb.build.BuildVerb object at 0x74368df62d10>>, mixin_verb=('build',))
[0.372s] Level 1:colcon.colcon_core.package_discovery:discover_packages(colcon_meta) check parameters
[0.373s] Level 1:colcon.colcon_core.package_discovery:discover_packages(recursive) check parameters
[0.373s] Level 1:colcon.colcon_core.package_discovery:discover_packages(ignore) check parameters
[0.373s] Level 1:colcon.colcon_core.package_discovery:discover_packages(path) check parameters
[0.373s] Level 1:colcon.colcon_core.package_discovery:discover_packages(colcon_meta) discover
[0.373s] Level 1:colcon.colcon_core.package_discovery:discover_packages(recursive) discover
[0.373s] INFO:colcon.colcon_core.package_discovery:Crawling recursively for packages in '/home/alsnac/Codes/GIT/6DOF_Servo/servo6dof/servo6dof_description'
[0.373s] Level 1:colcon.colcon_core.package_identification:_identify(.) by extensions ['ignore', 'ignore_ament_install']
[0.373s] Level 1:colcon.colcon_core.package_identification:_identify(.) by extension 'ignore'
[0.373s] Level 1:colcon.colcon_core.package_identification:_identify(.) by extension 'ignore_ament_install'
[0.373s] Level 1:colcon.colcon_core.package_identification:_identify(.) by extensions ['colcon_pkg']
[0.373s] Level 1:colcon.colcon_core.package_identification:_identify(.) by extension 'colcon_pkg'
[0.373s] Level 1:colcon.colcon_core.package_identification:_identify(.) by extensions ['colcon_meta']
[0.373s] Level 1:colcon.colcon_core.package_identification:_identify(.) by extension 'colcon_meta'
[0.373s] Level 1:colcon.colcon_core.package_identification:_identify(.) by extensions ['ros']
[0.373s] Level 1:colcon.colcon_core.package_identification:_identify(.) by extension 'ros'
[0.391s] DEBUG:colcon.colcon_core.package_identification:Package '.' with type 'ros.ament_cmake' and name 'servo6dof_description'
[0.391s] Level 1:colcon.colcon_core.package_discovery:discover_packages(recursive) using defaults
[0.392s] Level 1:colcon.colcon_core.package_discovery:discover_packages(ignore) discover
[0.392s] Level 1:colcon.colcon_core.package_discovery:discover_packages(ignore) using defaults
[0.392s] Level 1:colcon.colcon_core.package_discovery:discover_packages(path) discover
[0.392s] Level 1:colcon.colcon_core.package_discovery:discover_packages(path) using defaults
[0.428s] Level 1:colcon.colcon_core.package_discovery:discover_packages(prefix_path) check parameters
[0.429s] Level 1:colcon.colcon_core.package_discovery:discover_packages(prefix_path) discover
[0.432s] DEBUG:colcon.colcon_installed_package_information.package_discovery:Found 390 installed packages in /opt/ros/humble
[0.434s] Level 1:colcon.colcon_core.package_discovery:discover_packages(prefix_path) using defaults
[0.492s] Level 5:colcon.colcon_core.verb:set package 'servo6dof_description' build argument 'cmake_args' from command line to 'None'
[0.493s] Level 5:colcon.colcon_core.verb:set package 'servo6dof_description' build argument 'cmake_target' from command line to 'None'
[0.493s] Level 5:colcon.colcon_core.verb:set package 'servo6dof_description' build argument 'cmake_target_skip_unavailable' from command line to 'False'
[0.493s] Level 5:colcon.colcon_core.verb:set package 'servo6dof_description' build argument 'cmake_clean_cache' from command line to 'False'
[0.493s] Level 5:colcon.colcon_core.verb:set package 'servo6dof_description' build argument 'cmake_clean_first' from command line to 'False'
[0.493s] Level 5:colcon.colcon_core.verb:set package 'servo6dof_description' build argument 'cmake_force_configure' from command line to 'False'
[0.493s] Level 5:colcon.colcon_core.verb:set package 'servo6dof_description' build argument 'ament_cmake_args' from command line to 'None'
[0.493s] Level 5:colcon.colcon_core.verb:set package 'servo6dof_description' build argument 'catkin_cmake_args' from command line to 'None'
[0.493s] Level 5:colcon.colcon_core.verb:set package 'servo6dof_description' build argument 'catkin_skip_building_tests' from command line to 'False'
[0.493s] DEBUG:colcon.colcon_core.verb:Building package 'servo6dof_description' with the following arguments: {'ament_cmake_args': None, 'build_base': '/home/alsnac/Codes/GIT/6DOF_Servo/servo6dof/servo6dof_description/build/servo6dof_description', 'catkin_cmake_args': None, 'catkin_skip_building_tests': False, 'cmake_args': None, 'cmake_clean_cache': False, 'cmake_clean_first': False, 'cmake_force_configure': False, 'cmake_target': None, 'cmake_target_skip_unavailable': False, 'install_base': '/home/alsnac/Codes/GIT/6DOF_Servo/servo6dof/servo6dof_description/install/servo6dof_description', 'merge_install': False, 'path': '/home/alsnac/Codes/GIT/6DOF_Servo/servo6dof/servo6dof_description', 'symlink_install': False, 'test_result_base': None}
[0.493s] INFO:colcon.colcon_core.executor:Executing jobs using 'parallel' executor
[0.494s] DEBUG:colcon.colcon_parallel_executor.executor.parallel:run_until_complete
[0.494s] INFO:colcon.colcon_ros.task.ament_cmake.build:Building ROS package in '/home/alsnac/Codes/GIT/6DOF_Servo/servo6dof/servo6dof_description' with build type 'ament_cmake'
[0.495s] INFO:colcon.colcon_cmake.task.cmake.build:Building CMake package in '/home/alsnac/Codes/GIT/6DOF_Servo/servo6dof/servo6dof_description'
[0.497s] INFO:colcon.colcon_core.plugin_system:Skipping extension 'colcon_core.shell.bat': Not used on non-Windows systems
[0.497s] INFO:colcon.colcon_core.shell:Skip shell extension 'powershell' for command environment: Not usable outside of PowerShell
[0.497s] DEBUG:colcon.colcon_core.shell:Skip shell extension 'dsv' for command environment
[0.510s] DEBUG:colcon.colcon_core.event_handler.log_command:Invoking command in '/home/alsnac/Codes/GIT/6DOF_Servo/servo6dof/servo6dof_description/build/servo6dof_description': CMAKE_PREFIX_PATH=/opt/ros/humble /usr/bin/cmake /home/alsnac/Codes/GIT/6DOF_Servo/servo6dof/servo6dof_description -DCMAKE_INSTALL_PREFIX=/home/alsnac/Codes/GIT/6DOF_Servo/servo6dof/servo6dof_description/install/servo6dof_description
[1.403s] DEBUG:colcon.colcon_core.event_handler.log_command:Invoked command in '/home/alsnac/Codes/GIT/6DOF_Servo/servo6dof/servo6dof_description/build/servo6dof_description' returned '0': CMAKE_PREFIX_PATH=/opt/ros/humble /usr/bin/cmake /home/alsnac/Codes/GIT/6DOF_Servo/servo6dof/servo6dof_description -DCMAKE_INSTALL_PREFIX=/home/alsnac/Codes/GIT/6DOF_Servo/servo6dof/servo6dof_description/install/servo6dof_description
[1.406s] DEBUG:colcon.colcon_core.event_handler.log_command:Invoking command in '/home/alsnac/Codes/GIT/6DOF_Servo/servo6dof/servo6dof_description/build/servo6dof_description': CMAKE_PREFIX_PATH=/opt/ros/humble /usr/bin/cmake --build /home/alsnac/Codes/GIT/6DOF_Servo/servo6dof/servo6dof_description/build/servo6dof_description -- -j16 -l16
[1.469s] DEBUG:colcon.colcon_core.event_handler.log_command:Invoked command in '/home/alsnac/Codes/GIT/6DOF_Servo/servo6dof/servo6dof_description/build/servo6dof_description' returned '0': CMAKE_PREFIX_PATH=/opt/ros/humble /usr/bin/cmake --build /home/alsnac/Codes/GIT/6DOF_Servo/servo6dof/servo6dof_description/build/servo6dof_description -- -j16 -l16
[1.527s] DEBUG:colcon.colcon_core.event_handler.log_command:Invoking command in '/home/alsnac/Codes/GIT/6DOF_Servo/servo6dof/servo6dof_description/build/servo6dof_description': CMAKE_PREFIX_PATH=/opt/ros/humble /usr/bin/cmake --install /home/alsnac/Codes/GIT/6DOF_Servo/servo6dof/servo6dof_description/build/servo6dof_description
[1.566s] Level 1:colcon.colcon_core.environment:create_environment_scripts_only(servo6dof_description)
[1.568s] DEBUG:colcon.colcon_core.event_handler.log_command:Invoked command in '/home/alsnac/Codes/GIT/6DOF_Servo/servo6dof/servo6dof_description/build/servo6dof_description' returned '0': CMAKE_PREFIX_PATH=/opt/ros/humble /usr/bin/cmake --install /home/alsnac/Codes/GIT/6DOF_Servo/servo6dof/servo6dof_description/build/servo6dof_description
[1.571s] Level 1:colcon.colcon_core.environment:checking '/home/alsnac/Codes/GIT/6DOF_Servo/servo6dof/servo6dof_description/install/servo6dof_description' for CMake module files
[1.571s] Level 1:colcon.colcon_core.environment:checking '/home/alsnac/Codes/GIT/6DOF_Servo/servo6dof/servo6dof_description/install/servo6dof_description' for CMake config files
[1.572s] Level 1:colcon.colcon_core.shell:create_environment_hook('servo6dof_description', 'cmake_prefix_path')
[1.572s] INFO:colcon.colcon_core.shell:Creating environment hook '/home/alsnac/Codes/GIT/6DOF_Servo/servo6dof/servo6dof_description/install/servo6dof_description/share/servo6dof_description/hook/cmake_prefix_path.ps1'
[1.573s] INFO:colcon.colcon_core.shell:Creating environment descriptor '/home/alsnac/Codes/GIT/6DOF_Servo/servo6dof/servo6dof_description/install/servo6dof_description/share/servo6dof_description/hook/cmake_prefix_path.dsv'
[1.574s] INFO:colcon.colcon_core.shell:Creating environment hook '/home/alsnac/Codes/GIT/6DOF_Servo/servo6dof/servo6dof_description/install/servo6dof_description/share/servo6dof_description/hook/cmake_prefix_path.sh'
[1.575s] Level 1:colcon.colcon_core.environment:checking '/home/alsnac/Codes/GIT/6DOF_Servo/servo6dof/servo6dof_description/install/servo6dof_description/bin'
[1.575s] Level 1:colcon.colcon_core.environment:checking '/home/alsnac/Codes/GIT/6DOF_Servo/servo6dof/servo6dof_description/install/servo6dof_description/lib/pkgconfig/servo6dof_description.pc'
[1.575s] Level 1:colcon.colcon_core.environment:checking '/home/alsnac/Codes/GIT/6DOF_Servo/servo6dof/servo6dof_description/install/servo6dof_description/lib/python3.10/site-packages'
[1.575s] Level 1:colcon.colcon_core.environment:checking '/home/alsnac/Codes/GIT/6DOF_Servo/servo6dof/servo6dof_description/install/servo6dof_description/bin'
[1.576s] INFO:colcon.colcon_core.shell:Creating package script '/home/alsnac/Codes/GIT/6DOF_Servo/servo6dof/servo6dof_description/install/servo6dof_description/share/servo6dof_description/package.ps1'
[1.577s] INFO:colcon.colcon_core.shell:Creating package descriptor '/home/alsnac/Codes/GIT/6DOF_Servo/servo6dof/servo6dof_description/install/servo6dof_description/share/servo6dof_description/package.dsv'
[1.577s] INFO:colcon.colcon_core.shell:Creating package script '/home/alsnac/Codes/GIT/6DOF_Servo/servo6dof/servo6dof_description/install/servo6dof_description/share/servo6dof_description/package.sh'
[1.578s] INFO:colcon.colcon_core.shell:Creating package script '/home/alsnac/Codes/GIT/6DOF_Servo/servo6dof/servo6dof_description/install/servo6dof_description/share/servo6dof_description/package.bash'
[1.579s] INFO:colcon.colcon_core.shell:Creating package script '/home/alsnac/Codes/GIT/6DOF_Servo/servo6dof/servo6dof_description/install/servo6dof_description/share/servo6dof_description/package.zsh'
[1.580s] Level 1:colcon.colcon_core.environment:create_file_with_runtime_dependencies(/home/alsnac/Codes/GIT/6DOF_Servo/servo6dof/servo6dof_description/install/servo6dof_description/share/colcon-core/packages/servo6dof_description)
[1.618s] Level 1:colcon.colcon_core.environment:create_environment_scripts_only(servo6dof_description)
[1.618s] Level 1:colcon.colcon_core.environment:checking '/home/alsnac/Codes/GIT/6DOF_Servo/servo6dof/servo6dof_description/install/servo6dof_description' for CMake module files
[1.619s] Level 1:colcon.colcon_core.environment:checking '/home/alsnac/Codes/GIT/6DOF_Servo/servo6dof/servo6dof_description/install/servo6dof_description' for CMake config files
[1.619s] Level 1:colcon.colcon_core.shell:create_environment_hook('servo6dof_description', 'cmake_prefix_path')
[1.620s] INFO:colcon.colcon_core.shell:Creating environment hook '/home/alsnac/Codes/GIT/6DOF_Servo/servo6dof/servo6dof_description/install/servo6dof_description/share/servo6dof_description/hook/cmake_prefix_path.ps1'
[1.621s] INFO:colcon.colcon_core.shell:Creating environment descriptor '/home/alsnac/Codes/GIT/6DOF_Servo/servo6dof/servo6dof_description/install/servo6dof_description/share/servo6dof_description/hook/cmake_prefix_path.dsv'
[1.621s] INFO:colcon.colcon_core.shell:Creating environment hook '/home/alsnac/Codes/GIT/6DOF_Servo/servo6dof/servo6dof_description/install/servo6dof_description/share/servo6dof_description/hook/cmake_prefix_path.sh'
[1.622s] Level 1:colcon.colcon_core.environment:checking '/home/alsnac/Codes/GIT/6DOF_Servo/servo6dof/servo6dof_description/install/servo6dof_description/bin'
[1.622s] Level 1:colcon.colcon_core.environment:checking '/home/alsnac/Codes/GIT/6DOF_Servo/servo6dof/servo6dof_description/install/servo6dof_description/lib/pkgconfig/servo6dof_description.pc'
[1.622s] Level 1:colcon.colcon_core.environment:checking '/home/alsnac/Codes/GIT/6DOF_Servo/servo6dof/servo6dof_description/install/servo6dof_description/lib/python3.10/site-packages'
[1.622s] Level 1:colcon.colcon_core.environment:checking '/home/alsnac/Codes/GIT/6DOF_Servo/servo6dof/servo6dof_description/install/servo6dof_description/bin'
[1.622s] INFO:colcon.colcon_core.shell:Creating package script '/home/alsnac/Codes/GIT/6DOF_Servo/servo6dof/servo6dof_description/install/servo6dof_description/share/servo6dof_description/package.ps1'
[1.623s] INFO:colcon.colcon_core.shell:Creating package descriptor '/home/alsnac/Codes/GIT/6DOF_Servo/servo6dof/servo6dof_description/install/servo6dof_description/share/servo6dof_description/package.dsv'
[1.624s] INFO:colcon.colcon_core.shell:Creating package script '/home/alsnac/Codes/GIT/6DOF_Servo/servo6dof/servo6dof_description/install/servo6dof_description/share/servo6dof_description/package.sh'
[1.624s] INFO:colcon.colcon_core.shell:Creating package script '/home/alsnac/Codes/GIT/6DOF_Servo/servo6dof/servo6dof_description/install/servo6dof_description/share/servo6dof_description/package.bash'
[1.625s] INFO:colcon.colcon_core.shell:Creating package script '/home/alsnac/Codes/GIT/6DOF_Servo/servo6dof/servo6dof_description/install/servo6dof_description/share/servo6dof_description/package.zsh'
[1.625s] Level 1:colcon.colcon_core.environment:create_file_with_runtime_dependencies(/home/alsnac/Codes/GIT/6DOF_Servo/servo6dof/servo6dof_description/install/servo6dof_description/share/colcon-core/packages/servo6dof_description)
[1.626s] DEBUG:colcon.colcon_parallel_executor.executor.parallel:closing loop
[1.626s] DEBUG:colcon.colcon_parallel_executor.executor.parallel:loop closed
[1.626s] DEBUG:colcon.colcon_parallel_executor.executor.parallel:run_until_complete finished with '0'
[1.626s] DEBUG:colcon.colcon_core.event_reactor:joining thread
[1.632s] INFO:colcon.colcon_core.plugin_system:Skipping extension 'colcon_notification.desktop_notification.terminal_notifier': Not used on non-Darwin systems
[1.632s] INFO:colcon.colcon_core.plugin_system:Skipping extension 'colcon_notification.desktop_notification.win32': Not used on non-Windows systems
[1.632s] INFO:colcon.colcon_notification.desktop_notification:Sending desktop notification using 'notify2'
[1.642s] DEBUG:colcon.colcon_core.event_reactor:joined thread
[1.642s] INFO:colcon.colcon_core.shell:Creating prefix script '/home/alsnac/Codes/GIT/6DOF_Servo/servo6dof/servo6dof_description/install/local_setup.ps1'
[1.644s] INFO:colcon.colcon_core.shell:Creating prefix util module '/home/alsnac/Codes/GIT/6DOF_Servo/servo6dof/servo6dof_description/install/_local_setup_util_ps1.py'
[1.646s] INFO:colcon.colcon_core.shell:Creating prefix chain script '/home/alsnac/Codes/GIT/6DOF_Servo/servo6dof/servo6dof_description/install/setup.ps1'
[1.647s] INFO:colcon.colcon_core.shell:Creating prefix script '/home/alsnac/Codes/GIT/6DOF_Servo/servo6dof/servo6dof_description/install/local_setup.sh'
[1.648s] INFO:colcon.colcon_core.shell:Creating prefix util module '/home/alsnac/Codes/GIT/6DOF_Servo/servo6dof/servo6dof_description/install/_local_setup_util_sh.py'
[1.648s] INFO:colcon.colcon_core.shell:Creating prefix chain script '/home/alsnac/Codes/GIT/6DOF_Servo/servo6dof/servo6dof_description/install/setup.sh'
[1.650s] INFO:colcon.colcon_core.shell:Creating prefix script '/home/alsnac/Codes/GIT/6DOF_Servo/servo6dof/servo6dof_description/install/local_setup.bash'
[1.650s] INFO:colcon.colcon_core.shell:Creating prefix chain script '/home/alsnac/Codes/GIT/6DOF_Servo/servo6dof/servo6dof_description/install/setup.bash'
[1.652s] INFO:colcon.colcon_core.shell:Creating prefix script '/home/alsnac/Codes/GIT/6DOF_Servo/servo6dof/servo6dof_description/install/local_setup.zsh'
[1.652s] INFO:colcon.colcon_core.shell:Creating prefix chain script '/home/alsnac/Codes/GIT/6DOF_Servo/servo6dof/servo6dof_description/install/setup.zsh'
