-- Install configuration: ""
-- Up-to-date: /home/alsnac/Codes/GIT/6DOF_Servo/servo6dof/install/servo6dof_controller/share/servo6dof_controller/config
-- Up-to-date: /home/alsnac/Codes/GIT/6DOF_Servo/servo6dof/install/servo6dof_controller/share/servo6dof_controller/config/servo6dof_controllers.yaml
-- Up-to-date: /home/alsnac/Codes/GIT/6DOF_Servo/servo6dof/install/servo6dof_controller/share/servo6dof_controller/launch
-- Installing: /home/alsnac/Codes/GIT/6DOF_Servo/servo6dof/install/servo6dof_controller/share/servo6dof_controller/launch/controller.launch.py
-- Up-to-date: /home/alsnac/Codes/GIT/6DOF_Servo/servo6dof/install/servo6dof_controller/share/ament_index/resource_index/package_run_dependencies/servo6dof_controller
-- Up-to-date: /home/alsnac/Codes/GIT/6DOF_Servo/servo6dof/install/servo6dof_controller/share/ament_index/resource_index/parent_prefix_path/servo6dof_controller
-- Up-to-date: /home/alsnac/Codes/GIT/6DOF_Servo/servo6dof/install/servo6dof_controller/share/servo6dof_controller/environment/ament_prefix_path.sh
-- Up-to-date: /home/alsnac/Codes/GIT/6DOF_Servo/servo6dof/install/servo6dof_controller/share/servo6dof_controller/environment/ament_prefix_path.dsv
-- Up-to-date: /home/alsnac/Codes/GIT/6DOF_Servo/servo6dof/install/servo6dof_controller/share/servo6dof_controller/environment/path.sh
-- Up-to-date: /home/alsnac/Codes/GIT/6DOF_Servo/servo6dof/install/servo6dof_controller/share/servo6dof_controller/environment/path.dsv
-- Up-to-date: /home/alsnac/Codes/GIT/6DOF_Servo/servo6dof/install/servo6dof_controller/share/servo6dof_controller/local_setup.bash
-- Up-to-date: /home/alsnac/Codes/GIT/6DOF_Servo/servo6dof/install/servo6dof_controller/share/servo6dof_controller/local_setup.sh
-- Up-to-date: /home/alsnac/Codes/GIT/6DOF_Servo/servo6dof/install/servo6dof_controller/share/servo6dof_controller/local_setup.zsh
-- Up-to-date: /home/alsnac/Codes/GIT/6DOF_Servo/servo6dof/install/servo6dof_controller/share/servo6dof_controller/local_setup.dsv
-- Up-to-date: /home/alsnac/Codes/GIT/6DOF_Servo/servo6dof/install/servo6dof_controller/share/servo6dof_controller/package.dsv
-- Up-to-date: /home/alsnac/Codes/GIT/6DOF_Servo/servo6dof/install/servo6dof_controller/share/ament_index/resource_index/packages/servo6dof_controller
-- Up-to-date: /home/alsnac/Codes/GIT/6DOF_Servo/servo6dof/install/servo6dof_controller/share/servo6dof_controller/cmake/servo6dof_controllerConfig.cmake
-- Up-to-date: /home/alsnac/Codes/GIT/6DOF_Servo/servo6dof/install/servo6dof_controller/share/servo6dof_controller/cmake/servo6dof_controllerConfig-version.cmake
-- Up-to-date: /home/alsnac/Codes/GIT/6DOF_Servo/servo6dof/install/servo6dof_controller/share/servo6dof_controller/package.xml
