[0.301s] DEBUG:colcon:Command line arguments: ['/usr/bin/colcon', 'build']
[0.301s] DEBUG:colcon:Parsed command line arguments: Namespace(log_base=None, log_level=None, verb_name='build', build_base='build', install_base='install', merge_install=False, symlink_install=False, test_result_base=None, continue_on_error=False, executor='parallel', parallel_workers=16, event_handlers=None, ignore_user_meta=False, metas=['./colcon.meta'], base_paths=['.'], packages_ignore=None, packages_ignore_regex=None, paths=None, packages_up_to=None, packages_up_to_regex=None, packages_above=None, packages_above_and_dependencies=None, packages_above_depth=None, packages_select_by_dep=None, packages_skip_by_dep=None, packages_skip_up_to=None, packages_select_build_failed=False, packages_skip_build_finished=False, packages_select_test_failures=False, packages_skip_test_passed=False, packages_select=None, packages_skip=None, packages_select_regex=None, packages_skip_regex=None, packages_start=None, packages_end=None, allow_overriding=[], cmake_args=None, cmake_target=None, cmake_target_skip_unavailable=False, cmake_clean_cache=False, cmake_clean_first=False, cmake_force_configure=False, ament_cmake_args=None, catkin_cmake_args=None, catkin_skip_building_tests=False, mixin_files=None, mixin=None, verb_parser=<colcon_mixin.mixin.mixin_argument.MixinArgumentDecorator object at 0x70ccddd573a0>, verb_extension=<colcon_core.verb.build.BuildVerb object at 0x70ccddd56e30>, main=<bound method BuildVerb.main of <colcon_core.verb.build.BuildVerb object at 0x70ccddd56e30>>, mixin_verb=('build',))
[0.796s] Level 1:colcon.colcon_core.package_discovery:discover_packages(colcon_meta) check parameters
[0.797s] Level 1:colcon.colcon_core.package_discovery:discover_packages(recursive) check parameters
[0.797s] Level 1:colcon.colcon_core.package_discovery:discover_packages(ignore) check parameters
[0.797s] Level 1:colcon.colcon_core.package_discovery:discover_packages(path) check parameters
[0.797s] Level 1:colcon.colcon_core.package_discovery:discover_packages(colcon_meta) discover
[0.797s] Level 1:colcon.colcon_core.package_discovery:discover_packages(recursive) discover
[0.797s] INFO:colcon.colcon_core.package_discovery:Crawling recursively for packages in '/home/alsnac/Codes/GIT/6DOF_Servo/servo6dof/servo6dof_description'
[0.797s] Level 1:colcon.colcon_core.package_identification:_identify(.) by extensions ['ignore', 'ignore_ament_install']
[0.798s] Level 1:colcon.colcon_core.package_identification:_identify(.) by extension 'ignore'
[0.798s] Level 1:colcon.colcon_core.package_identification:_identify(.) by extension 'ignore_ament_install'
[0.798s] Level 1:colcon.colcon_core.package_identification:_identify(.) by extensions ['colcon_pkg']
[0.798s] Level 1:colcon.colcon_core.package_identification:_identify(.) by extension 'colcon_pkg'
[0.798s] Level 1:colcon.colcon_core.package_identification:_identify(.) by extensions ['colcon_meta']
[0.798s] Level 1:colcon.colcon_core.package_identification:_identify(.) by extension 'colcon_meta'
[0.798s] Level 1:colcon.colcon_core.package_identification:_identify(.) by extensions ['ros']
[0.798s] Level 1:colcon.colcon_core.package_identification:_identify(.) by extension 'ros'
[0.854s] DEBUG:colcon.colcon_core.package_identification:Package '.' with type 'ros.ament_cmake' and name 'servo6dof_description'
[0.854s] Level 1:colcon.colcon_core.package_discovery:discover_packages(recursive) using defaults
[0.855s] Level 1:colcon.colcon_core.package_discovery:discover_packages(ignore) discover
[0.855s] Level 1:colcon.colcon_core.package_discovery:discover_packages(ignore) using defaults
[0.855s] Level 1:colcon.colcon_core.package_discovery:discover_packages(path) discover
[0.855s] Level 1:colcon.colcon_core.package_discovery:discover_packages(path) using defaults
[0.900s] Level 1:colcon.colcon_core.package_discovery:discover_packages(prefix_path) check parameters
[0.900s] Level 1:colcon.colcon_core.package_discovery:discover_packages(prefix_path) discover
[0.908s] DEBUG:colcon.colcon_installed_package_information.package_discovery:Found 450 installed packages in /opt/ros/humble
[0.915s] Level 1:colcon.colcon_core.package_discovery:discover_packages(prefix_path) using defaults
[1.041s] Level 5:colcon.colcon_core.verb:set package 'servo6dof_description' build argument 'cmake_args' from command line to 'None'
[1.041s] Level 5:colcon.colcon_core.verb:set package 'servo6dof_description' build argument 'cmake_target' from command line to 'None'
[1.041s] Level 5:colcon.colcon_core.verb:set package 'servo6dof_description' build argument 'cmake_target_skip_unavailable' from command line to 'False'
[1.041s] Level 5:colcon.colcon_core.verb:set package 'servo6dof_description' build argument 'cmake_clean_cache' from command line to 'False'
[1.042s] Level 5:colcon.colcon_core.verb:set package 'servo6dof_description' build argument 'cmake_clean_first' from command line to 'False'
[1.042s] Level 5:colcon.colcon_core.verb:set package 'servo6dof_description' build argument 'cmake_force_configure' from command line to 'False'
[1.042s] Level 5:colcon.colcon_core.verb:set package 'servo6dof_description' build argument 'ament_cmake_args' from command line to 'None'
[1.042s] Level 5:colcon.colcon_core.verb:set package 'servo6dof_description' build argument 'catkin_cmake_args' from command line to 'None'
[1.042s] Level 5:colcon.colcon_core.verb:set package 'servo6dof_description' build argument 'catkin_skip_building_tests' from command line to 'False'
[1.042s] DEBUG:colcon.colcon_core.verb:Building package 'servo6dof_description' with the following arguments: {'ament_cmake_args': None, 'build_base': '/home/alsnac/Codes/GIT/6DOF_Servo/servo6dof/servo6dof_description/build/servo6dof_description', 'catkin_cmake_args': None, 'catkin_skip_building_tests': False, 'cmake_args': None, 'cmake_clean_cache': False, 'cmake_clean_first': False, 'cmake_force_configure': False, 'cmake_target': None, 'cmake_target_skip_unavailable': False, 'install_base': '/home/alsnac/Codes/GIT/6DOF_Servo/servo6dof/servo6dof_description/install/servo6dof_description', 'merge_install': False, 'path': '/home/alsnac/Codes/GIT/6DOF_Servo/servo6dof/servo6dof_description', 'symlink_install': False, 'test_result_base': None}
[1.042s] INFO:colcon.colcon_core.executor:Executing jobs using 'parallel' executor
[1.044s] DEBUG:colcon.colcon_parallel_executor.executor.parallel:run_until_complete
[1.045s] INFO:colcon.colcon_ros.task.ament_cmake.build:Building ROS package in '/home/alsnac/Codes/GIT/6DOF_Servo/servo6dof/servo6dof_description' with build type 'ament_cmake'
[1.045s] INFO:colcon.colcon_cmake.task.cmake.build:Building CMake package in '/home/alsnac/Codes/GIT/6DOF_Servo/servo6dof/servo6dof_description'
[1.050s] INFO:colcon.colcon_core.plugin_system:Skipping extension 'colcon_core.shell.bat': Not used on non-Windows systems
[1.050s] INFO:colcon.colcon_core.shell:Skip shell extension 'powershell' for command environment: Not usable outside of PowerShell
[1.050s] DEBUG:colcon.colcon_core.shell:Skip shell extension 'dsv' for command environment
[1.075s] DEBUG:colcon.colcon_core.event_handler.log_command:Invoking command in '/home/alsnac/Codes/GIT/6DOF_Servo/servo6dof/servo6dof_description/build/servo6dof_description': CMAKE_PREFIX_PATH=/opt/ros/humble /usr/bin/cmake --build /home/alsnac/Codes/GIT/6DOF_Servo/servo6dof/servo6dof_description/build/servo6dof_description -- -j16 -l16
[1.176s] DEBUG:colcon.colcon_core.event_handler.log_command:Invoked command in '/home/alsnac/Codes/GIT/6DOF_Servo/servo6dof/servo6dof_description/build/servo6dof_description' returned '0': CMAKE_PREFIX_PATH=/opt/ros/humble /usr/bin/cmake --build /home/alsnac/Codes/GIT/6DOF_Servo/servo6dof/servo6dof_description/build/servo6dof_description -- -j16 -l16
[1.263s] DEBUG:colcon.colcon_core.event_handler.log_command:Invoking command in '/home/alsnac/Codes/GIT/6DOF_Servo/servo6dof/servo6dof_description/build/servo6dof_description': CMAKE_PREFIX_PATH=/opt/ros/humble /usr/bin/cmake --install /home/alsnac/Codes/GIT/6DOF_Servo/servo6dof/servo6dof_description/build/servo6dof_description
[1.295s] Level 1:colcon.colcon_core.environment:create_environment_scripts_only(servo6dof_description)
[1.296s] DEBUG:colcon.colcon_core.event_handler.log_command:Invoked command in '/home/alsnac/Codes/GIT/6DOF_Servo/servo6dof/servo6dof_description/build/servo6dof_description' returned '0': CMAKE_PREFIX_PATH=/opt/ros/humble /usr/bin/cmake --install /home/alsnac/Codes/GIT/6DOF_Servo/servo6dof/servo6dof_description/build/servo6dof_description
[1.300s] Level 1:colcon.colcon_core.environment:checking '/home/alsnac/Codes/GIT/6DOF_Servo/servo6dof/servo6dof_description/install/servo6dof_description' for CMake module files
[1.302s] Level 1:colcon.colcon_core.environment:checking '/home/alsnac/Codes/GIT/6DOF_Servo/servo6dof/servo6dof_description/install/servo6dof_description' for CMake config files
[1.303s] Level 1:colcon.colcon_core.shell:create_environment_hook('servo6dof_description', 'cmake_prefix_path')
[1.303s] INFO:colcon.colcon_core.shell:Creating environment hook '/home/alsnac/Codes/GIT/6DOF_Servo/servo6dof/servo6dof_description/install/servo6dof_description/share/servo6dof_description/hook/cmake_prefix_path.ps1'
[1.305s] INFO:colcon.colcon_core.shell:Creating environment descriptor '/home/alsnac/Codes/GIT/6DOF_Servo/servo6dof/servo6dof_description/install/servo6dof_description/share/servo6dof_description/hook/cmake_prefix_path.dsv'
[1.306s] INFO:colcon.colcon_core.shell:Creating environment hook '/home/alsnac/Codes/GIT/6DOF_Servo/servo6dof/servo6dof_description/install/servo6dof_description/share/servo6dof_description/hook/cmake_prefix_path.sh'
[1.308s] Level 1:colcon.colcon_core.environment:checking '/home/alsnac/Codes/GIT/6DOF_Servo/servo6dof/servo6dof_description/install/servo6dof_description/bin'
[1.308s] Level 1:colcon.colcon_core.environment:checking '/home/alsnac/Codes/GIT/6DOF_Servo/servo6dof/servo6dof_description/install/servo6dof_description/lib/pkgconfig/servo6dof_description.pc'
[1.308s] Level 1:colcon.colcon_core.environment:checking '/home/alsnac/Codes/GIT/6DOF_Servo/servo6dof/servo6dof_description/install/servo6dof_description/lib/python3.10/site-packages'
[1.309s] Level 1:colcon.colcon_core.environment:checking '/home/alsnac/Codes/GIT/6DOF_Servo/servo6dof/servo6dof_description/install/servo6dof_description/bin'
[1.309s] INFO:colcon.colcon_core.shell:Creating package script '/home/alsnac/Codes/GIT/6DOF_Servo/servo6dof/servo6dof_description/install/servo6dof_description/share/servo6dof_description/package.ps1'
[1.311s] INFO:colcon.colcon_core.shell:Creating package descriptor '/home/alsnac/Codes/GIT/6DOF_Servo/servo6dof/servo6dof_description/install/servo6dof_description/share/servo6dof_description/package.dsv'
[1.312s] INFO:colcon.colcon_core.shell:Creating package script '/home/alsnac/Codes/GIT/6DOF_Servo/servo6dof/servo6dof_description/install/servo6dof_description/share/servo6dof_description/package.sh'
[1.314s] INFO:colcon.colcon_core.shell:Creating package script '/home/alsnac/Codes/GIT/6DOF_Servo/servo6dof/servo6dof_description/install/servo6dof_description/share/servo6dof_description/package.bash'
[1.315s] INFO:colcon.colcon_core.shell:Creating package script '/home/alsnac/Codes/GIT/6DOF_Servo/servo6dof/servo6dof_description/install/servo6dof_description/share/servo6dof_description/package.zsh'
[1.317s] Level 1:colcon.colcon_core.environment:create_file_with_runtime_dependencies(/home/alsnac/Codes/GIT/6DOF_Servo/servo6dof/servo6dof_description/install/servo6dof_description/share/colcon-core/packages/servo6dof_description)
[1.377s] Level 1:colcon.colcon_core.environment:create_environment_scripts_only(servo6dof_description)
[1.378s] Level 1:colcon.colcon_core.environment:checking '/home/alsnac/Codes/GIT/6DOF_Servo/servo6dof/servo6dof_description/install/servo6dof_description' for CMake module files
[1.379s] Level 1:colcon.colcon_core.environment:checking '/home/alsnac/Codes/GIT/6DOF_Servo/servo6dof/servo6dof_description/install/servo6dof_description' for CMake config files
[1.380s] Level 1:colcon.colcon_core.shell:create_environment_hook('servo6dof_description', 'cmake_prefix_path')
[1.381s] INFO:colcon.colcon_core.shell:Creating environment hook '/home/alsnac/Codes/GIT/6DOF_Servo/servo6dof/servo6dof_description/install/servo6dof_description/share/servo6dof_description/hook/cmake_prefix_path.ps1'
[1.382s] INFO:colcon.colcon_core.shell:Creating environment descriptor '/home/alsnac/Codes/GIT/6DOF_Servo/servo6dof/servo6dof_description/install/servo6dof_description/share/servo6dof_description/hook/cmake_prefix_path.dsv'
[1.383s] INFO:colcon.colcon_core.shell:Creating environment hook '/home/alsnac/Codes/GIT/6DOF_Servo/servo6dof/servo6dof_description/install/servo6dof_description/share/servo6dof_description/hook/cmake_prefix_path.sh'
[1.384s] Level 1:colcon.colcon_core.environment:checking '/home/alsnac/Codes/GIT/6DOF_Servo/servo6dof/servo6dof_description/install/servo6dof_description/bin'
[1.384s] Level 1:colcon.colcon_core.environment:checking '/home/alsnac/Codes/GIT/6DOF_Servo/servo6dof/servo6dof_description/install/servo6dof_description/lib/pkgconfig/servo6dof_description.pc'
[1.385s] Level 1:colcon.colcon_core.environment:checking '/home/alsnac/Codes/GIT/6DOF_Servo/servo6dof/servo6dof_description/install/servo6dof_description/lib/python3.10/site-packages'
[1.385s] Level 1:colcon.colcon_core.environment:checking '/home/alsnac/Codes/GIT/6DOF_Servo/servo6dof/servo6dof_description/install/servo6dof_description/bin'
[1.386s] INFO:colcon.colcon_core.shell:Creating package script '/home/alsnac/Codes/GIT/6DOF_Servo/servo6dof/servo6dof_description/install/servo6dof_description/share/servo6dof_description/package.ps1'
[1.387s] INFO:colcon.colcon_core.shell:Creating package descriptor '/home/alsnac/Codes/GIT/6DOF_Servo/servo6dof/servo6dof_description/install/servo6dof_description/share/servo6dof_description/package.dsv'
[1.388s] INFO:colcon.colcon_core.shell:Creating package script '/home/alsnac/Codes/GIT/6DOF_Servo/servo6dof/servo6dof_description/install/servo6dof_description/share/servo6dof_description/package.sh'
[1.389s] INFO:colcon.colcon_core.shell:Creating package script '/home/alsnac/Codes/GIT/6DOF_Servo/servo6dof/servo6dof_description/install/servo6dof_description/share/servo6dof_description/package.bash'
[1.389s] INFO:colcon.colcon_core.shell:Creating package script '/home/alsnac/Codes/GIT/6DOF_Servo/servo6dof/servo6dof_description/install/servo6dof_description/share/servo6dof_description/package.zsh'
[1.390s] Level 1:colcon.colcon_core.environment:create_file_with_runtime_dependencies(/home/alsnac/Codes/GIT/6DOF_Servo/servo6dof/servo6dof_description/install/servo6dof_description/share/colcon-core/packages/servo6dof_description)
[1.391s] DEBUG:colcon.colcon_parallel_executor.executor.parallel:closing loop
[1.392s] DEBUG:colcon.colcon_parallel_executor.executor.parallel:loop closed
[1.393s] DEBUG:colcon.colcon_parallel_executor.executor.parallel:run_until_complete finished with '0'
[1.393s] DEBUG:colcon.colcon_core.event_reactor:joining thread
[1.403s] INFO:colcon.colcon_core.plugin_system:Skipping extension 'colcon_notification.desktop_notification.terminal_notifier': Not used on non-Darwin systems
[1.404s] INFO:colcon.colcon_core.plugin_system:Skipping extension 'colcon_notification.desktop_notification.win32': Not used on non-Windows systems
[1.404s] INFO:colcon.colcon_notification.desktop_notification:Sending desktop notification using 'notify2'
[1.419s] DEBUG:colcon.colcon_core.event_reactor:joined thread
[1.420s] INFO:colcon.colcon_core.shell:Creating prefix script '/home/alsnac/Codes/GIT/6DOF_Servo/servo6dof/servo6dof_description/install/local_setup.ps1'
[1.422s] INFO:colcon.colcon_core.shell:Creating prefix util module '/home/alsnac/Codes/GIT/6DOF_Servo/servo6dof/servo6dof_description/install/_local_setup_util_ps1.py'
[1.426s] INFO:colcon.colcon_core.shell:Creating prefix chain script '/home/alsnac/Codes/GIT/6DOF_Servo/servo6dof/servo6dof_description/install/setup.ps1'
[1.428s] INFO:colcon.colcon_core.shell:Creating prefix script '/home/alsnac/Codes/GIT/6DOF_Servo/servo6dof/servo6dof_description/install/local_setup.sh'
[1.430s] INFO:colcon.colcon_core.shell:Creating prefix util module '/home/alsnac/Codes/GIT/6DOF_Servo/servo6dof/servo6dof_description/install/_local_setup_util_sh.py'
[1.432s] INFO:colcon.colcon_core.shell:Creating prefix chain script '/home/alsnac/Codes/GIT/6DOF_Servo/servo6dof/servo6dof_description/install/setup.sh'
[1.434s] INFO:colcon.colcon_core.shell:Creating prefix script '/home/alsnac/Codes/GIT/6DOF_Servo/servo6dof/servo6dof_description/install/local_setup.bash'
[1.436s] INFO:colcon.colcon_core.shell:Creating prefix chain script '/home/alsnac/Codes/GIT/6DOF_Servo/servo6dof/servo6dof_description/install/setup.bash'
[1.438s] INFO:colcon.colcon_core.shell:Creating prefix script '/home/alsnac/Codes/GIT/6DOF_Servo/servo6dof/servo6dof_description/install/local_setup.zsh'
[1.440s] INFO:colcon.colcon_core.shell:Creating prefix chain script '/home/alsnac/Codes/GIT/6DOF_Servo/servo6dof/servo6dof_description/install/setup.zsh'
