[0.017s] Invoking command in '/home/alsnac/6DOF_Servo/servo6dof/servo6dof_description/build/servo6dof_description': CMAKE_PREFIX_PATH=${CMAKE_PREFIX_PATH}:/home/alsnac/ws_moveit/install/moveit_configs_utils:/home/alsnac/ws_moveit/install/launch_param_builder:/opt/ros/humble /usr/bin/cmake --build /home/alsnac/6DOF_Servo/servo6dof/servo6dof_description/build/servo6dof_description -- -j16 -l16
[0.081s] Invoked command in '/home/alsnac/6DOF_Servo/servo6dof/servo6dof_description/build/servo6dof_description' returned '0': CMAKE_PREFIX_PATH=${CMAKE_PREFIX_PATH}:/home/alsnac/ws_moveit/install/moveit_configs_utils:/home/alsnac/ws_moveit/install/launch_param_builder:/opt/ros/humble /usr/bin/cmake --build /home/alsnac/6DOF_Servo/servo6dof/servo6dof_description/build/servo6dof_description -- -j16 -l16
[0.097s] Invoking command in '/home/alsnac/6DOF_Servo/servo6dof/servo6dof_description/build/servo6dof_description': CMAKE_PREFIX_PATH=${CMAKE_PREFIX_PATH}:/home/alsnac/ws_moveit/install/moveit_configs_utils:/home/alsnac/ws_moveit/install/launch_param_builder:/opt/ros/humble /usr/bin/cmake --install /home/alsnac/6DOF_Servo/servo6dof/servo6dof_description/build/servo6dof_description
[0.111s] -- Install configuration: ""
[0.112s] -- Up-to-date: /home/alsnac/6DOF_Servo/servo6dof/servo6dof_description/install/servo6dof_description/share/servo6dof_description/meshes
[0.112s] -- Up-to-date: /home/alsnac/6DOF_Servo/servo6dof/servo6dof_description/install/servo6dof_description/share/servo6dof_description/meshes/garra_pinca.stl
[0.112s] -- Up-to-date: /home/alsnac/6DOF_Servo/servo6dof/servo6dof_description/install/servo6dof_description/share/servo6dof_description/meshes/garra_elo2.stl
[0.112s] -- Up-to-date: /home/alsnac/6DOF_Servo/servo6dof/servo6dof_description/install/servo6dof_description/share/servo6dof_description/meshes/manipulator_elo3.stl
[0.112s] -- Up-to-date: /home/alsnac/6DOF_Servo/servo6dof/servo6dof_description/install/servo6dof_description/share/servo6dof_description/meshes/base_garra.stl
[0.112s] -- Up-to-date: /home/alsnac/6DOF_Servo/servo6dof/servo6dof_description/install/servo6dof_description/share/servo6dof_description/meshes/servo.stl
[0.112s] -- Up-to-date: /home/alsnac/6DOF_Servo/servo6dof/servo6dof_description/install/servo6dof_description/share/servo6dof_description/meshes/basement.stl
[0.112s] -- Up-to-date: /home/alsnac/6DOF_Servo/servo6dof/servo6dof_description/install/servo6dof_description/share/servo6dof_description/meshes/manipulator_elo1.stl
[0.112s] -- Up-to-date: /home/alsnac/6DOF_Servo/servo6dof/servo6dof_description/install/servo6dof_description/share/servo6dof_description/meshes/manipulator_elo2.stl
[0.113s] -- Up-to-date: /home/alsnac/6DOF_Servo/servo6dof/servo6dof_description/install/servo6dof_description/share/servo6dof_description/meshes/manipulator_garra_fixa.stl
[0.113s] -- Up-to-date: /home/alsnac/6DOF_Servo/servo6dof/servo6dof_description/install/servo6dof_description/share/servo6dof_description/meshes/manipulator_elo4.stl
[0.113s] -- Up-to-date: /home/alsnac/6DOF_Servo/servo6dof/servo6dof_description/install/servo6dof_description/share/servo6dof_description/meshes/garra_elo1.stl
[0.113s] -- Up-to-date: /home/alsnac/6DOF_Servo/servo6dof/servo6dof_description/install/servo6dof_description/share/servo6dof_description/urdf
[0.113s] -- Up-to-date: /home/alsnac/6DOF_Servo/servo6dof/servo6dof_description/install/servo6dof_description/share/servo6dof_description/urdf/servo6dof.urdf.xacro
[0.113s] -- Up-to-date: /home/alsnac/6DOF_Servo/servo6dof/servo6dof_description/install/servo6dof_description/share/servo6dof_description/launch
[0.113s] -- Up-to-date: /home/alsnac/6DOF_Servo/servo6dof/servo6dof_description/install/servo6dof_description/share/servo6dof_description/launch/display.launch.py
[0.113s] -- Installing: /home/alsnac/6DOF_Servo/servo6dof/servo6dof_description/install/servo6dof_description/share/servo6dof_description/rviz
[0.113s] -- Installing: /home/alsnac/6DOF_Servo/servo6dof/servo6dof_description/install/servo6dof_description/share/ament_index/resource_index/package_run_dependencies/servo6dof_description
[0.113s] -- Installing: /home/alsnac/6DOF_Servo/servo6dof/servo6dof_description/install/servo6dof_description/share/ament_index/resource_index/parent_prefix_path/servo6dof_description
[0.113s] -- Installing: /home/alsnac/6DOF_Servo/servo6dof/servo6dof_description/install/servo6dof_description/share/servo6dof_description/environment/ament_prefix_path.sh
[0.113s] -- Installing: /home/alsnac/6DOF_Servo/servo6dof/servo6dof_description/install/servo6dof_description/share/servo6dof_description/environment/ament_prefix_path.dsv
[0.114s] -- Installing: /home/alsnac/6DOF_Servo/servo6dof/servo6dof_description/install/servo6dof_description/share/servo6dof_description/environment/path.sh
[0.114s] -- Installing: /home/alsnac/6DOF_Servo/servo6dof/servo6dof_description/install/servo6dof_description/share/servo6dof_description/environment/path.dsv
[0.114s] -- Installing: /home/alsnac/6DOF_Servo/servo6dof/servo6dof_description/install/servo6dof_description/share/servo6dof_description/local_setup.bash
[0.114s] -- Installing: /home/alsnac/6DOF_Servo/servo6dof/servo6dof_description/install/servo6dof_description/share/servo6dof_description/local_setup.sh
[0.114s] -- Installing: /home/alsnac/6DOF_Servo/servo6dof/servo6dof_description/install/servo6dof_description/share/servo6dof_description/local_setup.zsh
[0.114s] -- Installing: /home/alsnac/6DOF_Servo/servo6dof/servo6dof_description/install/servo6dof_description/share/servo6dof_description/local_setup.dsv
[0.114s] -- Up-to-date: /home/alsnac/6DOF_Servo/servo6dof/servo6dof_description/install/servo6dof_description/share/servo6dof_description/package.dsv
[0.114s] -- Installing: /home/alsnac/6DOF_Servo/servo6dof/servo6dof_description/install/servo6dof_description/share/ament_index/resource_index/packages/servo6dof_description
[0.114s] -- Installing: /home/alsnac/6DOF_Servo/servo6dof/servo6dof_description/install/servo6dof_description/share/servo6dof_description/cmake/servo6dof_descriptionConfig.cmake
[0.114s] -- Installing: /home/alsnac/6DOF_Servo/servo6dof/servo6dof_description/install/servo6dof_description/share/servo6dof_description/cmake/servo6dof_descriptionConfig-version.cmake
[0.114s] -- Installing: /home/alsnac/6DOF_Servo/servo6dof/servo6dof_description/install/servo6dof_description/share/servo6dof_description/package.xml
[0.116s] Invoked command in '/home/alsnac/6DOF_Servo/servo6dof/servo6dof_description/build/servo6dof_description' returned '0': CMAKE_PREFIX_PATH=${CMAKE_PREFIX_PATH}:/home/alsnac/ws_moveit/install/moveit_configs_utils:/home/alsnac/ws_moveit/install/launch_param_builder:/opt/ros/humble /usr/bin/cmake --install /home/alsnac/6DOF_Servo/servo6dof/servo6dof_description/build/servo6dof_description
