-- Install configuration: ""
-- Up-to-date: /home/alsnac/Codes/GIT/6DOF_Servo/servo6dof/servo6dof_description/install/servo6dof_description/share/servo6dof_description/meshes
-- Up-to-date: /home/alsnac/Codes/GIT/6DOF_Servo/servo6dof/servo6dof_description/install/servo6dof_description/share/servo6dof_description/meshes/garra_pinca.stl
-- Up-to-date: /home/alsnac/Codes/GIT/6DOF_Servo/servo6dof/servo6dof_description/install/servo6dof_description/share/servo6dof_description/meshes/garra_elo2.stl
-- Up-to-date: /home/alsnac/Codes/GIT/6DOF_Servo/servo6dof/servo6dof_description/install/servo6dof_description/share/servo6dof_description/meshes/manipulator_elo3.stl
-- Up-to-date: /home/alsnac/Codes/GIT/6DOF_Servo/servo6dof/servo6dof_description/install/servo6dof_description/share/servo6dof_description/meshes/base_garra.stl
-- Up-to-date: /home/alsnac/Codes/GIT/6DOF_Servo/servo6dof/servo6dof_description/install/servo6dof_description/share/servo6dof_description/meshes/servo.stl
-- Up-to-date: /home/alsnac/Codes/GIT/6DOF_Servo/servo6dof/servo6dof_description/install/servo6dof_description/share/servo6dof_description/meshes/basement.stl
-- Up-to-date: /home/alsnac/Codes/GIT/6DOF_Servo/servo6dof/servo6dof_description/install/servo6dof_description/share/servo6dof_description/meshes/manipulator_elo1.stl
-- Up-to-date: /home/alsnac/Codes/GIT/6DOF_Servo/servo6dof/servo6dof_description/install/servo6dof_description/share/servo6dof_description/meshes/manipulator_elo2.stl
-- Up-to-date: /home/alsnac/Codes/GIT/6DOF_Servo/servo6dof/servo6dof_description/install/servo6dof_description/share/servo6dof_description/meshes/manipulator_garra_fixa.stl
-- Up-to-date: /home/alsnac/Codes/GIT/6DOF_Servo/servo6dof/servo6dof_description/install/servo6dof_description/share/servo6dof_description/meshes/manipulator_elo4.stl
-- Up-to-date: /home/alsnac/Codes/GIT/6DOF_Servo/servo6dof/servo6dof_description/install/servo6dof_description/share/servo6dof_description/meshes/garra_elo1.stl
-- Up-to-date: /home/alsnac/Codes/GIT/6DOF_Servo/servo6dof/servo6dof_description/install/servo6dof_description/share/servo6dof_description/urdf
-- Installing: /home/alsnac/Codes/GIT/6DOF_Servo/servo6dof/servo6dof_description/install/servo6dof_description/share/servo6dof_description/urdf/.servo6dof.urdf.xacro.swp
-- Up-to-date: /home/alsnac/Codes/GIT/6DOF_Servo/servo6dof/servo6dof_description/install/servo6dof_description/share/servo6dof_description/urdf/servo6dof.urdf.xacro
-- Up-to-date: /home/alsnac/Codes/GIT/6DOF_Servo/servo6dof/servo6dof_description/install/servo6dof_description/share/servo6dof_description/urdf/servo6dof.urdf
-- Up-to-date: /home/alsnac/Codes/GIT/6DOF_Servo/servo6dof/servo6dof_description/install/servo6dof_description/share/servo6dof_description/launch
-- Up-to-date: /home/alsnac/Codes/GIT/6DOF_Servo/servo6dof/servo6dof_description/install/servo6dof_description/share/servo6dof_description/launch/display.launch.py
-- Up-to-date: /home/alsnac/Codes/GIT/6DOF_Servo/servo6dof/servo6dof_description/install/servo6dof_description/share/servo6dof_description/launch/gazebo.launch.py
-- Up-to-date: /home/alsnac/Codes/GIT/6DOF_Servo/servo6dof/servo6dof_description/install/servo6dof_description/share/servo6dof_description/rviz
-- Up-to-date: /home/alsnac/Codes/GIT/6DOF_Servo/servo6dof/servo6dof_description/install/servo6dof_description/share/servo6dof_description/rviz/display.rviz
-- Up-to-date: /home/alsnac/Codes/GIT/6DOF_Servo/servo6dof/servo6dof_description/install/servo6dof_description/share/servo6dof_description/models
-- Up-to-date: /home/alsnac/Codes/GIT/6DOF_Servo/servo6dof/servo6dof_description/install/servo6dof_description/share/servo6dof_description/models/sun
-- Up-to-date: /home/alsnac/Codes/GIT/6DOF_Servo/servo6dof/servo6dof_description/install/servo6dof_description/share/servo6dof_description/models/sun/model-1_3.sdf
-- Up-to-date: /home/alsnac/Codes/GIT/6DOF_Servo/servo6dof/servo6dof_description/install/servo6dof_description/share/servo6dof_description/models/sun/model.sdf
-- Up-to-date: /home/alsnac/Codes/GIT/6DOF_Servo/servo6dof/servo6dof_description/install/servo6dof_description/share/servo6dof_description/models/sun/model-1_4.sdf
-- Up-to-date: /home/alsnac/Codes/GIT/6DOF_Servo/servo6dof/servo6dof_description/install/servo6dof_description/share/servo6dof_description/models/sun/model.config
-- Up-to-date: /home/alsnac/Codes/GIT/6DOF_Servo/servo6dof/servo6dof_description/install/servo6dof_description/share/servo6dof_description/models/sun/model-1_2.sdf
-- Up-to-date: /home/alsnac/Codes/GIT/6DOF_Servo/servo6dof/servo6dof_description/install/servo6dof_description/share/servo6dof_description/models/ground_plane
-- Up-to-date: /home/alsnac/Codes/GIT/6DOF_Servo/servo6dof/servo6dof_description/install/servo6dof_description/share/servo6dof_description/models/ground_plane/model-1_3.sdf
-- Up-to-date: /home/alsnac/Codes/GIT/6DOF_Servo/servo6dof/servo6dof_description/install/servo6dof_description/share/servo6dof_description/models/ground_plane/model.sdf
-- Up-to-date: /home/alsnac/Codes/GIT/6DOF_Servo/servo6dof/servo6dof_description/install/servo6dof_description/share/servo6dof_description/models/ground_plane/model-1_4.sdf
-- Up-to-date: /home/alsnac/Codes/GIT/6DOF_Servo/servo6dof/servo6dof_description/install/servo6dof_description/share/servo6dof_description/models/ground_plane/model.config
-- Up-to-date: /home/alsnac/Codes/GIT/6DOF_Servo/servo6dof/servo6dof_description/install/servo6dof_description/share/servo6dof_description/models/ground_plane/model-1_2.sdf
-- Up-to-date: /home/alsnac/Codes/GIT/6DOF_Servo/servo6dof/servo6dof_description/install/servo6dof_description/share/ament_index/resource_index/package_run_dependencies/servo6dof_description
-- Up-to-date: /home/alsnac/Codes/GIT/6DOF_Servo/servo6dof/servo6dof_description/install/servo6dof_description/share/ament_index/resource_index/parent_prefix_path/servo6dof_description
-- Up-to-date: /home/alsnac/Codes/GIT/6DOF_Servo/servo6dof/servo6dof_description/install/servo6dof_description/share/servo6dof_description/environment/ament_prefix_path.sh
-- Up-to-date: /home/alsnac/Codes/GIT/6DOF_Servo/servo6dof/servo6dof_description/install/servo6dof_description/share/servo6dof_description/environment/ament_prefix_path.dsv
-- Up-to-date: /home/alsnac/Codes/GIT/6DOF_Servo/servo6dof/servo6dof_description/install/servo6dof_description/share/servo6dof_description/environment/path.sh
-- Up-to-date: /home/alsnac/Codes/GIT/6DOF_Servo/servo6dof/servo6dof_description/install/servo6dof_description/share/servo6dof_description/environment/path.dsv
-- Up-to-date: /home/alsnac/Codes/GIT/6DOF_Servo/servo6dof/servo6dof_description/install/servo6dof_description/share/servo6dof_description/local_setup.bash
-- Up-to-date: /home/alsnac/Codes/GIT/6DOF_Servo/servo6dof/servo6dof_description/install/servo6dof_description/share/servo6dof_description/local_setup.sh
-- Up-to-date: /home/alsnac/Codes/GIT/6DOF_Servo/servo6dof/servo6dof_description/install/servo6dof_description/share/servo6dof_description/local_setup.zsh
-- Up-to-date: /home/alsnac/Codes/GIT/6DOF_Servo/servo6dof/servo6dof_description/install/servo6dof_description/share/servo6dof_description/local_setup.dsv
-- Installing: /home/alsnac/Codes/GIT/6DOF_Servo/servo6dof/servo6dof_description/install/servo6dof_description/share/servo6dof_description/package.dsv
-- Up-to-date: /home/alsnac/Codes/GIT/6DOF_Servo/servo6dof/servo6dof_description/install/servo6dof_description/share/ament_index/resource_index/packages/servo6dof_description
-- Up-to-date: /home/alsnac/Codes/GIT/6DOF_Servo/servo6dof/servo6dof_description/install/servo6dof_description/share/servo6dof_description/cmake/servo6dof_descriptionConfig.cmake
-- Up-to-date: /home/alsnac/Codes/GIT/6DOF_Servo/servo6dof/servo6dof_description/install/servo6dof_description/share/servo6dof_description/cmake/servo6dof_descriptionConfig-version.cmake
-- Up-to-date: /home/alsnac/Codes/GIT/6DOF_Servo/servo6dof/servo6dof_description/install/servo6dof_description/share/servo6dof_description/package.xml
